Archive member included to satisfy reference by file (symbol)

platform/libplatform_s.a(system_nrf5340_application.o)
                              secure_fw/CMakeFiles/tfm_s.dir/__/platform/ext/target/nordic_nrf/common/core/startup.o (SystemInit)
platform/libplatform_s.a(exception_info.o)
                              secure_fw/CMakeFiles/tfm_s.dir/__/platform/ext/target/nordic_nrf/common/core/startup_nrf5340.o (store_and_dump_context)
platform/libplatform_s.a(tfm_hal_spm_logdev_peripheral.o)
                              platform/libplatform_s.a(exception_info.o) (tfm_hal_output_spm_log)
platform/libplatform_s.a(uart_stdout.o)
                              platform/libplatform_s.a(tfm_hal_spm_logdev_peripheral.o) (stdio_output_string)
platform/libplatform_s.a(Driver_USART.o)
                              platform/libplatform_s.a(uart_stdout.o) (Driver_USART1)
platform/libplatform_s.a(nrfx_uarte.o)
                              platform/libplatform_s.a(Driver_USART.o) (nrfx_uarte_init)
platform/libplatform_s.a(nrfx_glue.o)
                              platform/libplatform_s.a(nrfx_uarte.o) (nrfx_critical_section_enter)
secure_fw/partitions/lib/runtime/libtfm_sprt.a(crt_memmove.o)
                              platform/libplatform_s.a(nrfx_uarte.o) (memmove)
secure_fw/partitions/lib/runtime/libtfm_sprt.a(crt_memcpy.o)
                              platform/libplatform_s.a(exception_info.o) (memcpy)
secure_fw/partitions/lib/runtime/libtfm_sprt.a(crt_memset.o)
                              c:/ncs/toolchains/b620d30767/opt/zephyr-sdk/arm-zephyr-eabi/bin/../lib/gcc/arm-zephyr-eabi/12.2.0/../../../../arm-zephyr-eabi/lib/thumb/v8-m.main/nofp/crt0.o (memset)
secure_fw/partitions/lib/runtime/libtfm_sprt.a(psa_api_ipc.o)
                              secure_fw/CMakeFiles/tfm_s.dir/partitions/ns_agent_tz/psa_api_veneers_v80m.o (psa_framework_version)
secure_fw/partitions/lib/runtime/libtfm_sprt.a(sprt_partition_metadata_indicator.o)
                              secure_fw/partitions/lib/runtime/libtfm_sprt.a(psa_api_ipc.o) (p_partition_metadata)
secure_fw/spm/libtfm_spm.a(utilities.o)
                              secure_fw/CMakeFiles/tfm_s.dir/__/platform/ext/target/nordic_nrf/common/core/startup.o (tfm_core_panic)
secure_fw/spm/libtfm_spm.a(spm_log.o)
                              platform/libplatform_s.a(exception_info.o) (spm_log_msgval)
secure_fw/spm/libtfm_spm.a(main.o)
                              c:/ncs/toolchains/b620d30767/opt/zephyr-sdk/arm-zephyr-eabi/bin/../lib/gcc/arm-zephyr-eabi/12.2.0/../../../../arm-zephyr-eabi/lib/thumb/v8-m.main/nofp/crt0.o (main)
secure_fw/spm/libtfm_spm.a(tfm_arch_v8m_main.o)
                              secure_fw/spm/libtfm_spm.a(main.o) (tfm_arch_set_secure_exception_priorities)
secure_fw/spm/libtfm_spm.a(ns_agent_tz_v80m.o)
                              secure_fw/CMakeFiles/tfm_s.dir/partitions/ns_agent_tz/load_info_ns_agent_tz.o (ns_agent_tz_main)
secure_fw/spm/libtfm_spm.a(tfm_hal_isolation.o)
                              secure_fw/spm/libtfm_spm.a(main.o) (tfm_hal_set_up_static_boundaries)
secure_fw/spm/libtfm_spm.a(faults.o)
                              secure_fw/CMakeFiles/tfm_s.dir/__/platform/ext/target/nordic_nrf/common/core/startup_nrf5340.o (SPU_IRQHandler)
secure_fw/spm/libtfm_spm.a(target_cfg.o)
                              secure_fw/spm/libtfm_spm.a(tfm_hal_isolation.o) (sau_and_idau_cfg)
secure_fw/spm/libtfm_spm.a(tfm_boot_data.o)
                              secure_fw/spm/libtfm_spm.a(main.o) (tfm_core_validate_boot_data)
secure_fw/spm/libtfm_spm.a(spm_ipc.o)
                              secure_fw/spm/libtfm_spm.a(tfm_boot_data.o) (tfm_spm_partition_get_running_partition_id)
secure_fw/spm/libtfm_spm.a(rom_loader.o)
                              secure_fw/spm/libtfm_spm.a(spm_ipc.o) (load_a_partition_assuredly)
secure_fw/spm/libtfm_spm.a(backend_ipc.o)
                              secure_fw/spm/libtfm_spm.a(spm_ipc.o) (backend_init_comp_assuredly)
secure_fw/spm/libtfm_spm.a(tfm_svcalls.o)
                              secure_fw/spm/libtfm_spm.a(tfm_arch_v8m_main.o) (spm_svc_handler)
secure_fw/spm/libtfm_spm.a(thread.o)
                              secure_fw/spm/libtfm_spm.a(backend_ipc.o) (thrd_set_query_callback)
secure_fw/spm/libtfm_spm.a(tfm_spm_ns_ctx.o)
                              secure_fw/spm/libtfm_spm.a(backend_ipc.o) (tz_ns_agent_register_client_id_range)
secure_fw/spm/libtfm_spm.a(spm_connection_pool.o)
                              secure_fw/spm/libtfm_spm.a(spm_ipc.o) (connection_to_handle)
secure_fw/spm/libtfm_spm.a(tfm_hal_platform_common.o)
                              secure_fw/spm/libtfm_spm.a(tfm_spm_ns_ctx.o) (tfm_hal_get_ns_VTOR)
secure_fw/spm/libtfm_spm.a(tfm_arch.o)
                              secure_fw/spm/libtfm_spm.a(tfm_svcalls.o) (tfm_arch_free_msp_and_exc_ret)
secure_fw/spm/libtfm_spm.a(psa_api.o)
                              secure_fw/spm/libtfm_spm.a(backend_ipc.o) (spm_handle_programmer_errors)
[...]
Memory Configuration

Name             Origin             Length             Attributes
FLASH            0x0000000000000000 0x0000000000040000 xr
RAM              0x0000000020000000 0x0000000000030000 rw
*default*        0x0000000000000000 0xffffffffffffffff

Linker script and memory map

LOAD c:/ncs/toolchains/b620d30767/opt/zephyr-sdk/arm-zephyr-eabi/bin/../lib/gcc/arm-zephyr-eabi/12.2.0/thumb/v8-m.main/nofp/crti.o
LOAD c:/ncs/toolchains/b620d30767/opt/zephyr-sdk/arm-zephyr-eabi/bin/../lib/gcc/arm-zephyr-eabi/12.2.0/thumb/v8-m.main/nofp/crtbegin.o
LOAD c:/ncs/toolchains/b620d30767/opt/zephyr-sdk/arm-zephyr-eabi/bin/../lib/gcc/arm-zephyr-eabi/12.2.0/../../../../arm-zephyr-eabi/lib/thumb/v8-m.main/nofp/crt0.o
LOAD secure_fw/CMakeFiles/tfm_s.dir/partitions/ns_agent_tz/psa_api_veneers_v80m.o
LOAD secure_fw/CMakeFiles/tfm_s.dir/__/platform/ext/target/nordic_nrf/common/core/startup.o
LOAD secure_fw/CMakeFiles/tfm_s.dir/__/platform/ext/target/nordic_nrf/common/core/startup_nrf5340.o
LOAD secure_fw/CMakeFiles/tfm_s.dir/__/platform/ext/common/faults.o
LOAD secure_fw/CMakeFiles/tfm_s.dir/__/generated/secure_fw/partitions/crypto/auto_generated/load_info_tfm_crypto.o
LOAD secure_fw/CMakeFiles/tfm_s.dir/__/generated/secure_fw/partitions/protected_storage/auto_generated/load_info_tfm_protected_storage.o
LOAD secure_fw/CMakeFiles/tfm_s.dir/__/generated/secure_fw/partitions/internal_trusted_storage/auto_generated/load_info_tfm_internal_trusted_storage.o
LOAD secure_fw/CMakeFiles/tfm_s.dir/__/generated/secure_fw/partitions/platform/auto_generated/load_info_tfm_platform.o
LOAD secure_fw/CMakeFiles/tfm_s.dir/partitions/ns_agent_tz/load_info_ns_agent_tz.o
LOAD secure_fw/CMakeFiles/tfm_s.dir/__/platform/ext/common/syscalls_stub.o
LOAD platform/libplatform_s.a
LOAD secure_fw/partitions/lib/runtime/libtfm_sprt.a
LOAD secure_fw/spm/libtfm_spm.a
LOAD secure_fw/partitions/crypto/libtfm_psa_rot_partition_crypto.a
LOAD platform/libplatform_crypto_keys.a
LOAD secure_fw/partitions/crypto/mbedcrypto/nrf_security_src/libcrypto_service_mbedcrypto.a
LOAD secure_fw/partitions/protected_storage/libtfm_app_rot_partition_ps.a
LOAD secure_fw/partitions/internal_trusted_storage/libtfm_psa_rot_partition_its.a
LOAD secure_fw/partitions/platform/libtfm_psa_rot_partition_platform.a
LOAD secure_fw/partitions/lib/runtime/libtfm_sp_log.a
LOAD secure_fw/partitions/crypto/mbedcrypto/nrf_security_src/libmbedcrypto_base.a
LOAD secure_fw/partitions/crypto/mbedcrypto/nrf_security_src/core/nrf_oberon/liboberon_psa_core.a
LOAD secure_fw/partitions/crypto/mbedcrypto/nrf_security_src/libnrf_security_utils.a
LOAD secure_fw/partitions/crypto/mbedcrypto/nrf_security_src/drivers/nrf_oberon/liboberon_psa_driver.a
LOAD C:/ncs/v3.0.0/nrfxlib/crypto/nrf_oberon/lib/cortex-m33/soft-float/liboberon_mbedtls_3.0.16.a
LOAD platform/libplatform_s.a
LOAD secure_fw/partitions/lib/runtime/libtfm_sprt.a
LOAD secure_fw/spm/libtfm_spm.a
LOAD secure_fw/partitions/crypto/libtfm_psa_rot_partition_crypto.a
LOAD platform/libplatform_crypto_keys.a
LOAD secure_fw/partitions/crypto/mbedcrypto/nrf_security_src/libcrypto_service_mbedcrypto.a
LOAD secure_fw/partitions/protected_storage/libtfm_app_rot_partition_ps.a
LOAD secure_fw/partitions/internal_trusted_storage/libtfm_psa_rot_partition_its.a
LOAD secure_fw/partitions/platform/libtfm_psa_rot_partition_platform.a
LOAD secure_fw/partitions/lib/runtime/libtfm_sp_log.a
LOAD secure_fw/partitions/crypto/mbedcrypto/nrf_security_src/libmbedcrypto_base.a
LOAD secure_fw/partitions/crypto/mbedcrypto/nrf_security_src/core/nrf_oberon/liboberon_psa_core.a
LOAD secure_fw/partitions/crypto/mbedcrypto/nrf_security_src/libnrf_security_utils.a
LOAD secure_fw/partitions/crypto/mbedcrypto/nrf_security_src/drivers/nrf_oberon/liboberon_psa_driver.a
LOAD C:/ncs/v3.0.0/nrfxlib/crypto/nrf_oberon/lib/cortex-m33/soft-float/liboberon_mbedtls_3.0.16.a
LOAD platform/libplatform_s.a
LOAD secure_fw/partitions/lib/runtime/libtfm_sprt.a
LOAD secure_fw/spm/libtfm_spm.a
LOAD secure_fw/partitions/crypto/libtfm_psa_rot_partition_crypto.a
LOAD platform/libplatform_crypto_keys.a
LOAD secure_fw/partitions/crypto/mbedcrypto/nrf_security_src/libcrypto_service_mbedcrypto.a
LOAD secure_fw/partitions/protected_storage/libtfm_app_rot_partition_ps.a
LOAD secure_fw/partitions/internal_trusted_storage/libtfm_psa_rot_partition_its.a
LOAD secure_fw/partitions/platform/libtfm_psa_rot_partition_platform.a
LOAD secure_fw/partitions/lib/runtime/libtfm_sp_log.a
LOAD secure_fw/partitions/crypto/mbedcrypto/nrf_security_src/libmbedcrypto_base.a
LOAD secure_fw/partitions/crypto/mbedcrypto/nrf_security_src/core/nrf_oberon/liboberon_psa_core.a
LOAD secure_fw/partitions/crypto/mbedcrypto/nrf_security_src/libnrf_security_utils.a
LOAD secure_fw/partitions/crypto/mbedcrypto/nrf_security_src/drivers/nrf_oberon/liboberon_psa_driver.a
LOAD C:/ncs/v3.0.0/nrfxlib/crypto/nrf_oberon/lib/cortex-m33/soft-float/liboberon_mbedtls_3.0.16.a
LOAD C:/ncs/v3.0.0/nrfxlib/crypto/nrf_cc312_platform/lib/cortex-m33/soft-float/no-interrupts/libnrf_cc312_platform_0.9.19.a
LOAD c:/ncs/toolchains/b620d30767/opt/zephyr-sdk/arm-zephyr-eabi/bin/../lib/gcc/arm-zephyr-eabi/12.2.0/../../../../arm-zephyr-eabi/lib/thumb/v8-m.main/nofp\libc_nano.a
LOAD C:/ncs/v3.0.0/nrfxlib/crypto/nrf_oberon/lib/cortex-m33/soft-float/liboberon_3.0.16.a
START GROUP
LOAD c:/ncs/toolchains/b620d30767/opt/zephyr-sdk/arm-zephyr-eabi/bin/../lib/gcc/arm-zephyr-eabi/12.2.0/thumb/v8-m.main/nofp\libgcc.a
LOAD c:/ncs/toolchains/b620d30767/opt/zephyr-sdk/arm-zephyr-eabi/bin/../lib/gcc/arm-zephyr-eabi/12.2.0/../../../../arm-zephyr-eabi/lib/thumb/v8-m.main/nofp\libc_nano.a
END GROUP
START GROUP
LOAD c:/ncs/toolchains/b620d30767/opt/zephyr-sdk/arm-zephyr-eabi/bin/../lib/gcc/arm-zephyr-eabi/12.2.0/thumb/v8-m.main/nofp\libgcc.a
LOAD c:/ncs/toolchains/b620d30767/opt/zephyr-sdk/arm-zephyr-eabi/bin/../lib/gcc/arm-zephyr-eabi/12.2.0/../../../../arm-zephyr-eabi/lib/thumb/v8-m.main/nofp\libc_nano.a
LOAD c:/ncs/toolchains/b620d30767/opt/zephyr-sdk/arm-zephyr-eabi/bin/../lib/gcc/arm-zephyr-eabi/12.2.0/../../../../arm-zephyr-eabi/lib/thumb/v8-m.main/nofp\libnosys.a
END GROUP
START GROUP
LOAD c:/ncs/toolchains/b620d30767/opt/zephyr-sdk/arm-zephyr-eabi/bin/../lib/gcc/arm-zephyr-eabi/12.2.0/thumb/v8-m.main/nofp\libgcc.a
LOAD c:/ncs/toolchains/b620d30767/opt/zephyr-sdk/arm-zephyr-eabi/bin/../lib/gcc/arm-zephyr-eabi/12.2.0/../../../../arm-zephyr-eabi/lib/thumb/v8-m.main/nofp\libc_nano.a
LOAD c:/ncs/toolchains/b620d30767/opt/zephyr-sdk/arm-zephyr-eabi/bin/../lib/gcc/arm-zephyr-eabi/12.2.0/../../../../arm-zephyr-eabi/lib/thumb/v8-m.main/nofp\libnosys.a
END GROUP
LOAD c:/ncs/toolchains/b620d30767/opt/zephyr-sdk/arm-zephyr-eabi/bin/../lib/gcc/arm-zephyr-eabi/12.2.0/thumb/v8-m.main/nofp/crtend.o
LOAD c:/ncs/toolchains/b620d30767/opt/zephyr-sdk/arm-zephyr-eabi/bin/../lib/gcc/arm-zephyr-eabi/12.2.0/thumb/v8-m.main/nofp/crtn.o
                0x0000000000000800                __msp_stack_size__ = 0x800
                0x0000000000000000                Image$$PT_RO_START$$Base = ADDR (.TFM_VECTORS)

.TFM_VECTORS    0x0000000000000000      0x154
                0x0000000000000000                __vectors_start__ = .
 *(.vectors)
 .vectors       0x0000000000000000      0x154 secure_fw/CMakeFiles/tfm_s.dir/__/platform/ext/target/nordic_nrf/common/core/startup_nrf5340.o
                0x0000000000000000                __Vectors
                0x0000000000000154                . = ALIGN (0x4)
                0x0000000000000154                __vectors_end__ = .
                0x0000000000000001                ASSERT ((__vectors_start__ != __vectors_end__), .vectors should not be empty)
                0x0000000000000001                ASSERT ((. <= (ADDR (.TFM_VECTORS) + 0x154)), .TFM_VECTORS section size overflow.)
                0x0000000000000154                . = (ADDR (.TFM_VECTORS) + 0x154)

.TFM_SP_LOAD_LIST
                0x0000000000000154      0x188
 *(.part_load_priority_00)
 .part_load_priority_00
                0x0000000000000154       0x38 secure_fw/CMakeFiles/tfm_s.dir/partitions/ns_agent_tz/load_info_ns_agent_tz.o
                0x0000000000000154                tfm_sp_ns_agent_tz_load
 *(.part_load_priority_01)
 *(.part_load_priority_02)
 .part_load_priority_02
                0x000000000000018c       0x54 secure_fw/CMakeFiles/tfm_s.dir/__/generated/secure_fw/partitions/crypto/auto_generated/load_info_tfm_crypto.o
                0x000000000000018c                tfm_sp_crypto_load
 .part_load_priority_02
                0x00000000000001e0       0x5c secure_fw/CMakeFiles/tfm_s.dir/__/generated/secure_fw/partitions/protected_storage/auto_generated/load_info_tfm_protected_storage.o
                0x00000000000001e0                tfm_sp_ps_load
 .part_load_priority_02
                0x000000000000023c       0x50 secure_fw/CMakeFiles/tfm_s.dir/__/generated/secure_fw/partitions/internal_trusted_storage/auto_generated/load_info_tfm_internal_trusted_storage.o
                0x000000000000023c                tfm_sp_its_load
 .part_load_priority_02
                0x000000000000028c       0x50 secure_fw/CMakeFiles/tfm_s.dir/__/generated/secure_fw/partitions/platform/auto_generated/load_info_tfm_platform.o
                0x000000000000028c                tfm_sp_platform_load
 *(.part_load_priority_03)
                0x0000000000000154                Image$$TFM_SP_LOAD_LIST$$RO$$Base = ADDR (.TFM_SP_LOAD_LIST)
                0x00000000000002dc                Image$$TFM_SP_LOAD_LIST$$RO$$Limit = (ADDR (.TFM_SP_LOAD_LIST) + SIZEOF (.TFM_SP_LOAD_LIST))
                0x00000000000002e0                . = ALIGN (0x20)
                0x00000000000002e0                Image$$TFM_PSA_CODE_START$$Base = .

.TFM_PSA_ROT_LINKER
                0x00000000000002e0     0x2920
 *tfm_psa_rot_partition*:(SORT_BY_ALIGNMENT(.text*))
 .text.tfm_crypto_clear_scratch
                0x00000000000002e0       0x24 secure_fw/partitions/crypto/libtfm_psa_rot_partition_crypto.a(crypto_init.o)
 .text.tfm_crypto_get_caller_id
                0x0000000000000304       0x10 secure_fw/partitions/crypto/libtfm_psa_rot_partition_crypto.a(crypto_init.o)
                0x0000000000000304                tfm_crypto_get_caller_id
 .text.tfm_crypto_api_dispatcher
                0x0000000000000314       0xbc secure_fw/partitions/crypto/libtfm_psa_rot_partition_crypto.a(crypto_init.o)
                0x0000000000000314                tfm_crypto_api_dispatcher
 .text.tfm_crypto_sfn
                0x00000000000003d0      0x188 secure_fw/partitions/crypto/libtfm_psa_rot_partition_crypto.a(crypto_init.o)
                0x00000000000003d0                tfm_crypto_sfn
 .text.tfm_crypto_init_alloc
                0x0000000000000558       0x18 secure_fw/partitions/crypto/libtfm_psa_rot_partition_crypto.a(crypto_alloc.o)
                0x0000000000000558                tfm_crypto_init_alloc
 .text.tfm_crypto_operation_alloc
                0x0000000000000570       0x68 secure_fw/partitions/crypto/libtfm_psa_rot_partition_crypto.a(crypto_alloc.o)
                0x0000000000000570                tfm_crypto_operation_alloc
 .text.tfm_crypto_operation_release
                0x00000000000005d8       0x5c secure_fw/partitions/crypto/libtfm_psa_rot_partition_crypto.a(crypto_alloc.o)
                0x00000000000005d8                tfm_crypto_operation_release
 .text.tfm_crypto_operation_lookup
                0x0000000000000634       0x58 secure_fw/partitions/crypto/libtfm_psa_rot_partition_crypto.a(crypto_alloc.o)
                0x0000000000000634                tfm_crypto_operation_lookup
 .text.tfm_crypto_library_get_info
                0x000000000000068c       0x1c secure_fw/partitions/crypto/libtfm_psa_rot_partition_crypto.a(crypto_library.o)
                0x000000000000068c                tfm_crypto_library_get_info
 .text.tfm_crypto_core_library_init
                0x00000000000006a8       0x20 secure_fw/partitions/crypto/libtfm_psa_rot_partition_crypto.a(crypto_library.o)
                0x00000000000006a8                tfm_crypto_core_library_init
 .text.tfm_internal_trusted_storage_service_sfn
                0x00000000000006c8      0x118 secure_fw/partitions/internal_trusted_storage/libtfm_psa_rot_partition_its.a(tfm_its_req_mngr.o)
                0x00000000000006c8                tfm_internal_trusted_storage_service_sfn
 .text.its_req_mngr_read
                0x00000000000007e0       0x14 secure_fw/partitions/internal_trusted_storage/libtfm_psa_rot_partition_its.a(tfm_its_req_mngr.o)
                0x00000000000007e0                its_req_mngr_read
 .text.its_req_mngr_write
                0x00000000000007f4       0x14 secure_fw/partitions/internal_trusted_storage/libtfm_psa_rot_partition_its.a(tfm_its_req_mngr.o)
                0x00000000000007f4                its_req_mngr_write
 .text.get_file_info
                0x0000000000000808       0x60 secure_fw/partitions/internal_trusted_storage/libtfm_psa_rot_partition_its.a(tfm_internal_trusted_storage.o)
 .text.tfm_its_init
                0x0000000000000868      0x104 secure_fw/partitions/internal_trusted_storage/libtfm_psa_rot_partition_its.a(tfm_internal_trusted_storage.o)
                0x0000000000000868                tfm_its_init
 .text.tfm_its_set
                0x000000000000096c       0xb8 secure_fw/partitions/internal_trusted_storage/libtfm_psa_rot_partition_its.a(tfm_internal_trusted_storage.o)
                0x000000000000096c                tfm_its_set
 .text.tfm_its_get
                0x0000000000000a24       0xa4 secure_fw/partitions/internal_trusted_storage/libtfm_psa_rot_partition_its.a(tfm_internal_trusted_storage.o)
                0x0000000000000a24                tfm_its_get
 .text.tfm_its_get_info
                0x0000000000000ac8       0x24 secure_fw/partitions/internal_trusted_storage/libtfm_psa_rot_partition_its.a(tfm_internal_trusted_storage.o)
                0x0000000000000ac8                tfm_its_get_info
 .text.tfm_its_remove
                0x0000000000000aec       0x44 secure_fw/partitions/internal_trusted_storage/libtfm_psa_rot_partition_its.a(tfm_internal_trusted_storage.o)
                0x0000000000000aec                tfm_its_remove
 .text.its_flash_nor_write
                0x0000000000000b30       0x44 secure_fw/partitions/internal_trusted_storage/libtfm_psa_rot_partition_its.a(its_flash_nor.o)
 .text.its_flash_nor_read
                0x0000000000000b74       0xc8 secure_fw/partitions/internal_trusted_storage/libtfm_psa_rot_partition_its.a(its_flash_nor.o)
 .text.derive_subkey_into_buffer
                0x0000000000000c3c      0x110 secure_fw/partitions/crypto/libtfm_psa_rot_partition_crypto.a(tfm_builtin_key_loader.o)
 .text.tfm_builtin_key_loader_init
                0x0000000000000d4c       0xe0 secure_fw/partitions/crypto/libtfm_psa_rot_partition_crypto.a(tfm_builtin_key_loader.o)
                0x0000000000000d4c                tfm_builtin_key_loader_init
 .text.tfm_builtin_key_loader_get_key_buffer_size
                0x0000000000000e2c       0x5c secure_fw/partitions/crypto/libtfm_psa_rot_partition_crypto.a(tfm_builtin_key_loader.o)
                0x0000000000000e2c                tfm_builtin_key_loader_get_key_buffer_size
 .text.tfm_builtin_key_loader_get_builtin_key
                0x0000000000000e88      0x11c secure_fw/partitions/crypto/libtfm_psa_rot_partition_crypto.a(tfm_builtin_key_loader.o)
                0x0000000000000e88                tfm_builtin_key_loader_get_builtin_key
 .text.tfm_crypto_init
                0x0000000000000fa4       0x1c secure_fw/partitions/crypto/libtfm_psa_rot_partition_crypto.a(crypto_init.o)
                0x0000000000000fa4                tfm_crypto_init
 .text.tfm_crypto_cipher_interface
                0x0000000000000fc0      0x1a8 secure_fw/partitions/crypto/libtfm_psa_rot_partition_crypto.a(crypto_cipher.o)
                0x0000000000000fc0                tfm_crypto_cipher_interface
 .text.tfm_crypto_hash_interface
                0x0000000000001168      0x182 secure_fw/partitions/crypto/libtfm_psa_rot_partition_crypto.a(crypto_hash.o)
                0x0000000000001168                tfm_crypto_hash_interface
 .text.tfm_crypto_mac_interface
                0x00000000000012ea      0x178 secure_fw/partitions/crypto/libtfm_psa_rot_partition_crypto.a(crypto_mac.o)
                0x00000000000012ea                tfm_crypto_mac_interface
 .text.tfm_crypto_aead_interface
                0x0000000000001462      0x210 secure_fw/partitions/crypto/libtfm_psa_rot_partition_crypto.a(crypto_aead.o)
                0x0000000000001462                tfm_crypto_aead_interface
 .text.tfm_crypto_asymmetric_sign_interface
                0x0000000000001672       0xaa secure_fw/partitions/crypto/libtfm_psa_rot_partition_crypto.a(crypto_asymmetric.o)
                0x0000000000001672                tfm_crypto_asymmetric_sign_interface
 .text.tfm_crypto_asymmetric_encrypt_interface
                0x000000000000171c        0x6 secure_fw/partitions/crypto/libtfm_psa_rot_partition_crypto.a(crypto_asymmetric.o)
                0x000000000000171c                tfm_crypto_asymmetric_encrypt_interface
 .text.tfm_crypto_key_derivation_interface
                0x0000000000001722      0x188 secure_fw/partitions/crypto/libtfm_psa_rot_partition_crypto.a(crypto_key_derivation.o)
                0x0000000000001722                tfm_crypto_key_derivation_interface
 .text.tfm_crypto_key_management_interface
                0x00000000000018aa      0x176 secure_fw/partitions/crypto/libtfm_psa_rot_partition_crypto.a(crypto_key_management.o)
                0x00000000000018aa                tfm_crypto_key_management_interface
 .text.tfm_crypto_random_interface
                0x0000000000001a20        0x8 secure_fw/partitions/crypto/libtfm_psa_rot_partition_crypto.a(crypto_rng.o)
                0x0000000000001a20                tfm_crypto_random_interface
 .text.tfm_crypto_library_key_id_init
                0x0000000000001a28        0x6 secure_fw/partitions/crypto/libtfm_psa_rot_partition_crypto.a(crypto_library.o)
                0x0000000000001a28                tfm_crypto_library_key_id_init
 .text.tfm_crypto_library_get_library_key_id_set_owner
                0x0000000000001a2e        0x4 secure_fw/partitions/crypto/libtfm_psa_rot_partition_crypto.a(crypto_library.o)
                0x0000000000001a2e                tfm_crypto_library_get_library_key_id_set_owner
 .text.mbedtls_psa_platform_get_builtin_key
                0x0000000000001a32       0x4a secure_fw/partitions/crypto/libtfm_psa_rot_partition_crypto.a(crypto_library.o)
                0x0000000000001a32                mbedtls_psa_platform_get_builtin_key
 .text.tfm_crypto_pake_interface
                0x0000000000001a7c        0x6 secure_fw/partitions/crypto/libtfm_psa_rot_partition_crypto.a(crypto_pake.o)
                0x0000000000001a7c                tfm_crypto_pake_interface
 .text.tfm_its_entry
                0x0000000000001a82        0x4 secure_fw/partitions/internal_trusted_storage/libtfm_psa_rot_partition_its.a(tfm_its_req_mngr.o)
                0x0000000000001a82                tfm_its_entry
 .text.its_flash_nor_init
                0x0000000000001a86       0x14 secure_fw/partitions/internal_trusted_storage/libtfm_psa_rot_partition_its.a(its_flash_nor.o)
 .text.its_flash_nor_flush
                0x0000000000001a9a        0x4 secure_fw/partitions/internal_trusted_storage/libtfm_psa_rot_partition_its.a(its_flash_nor.o)
 .text.its_flash_nor_erase
                0x0000000000001a9e       0x2e secure_fw/partitions/internal_trusted_storage/libtfm_psa_rot_partition_its.a(its_flash_nor.o)
 .text.its_flash_fs_delete_idx
                0x0000000000001acc       0xe6 secure_fw/partitions/internal_trusted_storage/libtfm_psa_rot_partition_its.a(its_flash_fs.o)
 .text.its_flash_fs_init_ctx
                0x0000000000001bb2       0x62 secure_fw/partitions/internal_trusted_storage/libtfm_psa_rot_partition_its.a(its_flash_fs.o)
                0x0000000000001bb2                its_flash_fs_init_ctx
 .text.its_flash_fs_prepare
                0x0000000000001c14       0x34 secure_fw/partitions/internal_trusted_storage/libtfm_psa_rot_partition_its.a(its_flash_fs.o)
                0x0000000000001c14                its_flash_fs_prepare
 .text.its_flash_fs_wipe_all
                0x0000000000001c48        0x4 secure_fw/partitions/internal_trusted_storage/libtfm_psa_rot_partition_its.a(its_flash_fs.o)
                0x0000000000001c48                its_flash_fs_wipe_all
 .text.its_flash_fs_file_get_info
                0x0000000000001c4c       0x28 secure_fw/partitions/internal_trusted_storage/libtfm_psa_rot_partition_its.a(its_flash_fs.o)
                0x0000000000001c4c                its_flash_fs_file_get_info
 .text.its_flash_fs_file_write
                0x0000000000001c74      0x1f2 secure_fw/partitions/internal_trusted_storage/libtfm_psa_rot_partition_its.a(its_flash_fs.o)
                0x0000000000001c74                its_flash_fs_file_write
 .text.its_flash_fs_file_delete
                0x0000000000001e66       0x20 secure_fw/partitions/internal_trusted_storage/libtfm_psa_rot_partition_its.a(its_flash_fs.o)
                0x0000000000001e66                its_flash_fs_file_delete
 .text.its_flash_fs_file_read
                0x0000000000001e86       0x42 secure_fw/partitions/internal_trusted_storage/libtfm_psa_rot_partition_its.a(its_flash_fs.o)
                0x0000000000001e86                its_flash_fs_file_read
 .text.its_flash_fs_dblock_compact_block
                0x0000000000001ec8       0xaa secure_fw/partitions/internal_trusted_storage/libtfm_psa_rot_partition_its.a(its_flash_fs_dblock.o)
                0x0000000000001ec8                its_flash_fs_dblock_compact_block
 .text.its_flash_fs_dblock_read_file
                0x0000000000001f72       0x42 secure_fw/partitions/internal_trusted_storage/libtfm_psa_rot_partition_its.a(its_flash_fs_dblock.o)
                0x0000000000001f72                its_flash_fs_dblock_read_file
 .text.its_flash_fs_dblock_write_file
                0x0000000000001fb4       0x82 secure_fw/partitions/internal_trusted_storage/libtfm_psa_rot_partition_its.a(its_flash_fs_dblock.o)
                0x0000000000001fb4                its_flash_fs_dblock_write_file
 .text.its_mblock_update_scratch_block_meta
                0x0000000000002036       0x1a secure_fw/partitions/internal_trusted_storage/libtfm_psa_rot_partition_its.a(its_flash_fs_mblock.o)
 .text.its_mblock_erase_scratch_blocks
                0x0000000000002050       0x28 secure_fw/partitions/internal_trusted_storage/libtfm_psa_rot_partition_its.a(its_flash_fs_mblock.o)
 .text.its_num_dedicated_dblocks.isra.0
                0x0000000000002078        0xc secure_fw/partitions/internal_trusted_storage/libtfm_psa_rot_partition_its.a(its_flash_fs_mblock.o)
 .text.its_mblock_file_meta_offset.isra.0
                0x0000000000002084       0x14 secure_fw/partitions/internal_trusted_storage/libtfm_psa_rot_partition_its.a(its_flash_fs_mblock.o)
 .text.its_mblock_calculate_metadata_xor.part.0
                0x0000000000002098       0xa6 secure_fw/partitions/internal_trusted_storage/libtfm_psa_rot_partition_its.a(its_flash_fs_mblock.o)
 .text.its_mblock_write_scratch_meta_header
                0x000000000000213e       0x44 secure_fw/partitions/internal_trusted_storage/libtfm_psa_rot_partition_its.a(its_flash_fs_mblock.o)
 .text.its_mblock_validate_header_meta
                0x0000000000002182       0x5c secure_fw/partitions/internal_trusted_storage/libtfm_psa_rot_partition_its.a(its_flash_fs_mblock.o)
 .text.its_init_get_active_metablock
                0x00000000000021de       0xbe secure_fw/partitions/internal_trusted_storage/libtfm_psa_rot_partition_its.a(its_flash_fs_mblock.o)
 .text.its_flash_fs_mblock_cur_data_scratch_id
                0x000000000000229c        0xa secure_fw/partitions/internal_trusted_storage/libtfm_psa_rot_partition_its.a(its_flash_fs_mblock.o)
                0x000000000000229c                its_flash_fs_mblock_cur_data_scratch_id
 .text.its_flash_fs_mblock_meta_update_finalize
                0x00000000000022a6       0x2a secure_fw/partitions/internal_trusted_storage/libtfm_psa_rot_partition_its.a(its_flash_fs_mblock.o)
                0x00000000000022a6                its_flash_fs_mblock_meta_update_finalize
 .text.its_flash_fs_mblock_read_file_meta
                0x00000000000022d0       0x76 secure_fw/partitions/internal_trusted_storage/libtfm_psa_rot_partition_its.a(its_flash_fs_mblock.o)
                0x00000000000022d0                its_flash_fs_mblock_read_file_meta
 .text.its_flash_fs_mblock_get_file_idx_meta
                0x0000000000002346       0x5e secure_fw/partitions/internal_trusted_storage/libtfm_psa_rot_partition_its.a(its_flash_fs_mblock.o)
                0x0000000000002346                its_flash_fs_mblock_get_file_idx_meta
 .text.its_flash_fs_mblock_get_file_idx_flag
                0x00000000000023a4       0x3c secure_fw/partitions/internal_trusted_storage/libtfm_psa_rot_partition_its.a(its_flash_fs_mblock.o)
                0x00000000000023a4                its_flash_fs_mblock_get_file_idx_flag
 .text.its_flash_fs_mblock_read_block_metadata
                0x00000000000023e0       0x58 secure_fw/partitions/internal_trusted_storage/libtfm_psa_rot_partition_its.a(its_flash_fs_mblock.o)
                0x00000000000023e0                its_flash_fs_mblock_read_block_metadata
 .text.its_flash_fs_mblock_read_block_metadata_comp
                0x0000000000002438       0x64 secure_fw/partitions/internal_trusted_storage/libtfm_psa_rot_partition_its.a(its_flash_fs_mblock.o)
                0x0000000000002438                its_flash_fs_mblock_read_block_metadata_comp
 .text.its_flash_fs_mblock_reserve_file
                0x000000000000249c       0xbc secure_fw/partitions/internal_trusted_storage/libtfm_psa_rot_partition_its.a(its_flash_fs_mblock.o)
                0x000000000000249c                its_flash_fs_mblock_reserve_file
 .text.its_flash_fs_mblock_set_data_scratch
                0x0000000000002558        0x6 secure_fw/partitions/internal_trusted_storage/libtfm_psa_rot_partition_its.a(its_flash_fs_mblock.o)
                0x0000000000002558                its_flash_fs_mblock_set_data_scratch
 .text.its_flash_fs_mblock_update_scratch_file_meta
                0x000000000000255e       0x20 secure_fw/partitions/internal_trusted_storage/libtfm_psa_rot_partition_its.a(its_flash_fs_mblock.o)
                0x000000000000255e                its_flash_fs_mblock_update_scratch_file_meta
 .text.its_flash_fs_mblock_reset_metablock
                0x000000000000257e      0x130 secure_fw/partitions/internal_trusted_storage/libtfm_psa_rot_partition_its.a(its_flash_fs_mblock.o)
                0x000000000000257e                its_flash_fs_mblock_reset_metablock
 .text.its_flash_fs_block_to_block_move
                0x00000000000026ae       0x5c secure_fw/partitions/internal_trusted_storage/libtfm_psa_rot_partition_its.a(its_flash_fs_mblock.o)
                0x00000000000026ae                its_flash_fs_block_to_block_move
 .text.its_flash_fs_mblock_cp_file_meta
                0x000000000000270a       0x2c secure_fw/partitions/internal_trusted_storage/libtfm_psa_rot_partition_its.a(its_flash_fs_mblock.o)
                0x000000000000270a                its_flash_fs_mblock_cp_file_meta
 .text.its_flash_fs_mblock_init
                0x0000000000002736       0xb8 secure_fw/partitions/internal_trusted_storage/libtfm_psa_rot_partition_its.a(its_flash_fs_mblock.o)
                0x0000000000002736                its_flash_fs_mblock_init
 .text.its_flash_fs_mblock_migrate_lb0_data_to_scratch
                0x00000000000027ee       0x2e secure_fw/partitions/internal_trusted_storage/libtfm_psa_rot_partition_its.a(its_flash_fs_mblock.o)
                0x00000000000027ee                its_flash_fs_mblock_migrate_lb0_data_to_scratch
 .text.its_flash_fs_mblock_update_scratch_block_meta
                0x000000000000281c       0x84 secure_fw/partitions/internal_trusted_storage/libtfm_psa_rot_partition_its.a(its_flash_fs_mblock.o)
                0x000000000000281c                its_flash_fs_mblock_update_scratch_block_meta
 .text.its_utils_check_contained_in
                0x00000000000028a0       0x18 secure_fw/partitions/internal_trusted_storage/libtfm_psa_rot_partition_its.a(its_utils.o)
                0x00000000000028a0                its_utils_check_contained_in
 .text.its_utils_validate_fid
                0x00000000000028b8       0x1a secure_fw/partitions/internal_trusted_storage/libtfm_psa_rot_partition_its.a(its_utils.o)
                0x00000000000028b8                its_utils_validate_fid
 .text.tfm_platform_service_sfn
                0x00000000000028d2      0x24e secure_fw/partitions/platform/libtfm_psa_rot_partition_platform.a(platform_sp.o)
                0x00000000000028d2                tfm_platform_service_sfn
 .text.platform_sp_init
                0x0000000000002b20       0x12 secure_fw/partitions/platform/libtfm_psa_rot_partition_platform.a(platform_sp.o)
                0x0000000000002b20                platform_sp_init
 .text.psa_set_key_usage_flags
                0x0000000000002b32       0x14 secure_fw/partitions/crypto/libtfm_psa_rot_partition_crypto.a(tfm_builtin_key_loader.o)
 *tfm_psa_rot_partition*:(SORT_BY_ALIGNMENT(.rodata*))
 *fill*         0x0000000000002b46        0x2 
 .rodata.its_flash_fs_ops_nor
                0x0000000000002b48       0x14 secure_fw/partitions/internal_trusted_storage/libtfm_psa_rot_partition_its.a(its_flash_nor.o)
                0x0000000000002b48                its_flash_fs_ops_nor
 .rodata.data_width_byte
                0x0000000000002b5c        0xc secure_fw/partitions/internal_trusted_storage/libtfm_psa_rot_partition_its.a(its_flash_nor.o)
 .rodata.tfm_crypto_api_dispatcher.str1.1
                0x0000000000002b68       0x25 secure_fw/partitions/crypto/libtfm_psa_rot_partition_crypto.a(crypto_init.o)
 .rodata.tfm_crypto_library_get_info.str1.1
                0x0000000000002b8d        0xf secure_fw/partitions/crypto/libtfm_psa_rot_partition_crypto.a(crypto_library.o)
 .rodata.tfm_its_init.str1.1
                0x0000000000002b9c       0x4b secure_fw/partitions/internal_trusted_storage/libtfm_psa_rot_partition_its.a(tfm_internal_trusted_storage.o)
 *(TFM_*_PSA-ROT_ATTR_FN)
                0x0000000000002c00                . = ALIGN (0x20)
 *fill*         0x0000000000002be7       0x19 
                0x00000000000002e0                Image$$TFM_PSA_ROT_LINKER$$RO$$Base = ADDR (.TFM_PSA_ROT_LINKER)
                0x0000000000002c00                Image$$TFM_PSA_ROT_LINKER$$RO$$Limit = (ADDR (.TFM_PSA_ROT_LINKER) + SIZEOF (.TFM_PSA_ROT_LINKER))
                0x00000000000002e0                Image$$TFM_PSA_ROT_LINKER$$Base = ADDR (.TFM_PSA_ROT_LINKER)
                0x0000000000002c00                Image$$TFM_PSA_ROT_LINKER$$Limit = (ADDR (.TFM_PSA_ROT_LINKER) + SIZEOF (.TFM_PSA_ROT_LINKER))
                0x0000000000002c00                Image$$TFM_PSA_CODE_END$$Base = .
                0x0000000000002c00                Image$$TFM_APP_CODE_START$$Base = .

.TFM_APP_ROT_LINKER
                0x0000000000002c00      0xd20
 *tfm_app_rot_partition*:(SORT_BY_ALIGNMENT(.text*))
 .text.tfm_protected_storage_service_sfn
                0x0000000000002c00      0x128 secure_fw/partitions/protected_storage/libtfm_app_rot_partition_ps.a(tfm_ps_req_mngr.o)
                0x0000000000002c00                tfm_protected_storage_service_sfn
 .text.ps_req_mngr_read_asset_data
                0x0000000000002d28       0x24 secure_fw/partitions/protected_storage/libtfm_app_rot_partition_ps.a(tfm_ps_req_mngr.o)
                0x0000000000002d28                ps_req_mngr_read_asset_data
 .text.ps_req_mngr_write_asset_data
                0x0000000000002d4c       0x18 secure_fw/partitions/protected_storage/libtfm_app_rot_partition_ps.a(tfm_ps_req_mngr.o)
                0x0000000000002d4c                ps_req_mngr_write_asset_data
 .text.tfm_ps_init
                0x0000000000002d64       0x28 secure_fw/partitions/protected_storage/libtfm_app_rot_partition_ps.a(tfm_protected_storage.o)
                0x0000000000002d64                tfm_ps_init
 .text.ps_system_prepare
                0x0000000000002d8c       0x1c secure_fw/partitions/protected_storage/libtfm_app_rot_partition_ps.a(ps_object_system.o)
                0x0000000000002d8c                ps_system_prepare
 .text.ps_object_read
                0x0000000000002da8       0x70 secure_fw/partitions/protected_storage/libtfm_app_rot_partition_ps.a(ps_object_system.o)
                0x0000000000002da8                ps_object_read
 .text.ps_object_create
                0x0000000000002e18       0xfc secure_fw/partitions/protected_storage/libtfm_app_rot_partition_ps.a(ps_object_system.o)
                0x0000000000002e18                ps_object_create
 .text.ps_object_get_info
                0x0000000000002f14       0x58 secure_fw/partitions/protected_storage/libtfm_app_rot_partition_ps.a(ps_object_system.o)
                0x0000000000002f14                ps_object_get_info
 .text.ps_object_delete
                0x0000000000002f6c       0x70 secure_fw/partitions/protected_storage/libtfm_app_rot_partition_ps.a(ps_object_system.o)
                0x0000000000002f6c                ps_object_delete
 .text.ps_get_object_entry_idx
                0x0000000000002fdc       0x34 secure_fw/partitions/protected_storage/libtfm_app_rot_partition_ps.a(ps_object_table.o)
 .text.ps_object_table_save_table.constprop.0
                0x0000000000003010       0xec secure_fw/partitions/protected_storage/libtfm_app_rot_partition_ps.a(ps_object_table.o)
 .text.ps_object_table_create
                0x00000000000030fc       0x28 secure_fw/partitions/protected_storage/libtfm_app_rot_partition_ps.a(ps_object_table.o)
                0x00000000000030fc                ps_object_table_create
 .text.ps_object_table_init
                0x0000000000003124      0x144 secure_fw/partitions/protected_storage/libtfm_app_rot_partition_ps.a(ps_object_table.o)
                0x0000000000003124                ps_object_table_init
 .text.ps_object_table_get_free_fid
                0x0000000000003268       0x64 secure_fw/partitions/protected_storage/libtfm_app_rot_partition_ps.a(ps_object_table.o)
                0x0000000000003268                ps_object_table_get_free_fid
 .text.ps_object_table_set_obj_tbl_info
                0x00000000000032cc       0xac secure_fw/partitions/protected_storage/libtfm_app_rot_partition_ps.a(ps_object_table.o)
                0x00000000000032cc                ps_object_table_set_obj_tbl_info
 .text.ps_object_table_get_obj_tbl_info
                0x0000000000003378       0x2c secure_fw/partitions/protected_storage/libtfm_app_rot_partition_ps.a(ps_object_table.o)
                0x0000000000003378                ps_object_table_get_obj_tbl_info
 .text.ps_object_table_delete_object
                0x00000000000033a4       0x4c secure_fw/partitions/protected_storage/libtfm_app_rot_partition_ps.a(ps_object_table.o)
                0x00000000000033a4                ps_object_table_delete_object
 .text.ps_object_table_delete_old_table
                0x00000000000033f0       0x14 secure_fw/partitions/protected_storage/libtfm_app_rot_partition_ps.a(ps_object_table.o)
                0x00000000000033f0                ps_object_table_delete_old_table
 .text.ps_crypto_setkey
                0x0000000000003404       0x94 secure_fw/partitions/protected_storage/libtfm_app_rot_partition_ps.a(ps_crypto_interface.o)
                0x0000000000003404                ps_crypto_setkey
 .text.ps_crypto_destroykey
                0x0000000000003498       0x18 secure_fw/partitions/protected_storage/libtfm_app_rot_partition_ps.a(ps_crypto_interface.o)
                0x0000000000003498                ps_crypto_destroykey
 .text.ps_crypto_set_iv
                0x00000000000034b0       0x10 secure_fw/partitions/protected_storage/libtfm_app_rot_partition_ps.a(ps_crypto_interface.o)
                0x00000000000034b0                ps_crypto_set_iv
 .text.ps_crypto_get_iv
                0x00000000000034c0       0x70 secure_fw/partitions/protected_storage/libtfm_app_rot_partition_ps.a(ps_crypto_interface.o)
                0x00000000000034c0                ps_crypto_get_iv
 .text.ps_crypto_encrypt_and_tag
                0x0000000000003530       0x54 secure_fw/partitions/protected_storage/libtfm_app_rot_partition_ps.a(ps_crypto_interface.o)
                0x0000000000003530                ps_crypto_encrypt_and_tag
 .text.ps_crypto_auth_and_decrypt
                0x0000000000003584       0x58 secure_fw/partitions/protected_storage/libtfm_app_rot_partition_ps.a(ps_crypto_interface.o)
                0x0000000000003584                ps_crypto_auth_and_decrypt
 .text.ps_crypto_generate_auth_tag
                0x00000000000035dc       0x48 secure_fw/partitions/protected_storage/libtfm_app_rot_partition_ps.a(ps_crypto_interface.o)
                0x00000000000035dc                ps_crypto_generate_auth_tag
 .text.ps_crypto_authenticate
                0x0000000000003624       0x44 secure_fw/partitions/protected_storage/libtfm_app_rot_partition_ps.a(ps_crypto_interface.o)
                0x0000000000003624                ps_crypto_authenticate
 .text.tfm_ps_entry
                0x0000000000003668        0x4 secure_fw/partitions/protected_storage/libtfm_app_rot_partition_ps.a(tfm_ps_req_mngr.o)
                0x0000000000003668                tfm_ps_entry
 .text.tfm_ps_set
                0x000000000000366c       0x2c secure_fw/partitions/protected_storage/libtfm_app_rot_partition_ps.a(tfm_protected_storage.o)
                0x000000000000366c                tfm_ps_set
 .text.tfm_ps_get
                0x0000000000003698       0x28 secure_fw/partitions/protected_storage/libtfm_app_rot_partition_ps.a(tfm_protected_storage.o)
                0x0000000000003698                tfm_ps_get
 .text.tfm_ps_get_info
                0x00000000000036c0       0x20 secure_fw/partitions/protected_storage/libtfm_app_rot_partition_ps.a(tfm_protected_storage.o)
                0x00000000000036c0                tfm_ps_get_info
 .text.tfm_ps_remove
                0x00000000000036e0       0x26 secure_fw/partitions/protected_storage/libtfm_app_rot_partition_ps.a(tfm_protected_storage.o)
                0x00000000000036e0                tfm_ps_remove
 .text.tfm_ps_get_support
                0x0000000000003706        0x4 secure_fw/partitions/protected_storage/libtfm_app_rot_partition_ps.a(tfm_protected_storage.o)
                0x0000000000003706                tfm_ps_get_support
 .text.ps_remove_old_data
                0x000000000000370a       0x18 secure_fw/partitions/protected_storage/libtfm_app_rot_partition_ps.a(ps_object_system.o)
 .text.ps_system_wipe_all
                0x0000000000003722        0x4 secure_fw/partitions/protected_storage/libtfm_app_rot_partition_ps.a(ps_object_system.o)
                0x0000000000003722                ps_system_wipe_all
 .text.ps_object_table_authenticate
                0x0000000000003726       0x56 secure_fw/partitions/protected_storage/libtfm_app_rot_partition_ps.a(ps_object_table.o)
 .text.ps_crypto_init
                0x000000000000377c        0x4 secure_fw/partitions/protected_storage/libtfm_app_rot_partition_ps.a(ps_crypto_interface.o)
                0x000000000000377c                ps_crypto_init
 .text.ps_encrypted_object_read
                0x0000000000003780       0x86 secure_fw/partitions/protected_storage/libtfm_app_rot_partition_ps.a(ps_encrypted_object.o)
                0x0000000000003780                ps_encrypted_object_read
 .text.ps_encrypted_object_write
                0x0000000000003806       0x9c secure_fw/partitions/protected_storage/libtfm_app_rot_partition_ps.a(ps_encrypted_object.o)
                0x0000000000003806                ps_encrypted_object_write
 .text.ps_read_nv_counter
                0x00000000000038a2       0x16 secure_fw/partitions/protected_storage/libtfm_app_rot_partition_ps.a(ps_nv_counters.o)
                0x00000000000038a2                ps_read_nv_counter
 .text.ps_increment_nv_counter
                0x00000000000038b8       0x12 secure_fw/partitions/protected_storage/libtfm_app_rot_partition_ps.a(ps_nv_counters.o)
                0x00000000000038b8                ps_increment_nv_counter
 *tfm_app_rot_partition*:(SORT_BY_ALIGNMENT(.rodata*))
 *fill*         0x00000000000038ca        0x6 
 .rodata        0x00000000000038d0       0x20 secure_fw/partitions/protected_storage/libtfm_app_rot_partition_ps.a(ps_object_table.o)
 .rodata.tfm_ps_init.str1.1
                0x00000000000038f0       0x21 secure_fw/partitions/protected_storage/libtfm_app_rot_partition_ps.a(tfm_protected_storage.o)
 *(TFM_*_APP-ROT_ATTR_FN)
                0x0000000000003920                . = ALIGN (0x20)
 *fill*         0x0000000000003911        0xf 
                0x0000000000002c00                Image$$TFM_APP_ROT_LINKER$$RO$$Base = ADDR (.TFM_APP_ROT_LINKER)
                0x0000000000003920                Image$$TFM_APP_ROT_LINKER$$RO$$Limit = (ADDR (.TFM_APP_ROT_LINKER) + SIZEOF (.TFM_APP_ROT_LINKER))
                0x0000000000002c00                Image$$TFM_APP_ROT_LINKER$$Base = ADDR (.TFM_APP_ROT_LINKER)
                0x0000000000003920                Image$$TFM_APP_ROT_LINKER$$Limit = (ADDR (.TFM_APP_ROT_LINKER) + SIZEOF (.TFM_APP_ROT_LINKER))
                0x0000000000003920                Image$$TFM_APP_CODE_END$$Base = .

.ARM.extab
 *(.ARM.extab* .gnu.linkonce.armextab.*)
                0x0000000000003920                __exidx_start = .

.ARM.exidx      0x0000000000003920        0x8
 *(.ARM.exidx* .gnu.linkonce.armexidx.*)
 .ARM.exidx     0x0000000000003920        0x8 c:/ncs/toolchains/b620d30767/opt/zephyr-sdk/arm-zephyr-eabi/bin/../lib/gcc/arm-zephyr-eabi/12.2.0/../../../../arm-zephyr-eabi/lib/thumb/v8-m.main/nofp/crt0.o
                                         0x10 (size before relaxing)
                0x0000000000003928                __exidx_end = .

.ER_TFM_CODE    0x0000000000003928     0x4437
                0x0000000000003928                . = ALIGN (0x4)
                0x0000000000003928                PROVIDE (__preinit_array_start = .)
 *(.preinit_array)
                0x0000000000003928                PROVIDE (__preinit_array_end = .)
                0x0000000000003928                . = ALIGN (0x4)
                0x0000000000003928                PROVIDE (__init_array_start = .)
 *(SORT_BY_NAME(.init_array.*))
 *(.init_array)
 .init_array    0x0000000000003928        0x4 c:/ncs/toolchains/b620d30767/opt/zephyr-sdk/arm-zephyr-eabi/bin/../lib/gcc/arm-zephyr-eabi/12.2.0/thumb/v8-m.main/nofp/crtbegin.o
                0x000000000000392c                PROVIDE (__init_array_end = .)
                0x000000000000392c                . = ALIGN (0x4)
                [!provide]                        PROVIDE (__fini_array_start = .)
 *(SORT_BY_NAME(.fini_array.*))
 *(.fini_array)
 .fini_array    0x000000000000392c        0x4 c:/ncs/toolchains/b620d30767/opt/zephyr-sdk/arm-zephyr-eabi/bin/../lib/gcc/arm-zephyr-eabi/12.2.0/thumb/v8-m.main/nofp/crtbegin.o
                [!provide]                        PROVIDE (__fini_array_end = .)
                0x0000000000003930                . = ALIGN (0x4)
                0x0000000000003930                __copy_table_start__ = .
                0x0000000000003930        0x4 LONG 0x17c88 LOADADDR (.TFM_DATA)
                0x0000000000003934        0x4 LONG 0x2000a560 ADDR (.TFM_DATA)
                0x0000000000003938        0x4 LONG 0x4e (SIZEOF (.TFM_DATA) / 0x4)
                0x000000000000393c        0x4 LONG 0x17c50 LOADADDR (.TFM_PSA_ROT_LINKER_DATA)
                0x0000000000003940        0x4 LONG 0x20001d40 ADDR (.TFM_PSA_ROT_LINKER_DATA)
                0x0000000000003944        0x4 LONG 0xe (SIZEOF (.TFM_PSA_ROT_LINKER_DATA) / 0x4)
                0x0000000000003948        0x4 LONG 0x17c40 LOADADDR (.TFM_APP_ROT_LINKER_DATA)
                0x000000000000394c        0x4 LONG 0x20000c20 ADDR (.TFM_APP_ROT_LINKER_DATA)
                0x0000000000003950        0x4 LONG 0x4 (SIZEOF (.TFM_APP_ROT_LINKER_DATA) / 0x4)
                0x0000000000003954                __copy_table_end__ = .
                0x0000000000003954                . = ALIGN (0x4)
                0x0000000000003954                __zero_table_start__ = .
                0x0000000000003954        0x4 LONG 0x2000a698 ADDR (.TFM_BSS)
                0x0000000000003958        0x4 LONG 0x730 (SIZEOF (.TFM_BSS) / 0x4)
                0x000000000000395c        0x4 LONG 0x20001d78 ADDR (.TFM_PSA_ROT_LINKER_BSS)
                0x0000000000003960        0x4 LONG 0x21fa (SIZEOF (.TFM_PSA_ROT_LINKER_BSS) / 0x4)
                0x0000000000003964        0x4 LONG 0x20000c30 ADDR (.TFM_APP_ROT_LINKER_BSS)
                0x0000000000003968        0x4 LONG 0x444 (SIZEOF (.TFM_APP_ROT_LINKER_BSS) / 0x4)
                0x000000000000396c        0x4 LONG 0x20000c00 ADDR (.TFM_SP_META_PTR)
                0x0000000000003970        0x4 LONG 0x8 (SIZEOF (.TFM_SP_META_PTR) / 0x4)
                0x0000000000003974                __zero_table_end__ = .
 *startup*(.text*)
 .text.default_irq_handler
                0x0000000000003974        0x4 secure_fw/CMakeFiles/tfm_s.dir/__/platform/ext/target/nordic_nrf/common/core/startup.o
                0x0000000000003974                default_irq_handler
 .text.Reset_Handler
                0x0000000000003978       0xa4 secure_fw/CMakeFiles/tfm_s.dir/__/platform/ext/target/nordic_nrf/common/core/startup.o
                0x0000000000003978                Reset_Handler
 .text.default_tfm_IRQHandler
                0x0000000000003a1c       0x1c secure_fw/CMakeFiles/tfm_s.dir/__/platform/ext/target/nordic_nrf/common/core/startup_nrf5340.o
                0x0000000000003a1c                TIMER2_IRQHandler
                0x0000000000003a1c                DebugMon_Handler
                0x0000000000003a1c                SPIM4_IRQHandler
                0x0000000000003a1c                RTC0_IRQHandler
                0x0000000000003a1c                SERIAL1_IRQHandler
                0x0000000000003a1c                SysTick_Handler
                0x0000000000003a1c                PWM1_IRQHandler
                0x0000000000003a1c                SERIAL3_IRQHandler
                0x0000000000003a1c                NMI_Handler
                0x0000000000003a1c                WDT0_IRQHandler
                0x0000000000003a1c                I2S0_IRQHandler
                0x0000000000003a1c                default_tfm_IRQHandler
                0x0000000000003a1c                IPC_IRQHandler
                0x0000000000003a1c                SERIAL2_IRQHandler
                0x0000000000003a1c                PWM3_IRQHandler
                0x0000000000003a1c                QDEC1_IRQHandler
                0x0000000000003a1c                FPU_IRQHandler
                0x0000000000003a1c                USBD_IRQHandler
                0x0000000000003a1c                EGU3_IRQHandler
                0x0000000000003a1c                KMU_IRQHandler
                0x0000000000003a1c                CRYPTOCELL_IRQHandler
                0x0000000000003a1c                EGU2_IRQHandler
                0x0000000000003a1c                TIMER0_IRQHandler
                0x0000000000003a1c                CACHE_IRQHandler
                0x0000000000003a1c                EGU4_IRQHandler
                0x0000000000003a1c                EGU0_IRQHandler
                0x0000000000003a1c                GPIOTE1_IRQHandler
                0x0000000000003a1c                TIMER1_IRQHandler
                0x0000000000003a1c                PWM2_IRQHandler
                0x0000000000003a1c                EGU1_IRQHandler
                0x0000000000003a1c                EGU5_IRQHandler
                0x0000000000003a1c                SAADC_IRQHandler
                0x0000000000003a1c                GPIOTE0_IRQHandler
                0x0000000000003a1c                QDEC0_IRQHandler
                0x0000000000003a1c                PWM0_IRQHandler
                0x0000000000003a1c                RTC1_IRQHandler
                0x0000000000003a1c                SERIAL0_IRQHandler
                0x0000000000003a1c                USBREGULATOR_IRQHandler
                0x0000000000003a1c                NFCT_IRQHandler
                0x0000000000003a1c                WDT1_IRQHandler
                0x0000000000003a1c                QSPI_IRQHandler
                0x0000000000003a1c                COMP_LPCOMP_IRQHandler
                0x0000000000003a1c                CLOCK_POWER_IRQHandler
                0x0000000000003a1c                PDM0_IRQHandler
 *libplatform_s*:(SORT_BY_ALIGNMENT(.text*))
 .text.nrf53_errata_42
                0x0000000000003a38       0x24 platform/libplatform_s.a(system_nrf5340_application.o)
 .text.SystemInit
                0x0000000000003a5c      0x224 platform/libplatform_s.a(system_nrf5340_application.o)
                0x0000000000003a5c                SystemInit
 .text.tfm_exception_info_get_context
                0x0000000000003c80        0xc platform/libplatform_s.a(exception_info.o)
                0x0000000000003c80                tfm_exception_info_get_context
 .text.store_and_dump_context
                0x0000000000003c8c      0x118 platform/libplatform_s.a(exception_info.o)
                0x0000000000003c8c                store_and_dump_context
 .text.stdio_output_string
                0x0000000000003da4       0x40 platform/libplatform_s.a(uart_stdout.o)
                0x0000000000003da4                stdio_output_string
 .text.stdio_init
                0x0000000000003de4       0x30 platform/libplatform_s.a(uart_stdout.o)
                0x0000000000003de4                stdio_init
 .text.ARM_USART_GetVersion
                0x0000000000003e14       0x20 platform/libplatform_s.a(Driver_USART.o)
 .text.ARM_USART1_GetTxCount
                0x0000000000003e34        0xc platform/libplatform_s.a(Driver_USART.o)
 .text.ARM_USART1_GetRxCount
                0x0000000000003e40        0xc platform/libplatform_s.a(Driver_USART.o)
 .text.ARM_USART1_Uninitialize
                0x0000000000003e4c       0x18 platform/libplatform_s.a(Driver_USART.o)
 .text.ARM_USART1_Receive
                0x0000000000003e64       0x3c platform/libplatform_s.a(Driver_USART.o)
 .text.ARM_USARTx_Send.constprop.0
                0x0000000000003ea0       0x78 platform/libplatform_s.a(Driver_USART.o)
 .text.ARM_USART1_Control
                0x0000000000003f18      0x190 platform/libplatform_s.a(Driver_USART.o)
 .text.ARM_USART1_Initialize
                0x00000000000040a8       0x70 platform/libplatform_s.a(Driver_USART.o)
 .text.nrf_gpio_pin_port_decode
                0x0000000000004118       0x24 platform/libplatform_s.a(nrfx_uarte.o)
 .text.on_rx_disabled
                0x000000000000413c       0x64 platform/libplatform_s.a(nrfx_uarte.o)
 .text.nrfx_coredep_delay_us.part.0
                0x00000000000041a0       0x20 platform/libplatform_s.a(nrfx_uarte.o)
 .text.nrf_gpio_cfg_input.constprop.0
                0x00000000000041c0       0x28 platform/libplatform_s.a(nrfx_uarte.o)
 .text.blocking_tx
                0x00000000000041e8      0x1b8 platform/libplatform_s.a(nrfx_uarte.o)
 .text.nrf_gpio_cfg_output
                0x00000000000043a0       0x2c platform/libplatform_s.a(nrfx_uarte.o)
 .text.nrf_gpio_cfg_default
                0x00000000000043cc       0x2c platform/libplatform_s.a(nrfx_uarte.o)
 .text.uarte_configure
                0x00000000000043f8      0x190 platform/libplatform_s.a(nrfx_uarte.o)
 .text.nrfx_uarte_init
                0x0000000000004588      0x15c platform/libplatform_s.a(nrfx_uarte.o)
                0x0000000000004588                nrfx_uarte_init
 .text.nrfx_uarte_tx
                0x00000000000046e4       0xd8 platform/libplatform_s.a(nrfx_uarte.o)
                0x00000000000046e4                nrfx_uarte_tx
 .text.nrfx_uarte_tx_abort
                0x00000000000047bc       0xb8 platform/libplatform_s.a(nrfx_uarte.o)
                0x00000000000047bc                nrfx_uarte_tx_abort
 .text.nrfx_uarte_rx_enable
                0x0000000000004874      0x14c platform/libplatform_s.a(nrfx_uarte.o)
                0x0000000000004874                nrfx_uarte_rx_enable
 .text.nrfx_uarte_rx_buffer_set
                0x00000000000049c0      0x190 platform/libplatform_s.a(nrfx_uarte.o)
                0x00000000000049c0                nrfx_uarte_rx_buffer_set
 .text.nrfx_uarte_rx_abort
                0x0000000000004b50      0x150 platform/libplatform_s.a(nrfx_uarte.o)
                0x0000000000004b50                nrfx_uarte_rx_abort
 .text.nrfx_uarte_uninit
                0x0000000000004ca0       0xcc platform/libplatform_s.a(nrfx_uarte.o)
                0x0000000000004ca0                nrfx_uarte_uninit
 .text.nrfx_uarte_rx_ready
                0x0000000000004d6c       0x54 platform/libplatform_s.a(nrfx_uarte.o)
                0x0000000000004d6c                nrfx_uarte_rx_ready
 .text.nrfx_uarte_rx
                0x0000000000004dc0       0x84 platform/libplatform_s.a(nrfx_uarte.o)
                0x0000000000004dc0                nrfx_uarte_rx
 .text.nrfx_critical_section_enter
                0x0000000000004e44       0x10 platform/libplatform_s.a(nrfx_glue.o)
                0x0000000000004e44                nrfx_critical_section_enter
 .text.nrfx_critical_section_exit
                0x0000000000004e54       0x14 platform/libplatform_s.a(nrfx_glue.o)
                0x0000000000004e54                nrfx_critical_section_exit
 .text.ARM_Flash_GetInfo
                0x0000000000004e68        0x8 platform/libplatform_s.a(Driver_Flash.o)
 .text.ARM_Flash_EraseSector
                0x0000000000004e70       0x18 platform/libplatform_s.a(Driver_Flash.o)
 .text.nvmc_readonly_mode_set
                0x0000000000004e88       0x14 platform/libplatform_s.a(nrfx_nvmc.o)
 .text.nvmc_word_write
                0x0000000000004e9c       0x18 platform/libplatform_s.a(nrfx_nvmc.o)
 .text.nrfx_nvmc_page_erase
                0x0000000000004eb4       0x3c platform/libplatform_s.a(nrfx_nvmc.o)
                0x0000000000004eb4                nrfx_nvmc_page_erase
 .text.nrfx_nvmc_words_write
                0x0000000000004ef0       0x38 platform/libplatform_s.a(nrfx_nvmc.o)
                0x0000000000004ef0                nrfx_nvmc_words_write
 .text.mpu_armv8m_enable
                0x0000000000004f28       0x34 platform/libplatform_s.a(mpu_armv8m_drv.o)
                0x0000000000004f28                mpu_armv8m_enable
 .text.spu_enable_interrupts
                0x0000000000004f5c       0x10 platform/libplatform_s.a(spu.o)
                0x0000000000004f5c                spu_enable_interrupts
 .text.spu_events_get
                0x0000000000004f6c       0x28 platform/libplatform_s.a(spu.o)
                0x0000000000004f6c                spu_events_get
 .text.spu_clear_events
                0x0000000000004f94       0x24 platform/libplatform_s.a(spu.o)
                0x0000000000004f94                spu_clear_events
 .text.spu_regions_reset_unlocked_secure
                0x0000000000004fb8       0x30 platform/libplatform_s.a(spu.o)
                0x0000000000004fb8                spu_regions_reset_unlocked_secure
 .text.spu_regions_flash_config
                0x0000000000004fe8       0x2c platform/libplatform_s.a(spu.o)
                0x0000000000004fe8                spu_regions_flash_config
 .text.spu_regions_sram_config
                0x0000000000005014       0x34 platform/libplatform_s.a(spu.o)
                0x0000000000005014                spu_regions_sram_config
 .text.spu_regions_flash_config_non_secure_callable
                0x0000000000005048       0x30 platform/libplatform_s.a(spu.o)
                0x0000000000005048                spu_regions_flash_config_non_secure_callable
 .text.spu_regions_sram_get_last_address_in_region
                0x0000000000005078        0xc platform/libplatform_s.a(spu.o)
                0x0000000000005078                spu_regions_sram_get_last_address_in_region
 .text.spu_peripheral_config_secure
                0x0000000000005084       0x1c platform/libplatform_s.a(spu.o)
                0x0000000000005084                spu_peripheral_config_secure
 .text.spu_peripheral_config_non_secure
                0x00000000000050a0       0x18 platform/libplatform_s.a(spu.o)
                0x00000000000050a0                spu_peripheral_config_non_secure
 .text.nrf_exception_info_store_context
                0x00000000000050b8       0x20 platform/libplatform_s.a(nrf_exception_info.o)
                0x00000000000050b8                nrf_exception_info_store_context
 .text.nrf_exception_info_get_context
                0x00000000000050d8        0xc platform/libplatform_s.a(nrf_exception_info.o)
                0x00000000000050d8                nrf_exception_info_get_context
 .text.tfm_hal_platform_init
                0x00000000000050e4       0x98 platform/libplatform_s.a(tfm_hal_platform.o)
                0x00000000000050e4                tfm_hal_platform_init
 .text.hw_unique_key_write_random
                0x000000000000517c      0x114 platform/libplatform_s.a(hw_unique_key_cc3xx.o)
                0x000000000000517c                hw_unique_key_write_random
 .text.hw_unique_key_derive_key
                0x0000000000005290       0x4c platform/libplatform_s.a(hw_unique_key_cc3xx.o)
                0x0000000000005290                hw_unique_key_derive_key
 .text.key_written
                0x00000000000052dc       0x64 platform/libplatform_s.a(hw_unique_key_cc3xx_kmu.o)
 .text.hw_unique_key_write
                0x0000000000005340       0x48 platform/libplatform_s.a(hw_unique_key_cc3xx_kmu.o)
                0x0000000000005340                hw_unique_key_write
 .text.ns_fault_service_set_handler
                0x0000000000005388       0x14 platform/libplatform_s.a(ns_fault_service.o)
                0x0000000000005388                ns_fault_service_set_handler
 .text.call_ns_callback
                0x000000000000539c       0xa8 platform/libplatform_s.a(ns_fault_service.o)
                0x000000000000539c                call_ns_callback
 .text.ns_fault_service_call_handler
                0x0000000000005444       0x34 platform/libplatform_s.a(ns_fault_service.o)
                0x0000000000005444                ns_fault_service_call_handler
 .text.tfm_platform_hal_system_reset
                0x0000000000005478       0x24 platform/libplatform_s.a(tfm_platform_system.o)
                0x0000000000005478                tfm_platform_hal_system_reset
 .text.erase_flash_region
                0x000000000000549c       0x3c platform/libplatform_s.a(flash_otp_nv_counters_backend.o)
 .text.copy_flash_region
                0x00000000000054d8       0x78 platform/libplatform_s.a(flash_otp_nv_counters_backend.o)
 .text.read_otp_nv_counters_flash
                0x0000000000005550       0x7c platform/libplatform_s.a(flash_otp_nv_counters_backend.o)
                0x0000000000005550                read_otp_nv_counters_flash
 .text.write_otp_nv_counters_flash
                0x00000000000055cc      0x1ac platform/libplatform_s.a(flash_otp_nv_counters_backend.o)
                0x00000000000055cc                write_otp_nv_counters_flash
 .text.init_otp_nv_counters_flash
                0x0000000000005778      0x154 platform/libplatform_s.a(flash_otp_nv_counters_backend.o)
                0x0000000000005778                init_otp_nv_counters_flash
 .text.tfm_plat_otp_get_size
                0x00000000000058cc       0x34 platform/libplatform_s.a(otp_flash.o)
                0x00000000000058cc                tfm_plat_otp_get_size
 .text.tfm_platform_hal_read_service
                0x0000000000005900       0x60 platform/libplatform_s.a(tfm_platform_hal_ioctl.o)
                0x0000000000005900                tfm_platform_hal_read_service
 .text.tfm_platform_hal_gpio_service
                0x0000000000005960       0x88 platform/libplatform_s.a(tfm_platform_hal_ioctl.o)
                0x0000000000005960                tfm_platform_hal_gpio_service
 .text.tfm_hal_output_spm_log
                0x00000000000059e8        0x4 platform/libplatform_s.a(tfm_hal_spm_logdev_peripheral.o)
                0x00000000000059e8                tfm_hal_output_spm_log
 .text.ARM_USART_GetCapabilities
                0x00000000000059ec        0x4 platform/libplatform_s.a(Driver_USART.o)
 .text.ARM_USART_Transfer
                0x00000000000059f0        0x6 platform/libplatform_s.a(Driver_USART.o)
 .text.ARM_USART_GetStatus
                0x00000000000059f6        0xc platform/libplatform_s.a(Driver_USART.o)
 .text.ARM_USART_SetModemControl
                0x0000000000005a02        0x6 platform/libplatform_s.a(Driver_USART.o)
 .text.ARM_USART_GetModemStatus
                0x0000000000005a08        0xc platform/libplatform_s.a(Driver_USART.o)
 .text.ARM_USART1_PowerControl
                0x0000000000005a14        0xc platform/libplatform_s.a(Driver_USART.o)
 .text.ARM_USART1_Send
                0x0000000000005a20        0x4 platform/libplatform_s.a(Driver_USART.o)
 .text.uart_config_set_uart_pins
                0x0000000000005a24       0x3c platform/libplatform_s.a(Driver_USART.o)
                0x0000000000005a24                uart_config_set_uart_pins
 .text.is_tx_ready
                0x0000000000005a60       0x1a platform/libplatform_s.a(nrfx_uarte.o)
 .text.user_handler
                0x0000000000005a7a       0x22 platform/libplatform_s.a(nrfx_uarte.o)
 .text.user_handler_on_rx_done
                0x0000000000005a9c       0x28 platform/libplatform_s.a(nrfx_uarte.o)
 .text.disable_hw_from_rx
                0x0000000000005ac4       0x24 platform/libplatform_s.a(nrfx_uarte.o)
 .text.disable_hw_from_tx
                0x0000000000005ae8       0x16 platform/libplatform_s.a(nrfx_uarte.o)
 .text.tx_prepare_start.isra.0
                0x0000000000005afe       0x7e platform/libplatform_s.a(nrfx_uarte.o)
 .text.ARM_Flash_GetCapabilities
                0x0000000000005b7c        0x4 platform/libplatform_s.a(Driver_Flash.o)
 .text.ARM_Flash_Initialize
                0x0000000000005b80        0x4 platform/libplatform_s.a(Driver_Flash.o)
 .text.ARM_Flash_Unitialize
                0x0000000000005b84        0x4 platform/libplatform_s.a(Driver_Flash.o)
 .text.ARM_Flash_ProgramData
                0x0000000000005b88       0x28 platform/libplatform_s.a(Driver_Flash.o)
 .text.ARM_Flash_ReadData
                0x0000000000005bb0       0x2c platform/libplatform_s.a(Driver_Flash.o)
 .text.mpu_armv8m_region_enable
                0x0000000000005bdc       0x6a platform/libplatform_s.a(mpu_armv8m_drv.o)
                0x0000000000005bdc                mpu_armv8m_region_enable
 .text.mpu_armv8m_region_disable
                0x0000000000005c46       0x14 platform/libplatform_s.a(mpu_armv8m_drv.o)
                0x0000000000005c46                mpu_armv8m_region_disable
 .text.mpu_armv8m_clean
                0x0000000000005c5a       0x22 platform/libplatform_s.a(mpu_armv8m_drv.o)
                0x0000000000005c5a                mpu_armv8m_clean
 .text.spu_regions_flash_get_base_address_in_region
                0x0000000000005c7c        0x4 platform/libplatform_s.a(spu.o)
                0x0000000000005c7c                spu_regions_flash_get_base_address_in_region
 .text.spu_regions_flash_get_last_address_in_region
                0x0000000000005c80        0xa platform/libplatform_s.a(spu.o)
                0x0000000000005c80                spu_regions_flash_get_last_address_in_region
 .text.spu_regions_flash_get_start_id
                0x0000000000005c8a        0x4 platform/libplatform_s.a(spu.o)
                0x0000000000005c8a                spu_regions_flash_get_start_id
 .text.spu_regions_flash_get_last_id
                0x0000000000005c8e        0x4 platform/libplatform_s.a(spu.o)
                0x0000000000005c8e                spu_regions_flash_get_last_id
 .text.spu_regions_flash_get_region_size
                0x0000000000005c92        0x6 platform/libplatform_s.a(spu.o)
                0x0000000000005c92                spu_regions_flash_get_region_size
 .text.spu_regions_sram_get_base_address_in_region
                0x0000000000005c98        0xa platform/libplatform_s.a(spu.o)
                0x0000000000005c98                spu_regions_sram_get_base_address_in_region
 .text.spu_regions_sram_get_start_id
                0x0000000000005ca2        0x4 platform/libplatform_s.a(spu.o)
                0x0000000000005ca2                spu_regions_sram_get_start_id
 .text.spu_regions_sram_get_last_id
                0x0000000000005ca6        0x4 platform/libplatform_s.a(spu.o)
                0x0000000000005ca6                spu_regions_sram_get_last_id
 .text.spu_regions_sram_get_region_size
                0x0000000000005caa        0x6 platform/libplatform_s.a(spu.o)
                0x0000000000005caa                spu_regions_sram_get_region_size
 .text.tfm_hal_system_halt
                0x0000000000005cb0        0xc platform/libplatform_s.a(tfm_hal_reset_halt.o)
                0x0000000000005cb0                tfm_hal_system_halt
 .text.tfm_plat_provisioning_is_required
                0x0000000000005cbc        0x4 platform/libplatform_s.a(dummy_provisioning.o)
                0x0000000000005cbc                tfm_plat_provisioning_is_required
 .text.tfm_plat_provisioning_perform
                0x0000000000005cc0        0x4 platform/libplatform_s.a(dummy_provisioning.o)
                0x0000000000005cc0                tfm_plat_provisioning_perform
 .text.tfm_plat_provisioning_check_for_dummy_keys
                0x0000000000005cc4        0x2 platform/libplatform_s.a(dummy_provisioning.o)
                0x0000000000005cc4                tfm_plat_provisioning_check_for_dummy_keys
 .text.hw_unique_key_are_any_written
                0x0000000000005cc6       0x16 platform/libplatform_s.a(hw_unique_key_cc3xx.o)
                0x0000000000005cc6                hw_unique_key_are_any_written
 .text.hw_unique_key_is_written
                0x0000000000005cdc       0x1c platform/libplatform_s.a(hw_unique_key_cc3xx_kmu.o)
                0x0000000000005cdc                hw_unique_key_is_written
 .text.tfm_platform_hal_ioctl
                0x0000000000005cf8       0x86 platform/libplatform_s.a(tfm_platform_system.o)
                0x0000000000005cf8                tfm_platform_hal_ioctl
 .text.tfm_hal_ps_fs_info
                0x0000000000005d7e       0x1c platform/libplatform_s.a(tfm_hal_ps.o)
                0x0000000000005d7e                tfm_hal_ps_fs_info
 .text.tfm_hal_its_fs_info
                0x0000000000005d9a       0x1c platform/libplatform_s.a(tfm_hal_its.o)
                0x0000000000005d9a                tfm_hal_its_fs_info
 .text.set_nv_counter_flash
                0x0000000000005db6       0x3e platform/libplatform_s.a(nv_counters.o)
 .text.tfm_plat_init_nv_counter
                0x0000000000005df4        0x4 platform/libplatform_s.a(nv_counters.o)
                0x0000000000005df4                tfm_plat_init_nv_counter
 .text.tfm_plat_read_nv_counter
                0x0000000000005df8       0x38 platform/libplatform_s.a(nv_counters.o)
                0x0000000000005df8                tfm_plat_read_nv_counter
 .text.tfm_plat_set_nv_counter
                0x0000000000005e30       0x38 platform/libplatform_s.a(nv_counters.o)
                0x0000000000005e30                tfm_plat_set_nv_counter
 .text.tfm_plat_increment_nv_counter
                0x0000000000005e68       0x26 platform/libplatform_s.a(nv_counters.o)
                0x0000000000005e68                tfm_plat_increment_nv_counter
 .text.make_backup
                0x0000000000005e8e       0x26 platform/libplatform_s.a(flash_otp_nv_counters_backend.o)
 .text.tfm_plat_otp_init
                0x0000000000005eb4        0x4 platform/libplatform_s.a(otp_flash.o)
                0x0000000000005eb4                tfm_plat_otp_init
 .text.write_to_output
                0x0000000000005eb8       0x2c platform/libplatform_s.a(otp_flash.o)
 .text.tfm_plat_otp_read
                0x0000000000005ee4       0x9e platform/libplatform_s.a(otp_flash.o)
                0x0000000000005ee4                tfm_plat_otp_read
 .text.tfm_platform_hal_write32_service
                0x0000000000005f82       0x2c platform/libplatform_s.a(tfm_platform_hal_ioctl.o)
                0x0000000000005f82                tfm_platform_hal_write32_service
 *libtfm_spm*:(SORT_BY_ALIGNMENT(.text*))
 *fill*         0x0000000000005fae        0x2 
 .text.spm_log_msgval
                0x0000000000005fb0       0x58 secure_fw/spm/libtfm_spm.a(spm_log.o)
                0x0000000000005fb0                spm_log_msgval
 .text.startup.main
                0x0000000000006008       0x68 secure_fw/spm/libtfm_spm.a(main.o)
                0x0000000000006008                main
 .text.SVC_Handler
                0x0000000000006070       0x68 secure_fw/spm/libtfm_spm.a(tfm_arch_v8m_main.o)
                0x0000000000006070                SVC_Handler
 .text.tfm_arch_set_secure_exception_priorities
                0x00000000000060d8       0x28 secure_fw/spm/libtfm_spm.a(tfm_arch_v8m_main.o)
                0x00000000000060d8                tfm_arch_set_secure_exception_priorities
 .text.ns_agent_tz_main
                0x0000000000006100       0x30 secure_fw/spm/libtfm_spm.a(ns_agent_tz_v80m.o)
                0x0000000000006100                ns_agent_tz_main
 .text.tfm_hal_bind_boundary
                0x0000000000006130       0x78 secure_fw/spm/libtfm_spm.a(tfm_hal_isolation.o)
                0x0000000000006130                tfm_hal_bind_boundary
 .text.mpu_init_cfg
                0x00000000000061a8      0x11c secure_fw/spm/libtfm_spm.a(tfm_hal_isolation.o)
                0x00000000000061a8                mpu_init_cfg
 .text.SPU_Handler
                0x00000000000062c4       0x3c secure_fw/spm/libtfm_spm.a(faults.o)
                0x00000000000062c4                SPU_Handler
 .text.nrf_gpio_pin_control_select.constprop.0
                0x0000000000006300       0x1c secure_fw/spm/libtfm_spm.a(target_cfg.o)
 .text.enable_fault_handlers
                0x000000000000631c       0x14 secure_fw/spm/libtfm_spm.a(target_cfg.o)
                0x000000000000631c                enable_fault_handlers
 .text.system_reset_cfg
                0x0000000000006330       0x18 secure_fw/spm/libtfm_spm.a(target_cfg.o)
                0x0000000000006330                system_reset_cfg
 .text.init_debug
                0x0000000000006348       0x28 secure_fw/spm/libtfm_spm.a(target_cfg.o)
                0x0000000000006348                init_debug
 .text.nvic_interrupt_target_state_cfg
                0x0000000000006370       0x40 secure_fw/spm/libtfm_spm.a(target_cfg.o)
                0x0000000000006370                nvic_interrupt_target_state_cfg
 .text.nvic_interrupt_enable
                0x00000000000063b0       0x18 secure_fw/spm/libtfm_spm.a(target_cfg.o)
                0x00000000000063b0                nvic_interrupt_enable
 .text.sau_and_idau_cfg
                0x00000000000063c8       0x20 secure_fw/spm/libtfm_spm.a(target_cfg.o)
                0x00000000000063c8                sau_and_idau_cfg
 .text.spu_init_cfg
                0x00000000000063e8       0x7c secure_fw/spm/libtfm_spm.a(target_cfg.o)
                0x00000000000063e8                spu_init_cfg
 .text.spu_periph_init_cfg
                0x0000000000006464       0x60 secure_fw/spm/libtfm_spm.a(target_cfg.o)
                0x0000000000006464                spu_periph_init_cfg
 .text.tfm_core_validate_boot_data
                0x00000000000064c4        0xc secure_fw/spm/libtfm_spm.a(tfm_boot_data.o)
                0x00000000000064c4                tfm_core_validate_boot_data
 .text.tfm_core_get_boot_data_handler
                0x00000000000064d0       0x38 secure_fw/spm/libtfm_spm.a(tfm_boot_data.o)
                0x00000000000064d0                tfm_core_get_boot_data_handler
 .text.tfm_spm_get_service_by_sid
                0x0000000000006508       0x2c secure_fw/spm/libtfm_spm.a(spm_ipc.o)
                0x0000000000006508                tfm_spm_get_service_by_sid
 .text.tfm_spm_check_authorization
                0x0000000000006534       0x48 secure_fw/spm/libtfm_spm.a(spm_ipc.o)
                0x0000000000006534                tfm_spm_check_authorization
 .text.spm_init_idle_connection
                0x000000000000657c       0x34 secure_fw/spm/libtfm_spm.a(spm_ipc.o)
                0x000000000000657c                spm_init_idle_connection
 .text.tfm_spm_partition_get_running_partition_id
                0x00000000000065b0       0x1c secure_fw/spm/libtfm_spm.a(spm_ipc.o)
                0x00000000000065b0                tfm_spm_partition_get_running_partition_id
 .text.tfm_spm_is_ns_caller
                0x00000000000065cc       0x28 secure_fw/spm/libtfm_spm.a(spm_ipc.o)
                0x00000000000065cc                tfm_spm_is_ns_caller
 .text.spm_get_idle_connection
                0x00000000000065f4       0x78 secure_fw/spm/libtfm_spm.a(spm_ipc.o)
                0x00000000000065f4                spm_get_idle_connection
 .text.tfm_spm_init
                0x000000000000666c       0x64 secure_fw/spm/libtfm_spm.a(spm_ipc.o)
                0x000000000000666c                tfm_spm_init
 .text.load_a_partition_assuredly
                0x00000000000066d0      0x10c secure_fw/spm/libtfm_spm.a(rom_loader.o)
                0x00000000000066d0                load_a_partition_assuredly
 .text.load_services_assuredly
                0x00000000000067dc       0xc4 secure_fw/spm/libtfm_spm.a(rom_loader.o)
                0x00000000000067dc                load_services_assuredly
 .text.partition_init
                0x00000000000068a0       0x1c secure_fw/spm/libtfm_spm.a(backend_ipc.o)
 .text.ns_agent_tz_init
                0x00000000000068bc       0x2c secure_fw/spm/libtfm_spm.a(backend_ipc.o)
 .text.backend_init_comp_assuredly
                0x00000000000068e8       0xb4 secure_fw/spm/libtfm_spm.a(backend_ipc.o)
                0x00000000000068e8                backend_init_comp_assuredly
 .text.backend_system_run
                0x000000000000699c       0x30 secure_fw/spm/libtfm_spm.a(backend_ipc.o)
                0x000000000000699c                backend_system_run
 .text.backend_abi_entering_spm
                0x00000000000069cc       0x44 secure_fw/spm/libtfm_spm.a(backend_ipc.o)
                0x00000000000069cc                backend_abi_entering_spm
 .text.ipc_schedule
                0x0000000000006a10       0x94 secure_fw/spm/libtfm_spm.a(backend_ipc.o)
                0x0000000000006a10                ipc_schedule
 .text.spm_svc_handler
                0x0000000000006aa4       0xb8 secure_fw/spm/libtfm_spm.a(tfm_svcalls.o)
                0x0000000000006aa4                spm_svc_handler
 .text.thrd_set_query_callback
                0x0000000000006b5c        0xc secure_fw/spm/libtfm_spm.a(thread.o)
                0x0000000000006b5c                thrd_set_query_callback
 .text.thrd_next
                0x0000000000006b68       0x4c secure_fw/spm/libtfm_spm.a(thread.o)
                0x0000000000006b68                thrd_next
 .text.thrd_set_state
                0x0000000000006bb4       0x28 secure_fw/spm/libtfm_spm.a(thread.o)
                0x0000000000006bb4                thrd_set_state
 .text.thrd_start
                0x0000000000006bdc       0x44 secure_fw/spm/libtfm_spm.a(thread.o)
                0x0000000000006bdc                thrd_start
 .text.tz_ns_agent_register_client_id_range
                0x0000000000006c20        0xc secure_fw/spm/libtfm_spm.a(tfm_spm_ns_ctx.o)
                0x0000000000006c20                tz_ns_agent_register_client_id_range
 .text.tfm_nspm_get_current_client_id
                0x0000000000006c2c       0x14 secure_fw/spm/libtfm_spm.a(tfm_spm_ns_ctx.o)
                0x0000000000006c2c                tfm_nspm_get_current_client_id
 .text.tfm_nspm_ctx_init
                0x0000000000006c40       0x18 secure_fw/spm/libtfm_spm.a(tfm_spm_ns_ctx.o)
                0x0000000000006c40                tfm_nspm_ctx_init
 .text.connection_to_handle
                0x0000000000006c58       0x20 secure_fw/spm/libtfm_spm.a(spm_connection_pool.o)
                0x0000000000006c58                connection_to_handle
 .text.handle_to_connection
                0x0000000000006c78       0x10 secure_fw/spm/libtfm_spm.a(spm_connection_pool.o)
                0x0000000000006c78                handle_to_connection
 .text.spm_init_connection_space
                0x0000000000006c88       0x20 secure_fw/spm/libtfm_spm.a(spm_connection_pool.o)
                0x0000000000006c88                spm_init_connection_space
 .text.spm_allocate_connection
                0x0000000000006ca8        0xc secure_fw/spm/libtfm_spm.a(spm_connection_pool.o)
                0x0000000000006ca8                spm_allocate_connection
 .text.spm_validate_connection
                0x0000000000006cb4       0x1c secure_fw/spm/libtfm_spm.a(spm_connection_pool.o)
                0x0000000000006cb4                spm_validate_connection
 .text.spm_free_connection
                0x0000000000006cd0       0x1c secure_fw/spm/libtfm_spm.a(spm_connection_pool.o)
                0x0000000000006cd0                spm_free_connection
 .text.tfm_hal_get_ns_VTOR
                0x0000000000006cec        0xc secure_fw/spm/libtfm_spm.a(tfm_hal_platform_common.o)
                0x0000000000006cec                tfm_hal_get_ns_VTOR
 .text.tfm_hal_get_ns_MSP
                0x0000000000006cf8        0xc secure_fw/spm/libtfm_spm.a(tfm_hal_platform_common.o)
                0x0000000000006cf8                tfm_hal_get_ns_MSP
 .text.tfm_hal_get_ns_entry_point
                0x0000000000006d04        0xc secure_fw/spm/libtfm_spm.a(tfm_hal_platform_common.o)
                0x0000000000006d04                tfm_hal_get_ns_entry_point
 .text.arch_acquire_sched_lock
                0x0000000000006d10       0x10 secure_fw/spm/libtfm_spm.a(tfm_arch.o)
                0x0000000000006d10                arch_acquire_sched_lock
 .text.arch_release_sched_lock
                0x0000000000006d20       0x14 secure_fw/spm/libtfm_spm.a(tfm_arch.o)
                0x0000000000006d20                arch_release_sched_lock
 .text.arch_attempt_schedule
                0x0000000000006d34       0x2c secure_fw/spm/libtfm_spm.a(tfm_arch.o)
                0x0000000000006d34                arch_attempt_schedule
 .text.tfm_arch_init_context
                0x0000000000006d60       0x5c secure_fw/spm/libtfm_spm.a(tfm_arch.o)
                0x0000000000006d60                tfm_arch_init_context
 .text.tfm_spm_partition_psa_wait
                0x0000000000006dbc       0x3c secure_fw/spm/libtfm_spm.a(psa_api.o)
                0x0000000000006dbc                tfm_spm_partition_psa_wait
 .text.tfm_spm_partition_psa_get
                0x0000000000006df8       0xb0 secure_fw/spm/libtfm_spm.a(psa_api.o)
                0x0000000000006df8                tfm_spm_partition_psa_get
 .text.tfm_pool_alloc
                0x0000000000006ea8       0x20 secure_fw/spm/libtfm_spm.a(tfm_pools.o)
                0x0000000000006ea8                tfm_pool_alloc
 .text.is_valid_chunk_data_in_pool
                0x0000000000006ec8       0x38 secure_fw/spm/libtfm_spm.a(tfm_pools.o)
                0x0000000000006ec8                is_valid_chunk_data_in_pool
 .text.spm_associate_call_params
                0x0000000000006f00      0x18c secure_fw/spm/libtfm_spm.a(psa_call_api.o)
                0x0000000000006f00                spm_associate_call_params
 .text.tfm_spm_partition_psa_read
                0x000000000000708c       0x74 secure_fw/spm/libtfm_spm.a(psa_read_write_skip_api.o)
                0x000000000000708c                tfm_spm_partition_psa_read
 .text.tfm_spm_partition_psa_write
                0x0000000000007100       0x78 secure_fw/spm/libtfm_spm.a(psa_read_write_skip_api.o)
                0x0000000000007100                tfm_spm_partition_psa_write
 .text.tfm_core_panic
                0x0000000000007178        0x4 secure_fw/spm/libtfm_spm.a(utilities.o)
                0x0000000000007178                tfm_core_panic
 .text.tfm_arch_thread_fn_call
                0x000000000000717c       0x52 secure_fw/spm/libtfm_spm.a(tfm_arch_v8m_main.o)
                0x000000000000717c                tfm_arch_thread_fn_call
 .text.PendSV_Handler
                0x00000000000071ce       0x54 secure_fw/spm/libtfm_spm.a(tfm_arch_v8m_main.o)
                0x00000000000071ce                PendSV_Handler
 .text.tfm_arch_config_extensions
                0x0000000000007222        0x2 secure_fw/spm/libtfm_spm.a(tfm_arch_v8m_main.o)
                0x0000000000007222                tfm_arch_config_extensions
 .text.tfm_hal_activate_boundary
                0x0000000000007224       0x1c secure_fw/spm/libtfm_spm.a(tfm_hal_isolation.o)
                0x0000000000007224                tfm_hal_activate_boundary
 .text.tfm_hal_memory_check
                0x0000000000007240      0x132 secure_fw/spm/libtfm_spm.a(tfm_hal_isolation.o)
                0x0000000000007240                tfm_hal_memory_check
 .text.tfm_hal_set_up_static_boundaries
                0x0000000000007372       0x2a secure_fw/spm/libtfm_spm.a(tfm_hal_isolation.o)
                0x0000000000007372                tfm_hal_set_up_static_boundaries
 .text.tfm_hal_boundary_need_switch
                0x000000000000739c       0x1a secure_fw/spm/libtfm_spm.a(tfm_hal_isolation.o)
                0x000000000000739c                tfm_hal_boundary_need_switch
 .text.SPU_IRQHandler
                0x00000000000073b6       0x1c secure_fw/spm/libtfm_spm.a(faults.o)
                0x00000000000073b6                SPU_IRQHandler
 .text.spm_get_handle_by_signal
                0x00000000000073d2       0x4a secure_fw/spm/libtfm_spm.a(spm_ipc.o)
                0x00000000000073d2                spm_get_handle_by_signal
 .text.tfm_spm_check_client_version
                0x000000000000741c       0x24 secure_fw/spm/libtfm_spm.a(spm_ipc.o)
                0x000000000000741c                tfm_spm_check_client_version
 .text.spm_msg_handle_to_connection
                0x0000000000007440       0x28 secure_fw/spm/libtfm_spm.a(spm_ipc.o)
                0x0000000000007440                spm_msg_handle_to_connection
 .text.tfm_spm_get_client_id
                0x0000000000007468       0x20 secure_fw/spm/libtfm_spm.a(spm_ipc.o)
                0x0000000000007468                tfm_spm_get_client_id
 .text.update_caller_outvec_len
                0x0000000000007488       0x1e secure_fw/spm/libtfm_spm.a(spm_ipc.o)
                0x0000000000007488                update_caller_outvec_len
 .text.load_irqs_assuredly
                0x00000000000074a6        0x2 secure_fw/spm/libtfm_spm.a(rom_loader.o)
                0x00000000000074a6                load_irqs_assuredly
 .text.query_state
                0x00000000000074a8       0x42 secure_fw/spm/libtfm_spm.a(backend_ipc.o)
 .text.backend_wait_signals
                0x00000000000074ea       0x20 secure_fw/spm/libtfm_spm.a(backend_ipc.o)
                0x00000000000074ea                backend_wait_signals
 .text.backend_assert_signal
                0x000000000000750a       0x2c secure_fw/spm/libtfm_spm.a(backend_ipc.o)
                0x000000000000750a                backend_assert_signal
 .text.backend_messaging
                0x0000000000007536       0x40 secure_fw/spm/libtfm_spm.a(backend_ipc.o)
                0x0000000000007536                backend_messaging
 .text.backend_replying
                0x0000000000007576        0xa secure_fw/spm/libtfm_spm.a(backend_ipc.o)
                0x0000000000007576                backend_replying
 .text.backend_abi_leaving_spm
                0x0000000000007580       0x1e secure_fw/spm/libtfm_spm.a(backend_ipc.o)
                0x0000000000007580                backend_abi_leaving_spm
 .text.thrd_start_scheduler
                0x000000000000759e       0x1c secure_fw/spm/libtfm_spm.a(thread.o)
                0x000000000000759e                thrd_start_scheduler
 .text.tfm_hal_platform_common_init
                0x00000000000075ba       0x36 secure_fw/spm/libtfm_spm.a(tfm_hal_platform_common.o)
                0x00000000000075ba                tfm_hal_platform_common_init
 .text.tfm_arch_free_msp_and_exc_ret
                0x00000000000075f0        0x8 secure_fw/spm/libtfm_spm.a(tfm_arch.o)
                0x00000000000075f0                tfm_arch_free_msp_and_exc_ret
 .text.tfm_arch_set_context_ret_code
                0x00000000000075f8        0x6 secure_fw/spm/libtfm_spm.a(tfm_arch.o)
                0x00000000000075f8                tfm_arch_set_context_ret_code
 .text.tfm_arch_refresh_hardware_context
                0x00000000000075fe       0x16 secure_fw/spm/libtfm_spm.a(tfm_arch.o)
                0x00000000000075fe                tfm_arch_refresh_hardware_context
 .text.spm_handle_programmer_errors
                0x0000000000007614       0x18 secure_fw/spm/libtfm_spm.a(psa_api.o)
                0x0000000000007614                spm_handle_programmer_errors
 .text.tfm_spm_get_lifecycle_state
                0x000000000000762c       0x40 secure_fw/spm/libtfm_spm.a(psa_api.o)
                0x000000000000762c                tfm_spm_get_lifecycle_state
 .text.tfm_spm_partition_psa_reply
                0x000000000000766c       0x9a secure_fw/spm/libtfm_spm.a(psa_api.o)
                0x000000000000766c                tfm_spm_partition_psa_reply
 .text.tfm_spm_partition_psa_panic
                0x0000000000007706        0xc secure_fw/spm/libtfm_spm.a(psa_api.o)
                0x0000000000007706                tfm_spm_partition_psa_panic
 .text.tfm_pool_init
                0x0000000000007712       0x5c secure_fw/spm/libtfm_spm.a(tfm_pools.o)
                0x0000000000007712                tfm_pool_init
 .text.tfm_pool_free
                0x000000000000776e       0x14 secure_fw/spm/libtfm_spm.a(tfm_pools.o)
                0x000000000000776e                tfm_pool_free
 .text.tfm_spm_client_psa_call
                0x0000000000007782       0x4e secure_fw/spm/libtfm_spm.a(psa_call_api.o)
                0x0000000000007782                tfm_spm_client_psa_call
 .text.tfm_spm_client_psa_framework_version
                0x00000000000077d0        0x6 secure_fw/spm/libtfm_spm.a(psa_version_api.o)
                0x00000000000077d0                tfm_spm_client_psa_framework_version
 .text.tfm_spm_client_psa_version
                0x00000000000077d6       0x2c secure_fw/spm/libtfm_spm.a(psa_version_api.o)
                0x00000000000077d6                tfm_spm_client_psa_version
 .text.tfm_spm_partition_psa_skip
                0x0000000000007802       0x3c secure_fw/spm/libtfm_spm.a(psa_read_write_skip_api.o)
                0x0000000000007802                tfm_spm_partition_psa_skip
 *libplatform_s*:*(.rodata*)
 .rodata.CSWTCH.19
                0x000000000000783e        0x4 platform/libplatform_s.a(system_nrf5340_application.o)
 .rodata.CSWTCH.7
                0x0000000000007842        0x4 platform/libplatform_s.a(system_nrf5340_application.o)
 .rodata.CSWTCH.5
                0x0000000000007846        0x4 platform/libplatform_s.a(system_nrf5340_application.o)
 .rodata.store_and_dump_context.str1.1
                0x000000000000784a       0x8b platform/libplatform_s.a(exception_info.o)
 *fill*         0x00000000000078d5        0x3 
 .rodata.Driver_USART1
                0x00000000000078d8       0x38 platform/libplatform_s.a(Driver_USART.o)
                0x00000000000078d8                Driver_USART1
 .rodata.UART1_pins
                0x0000000000007910       0x10 platform/libplatform_s.a(Driver_USART.o)
 .rodata.DriverVersion
                0x0000000000007920        0x4 platform/libplatform_s.a(Driver_USART.o)
 *fill*         0x0000000000007924        0xc 
 .rodata.delay_machine_code.0
                0x0000000000007930        0x6 platform/libplatform_s.a(nrfx_uarte.o)
 *fill*         0x0000000000007936        0x2 
 .rodata.Driver_FLASH0
                0x0000000000007938       0x2c platform/libplatform_s.a(Driver_Flash.o)
                0x0000000000007938                Driver_FLASH0
 .rodata.FlashInfo
                0x0000000000007964       0x18 platform/libplatform_s.a(Driver_Flash.o)
 .rodata.nrf_exception_info_store_context.str1.1
                0x000000000000797c       0x16 platform/libplatform_s.a(nrf_exception_info.o)
 .rodata.tfm_hal_platform_init.str1.1
                0x0000000000007992       0x75 platform/libplatform_s.a(tfm_hal_platform.o)
 .rodata.hw_unique_key_write_random.str1.1
                0x0000000000007a07      0x137 platform/libplatform_s.a(hw_unique_key_cc3xx.o)
 .rodata.hw_unique_key_derive_key.str1.1
                0x0000000000007b3e       0x46 platform/libplatform_s.a(hw_unique_key_cc3xx.o)
 .rodata.hw_unique_key_write.str1.1
                0x0000000000007b84       0x34 platform/libplatform_s.a(hw_unique_key_cc3xx_kmu.o)
 .rodata.data_width_byte
                0x0000000000007bb8        0xc platform/libplatform_s.a(flash_otp_nv_counters_backend.o)
 .rodata.ranges
                0x0000000000007bc4       0x28 platform/libplatform_s.a(tfm_platform_hal_ioctl.o)
 *libtfm_spm*:*(.rodata*)
 .rodata.HEX_TABLE
                0x0000000000007bec       0x10 secure_fw/spm/libtfm_spm.a(spm_log.o)
 .rodata.main.str1.1
                0x0000000000007bfc       0x5b secure_fw/spm/libtfm_spm.a(main.o)
 *fill*         0x0000000000007c57        0x1 
 .rodata.target_peripherals.0
                0x0000000000007c58       0xa4 secure_fw/spm/libtfm_spm.a(target_cfg.o)
 .rodata.memory_regions
                0x0000000000007cfc       0x1c secure_fw/spm/libtfm_spm.a(target_cfg.o)
                0x0000000000007cfc                memory_regions
 .rodata.serv_pool_ea
                0x0000000000007d18        0x4 secure_fw/spm/libtfm_spm.a(rom_loader.o)
 .rodata.part_pool_ea
                0x0000000000007d1c        0x4 secure_fw/spm/libtfm_spm.a(rom_loader.o)
 .rodata.ldinf_ea
                0x0000000000007d20        0x4 secure_fw/spm/libtfm_spm.a(rom_loader.o)
 .rodata.spm_svc_handler.str1.1
                0x0000000000007d24       0x3b secure_fw/spm/libtfm_spm.a(tfm_svcalls.o)

.glue_7         0x0000000000007d60        0x0
 .glue_7        0x0000000000007d60        0x0 linker stubs

.glue_7t        0x0000000000007d60        0x0
 .glue_7t       0x0000000000007d60        0x0 linker stubs

.vfp11_veneer   0x0000000000007d60        0x0
 .vfp11_veneer  0x0000000000007d60        0x0 linker stubs

.v4_bx          0x0000000000007d60        0x0
 .v4_bx         0x0000000000007d60        0x0 linker stubs

.iplt           0x0000000000007d60        0x0
 .iplt          0x0000000000007d60        0x0 c:/ncs/toolchains/b620d30767/opt/zephyr-sdk/arm-zephyr-eabi/bin/../lib/gcc/arm-zephyr-eabi/12.2.0/thumb/v8-m.main/nofp/crtbegin.o

.psa_interface_thread_fn_call
                0x0000000000007d60       0xb0
 .psa_interface_thread_fn_call
                0x0000000000007d60       0xb0 secure_fw/partitions/lib/runtime/libtfm_sprt.a(psa_interface_thread_fn_call.o)
                0x0000000000007d60                psa_framework_version_thread_fn_call
                0x0000000000007d6c                psa_version_thread_fn_call
                0x0000000000007d78                tfm_psa_call_pack_thread_fn_call
                0x0000000000007d84                psa_wait_thread_fn_call
                0x0000000000007d90                psa_get_thread_fn_call
                0x0000000000007d9c                psa_read_thread_fn_call
                0x0000000000007da8                psa_skip_thread_fn_call
                0x0000000000007db4                psa_write_thread_fn_call
                0x0000000000007dc0                psa_reply_thread_fn_call
                0x0000000000007dcc                psa_panic_thread_fn_call
                0x0000000000007dd8                psa_rot_lifecycle_state_thread_fn_call

.TFM_UNPRIV_CODE
                0x0000000000007e20     0xdb40
 *(SORT_BY_ALIGNMENT(.text*))
 .text          0x0000000000007e20       0x88 c:/ncs/toolchains/b620d30767/opt/zephyr-sdk/arm-zephyr-eabi/bin/../lib/gcc/arm-zephyr-eabi/12.2.0/thumb/v8-m.main/nofp/crtbegin.o
 .text          0x0000000000007ea8       0x7c c:/ncs/toolchains/b620d30767/opt/zephyr-sdk/arm-zephyr-eabi/bin/../lib/gcc/arm-zephyr-eabi/12.2.0/../../../../arm-zephyr-eabi/lib/thumb/v8-m.main/nofp/crt0.o
                0x0000000000007ea8                _stack_init
                0x0000000000007eb0                _start
                0x0000000000007eb0                _mainCRTStartup
 .text.tfm_psa_framework_version_veneer
                0x0000000000007f24       0x24 secure_fw/CMakeFiles/tfm_s.dir/partitions/ns_agent_tz/psa_api_veneers_v80m.o
                0x0000000000007f24                __acle_se_tfm_psa_framework_version_veneer
 .text.tfm_psa_version_veneer
                0x0000000000007f48       0x24 secure_fw/CMakeFiles/tfm_s.dir/partitions/ns_agent_tz/psa_api_veneers_v80m.o
                0x0000000000007f48                __acle_se_tfm_psa_version_veneer
 .text.tfm_psa_call_veneer
                0x0000000000007f6c       0x2c secure_fw/CMakeFiles/tfm_s.dir/partitions/ns_agent_tz/psa_api_veneers_v80m.o
                0x0000000000007f6c                __acle_se_tfm_psa_call_veneer
 .text.tfm_psa_connect_veneer
                0x0000000000007f98       0x1c secure_fw/CMakeFiles/tfm_s.dir/partitions/ns_agent_tz/psa_api_veneers_v80m.o
                0x0000000000007f98                __acle_se_tfm_psa_connect_veneer
 .text.tfm_psa_close_veneer
                0x0000000000007fb4       0x14 secure_fw/CMakeFiles/tfm_s.dir/partitions/ns_agent_tz/psa_api_veneers_v80m.o
                0x0000000000007fb4                __acle_se_tfm_psa_close_veneer
 .text.psa_framework_version
                0x0000000000007fc8       0x10 secure_fw/partitions/lib/runtime/libtfm_sprt.a(psa_api_ipc.o)
                0x0000000000007fc8                psa_framework_version
 .text.psa_version
                0x0000000000007fd8       0x10 secure_fw/partitions/lib/runtime/libtfm_sprt.a(psa_api_ipc.o)
                0x0000000000007fd8                psa_version
 .text.tfm_psa_call_pack