Archive member included to satisfy reference by file (symbol)

platform/libplatform_s.a(system_nrf5340_application.o)
                              secure_fw/CMakeFiles/tfm_s.dir/__/platform/ext/target/nordic_nrf/common/core/startup.o (SystemInit)
platform/libplatform_s.a(exception_info.o)
                              secure_fw/CMakeFiles/tfm_s.dir/__/platform/ext/target/nordic_nrf/common/core/startup_nrf5340.o (store_and_dump_context)
platform/libplatform_s.a(tfm_hal_spm_logdev_peripheral.o)
                              platform/libplatform_s.a(exception_info.o) (tfm_hal_output_spm_log)
platform/libplatform_s.a(uart_stdout.o)
                              platform/libplatform_s.a(tfm_hal_spm_logdev_peripheral.o) (stdio_output_string)
platform/libplatform_s.a(Driver_USART.o)
                              platform/libplatform_s.a(uart_stdout.o) (Driver_USART1)
platform/libplatform_s.a(nrfx_uarte.o)
                              platform/libplatform_s.a(Driver_USART.o) (nrfx_uarte_init)
platform/libplatform_s.a(nrfx_glue.o)
                              platform/libplatform_s.a(nrfx_uarte.o) (nrfx_critical_section_enter)
secure_fw/partitions/lib/runtime/libtfm_sprt.a(crt_memmove.o)
                              platform/libplatform_s.a(nrfx_uarte.o) (memmove)
secure_fw/partitions/lib/runtime/libtfm_sprt.a(crt_memcpy.o)
                              platform/libplatform_s.a(exception_info.o) (memcpy)
secure_fw/partitions/lib/runtime/libtfm_sprt.a(crt_memset.o)
                              c:/ncs/toolchains/b620d30767/opt/zephyr-sdk/arm-zephyr-eabi/bin/../lib/gcc/arm-zephyr-eabi/12.2.0/../../../../arm-zephyr-eabi/lib/thumb/v8-m.main+fp/hard/crt0.o (memset)
secure_fw/partitions/lib/runtime/libtfm_sprt.a(psa_api_ipc.o)
                              secure_fw/CMakeFiles/tfm_s.dir/partitions/ns_agent_tz/psa_api_veneers_v80m.o (psa_framework_version)
secure_fw/partitions/lib/runtime/libtfm_sprt.a(sprt_partition_metadata_indicator.o)
                              secure_fw/partitions/lib/runtime/libtfm_sprt.a(psa_api_ipc.o) (p_partition_metadata)
secure_fw/spm/libtfm_spm.a(utilities.o)
                              secure_fw/CMakeFiles/tfm_s.dir/__/platform/ext/target/nordic_nrf/common/core/startup.o (tfm_core_panic)
secure_fw/spm/libtfm_spm.a(spm_log.o)
                              platform/libplatform_s.a(exception_info.o) (spm_log_msgval)
secure_fw/spm/libtfm_spm.a(main.o)
                              c:/ncs/toolchains/b620d30767/opt/zephyr-sdk/arm-zephyr-eabi/bin/../lib/gcc/arm-zephyr-eabi/12.2.0/../../../../arm-zephyr-eabi/lib/thumb/v8-m.main+fp/hard/crt0.o (main)
secure_fw/spm/libtfm_spm.a(tfm_arch_v8m_main.o)
                              secure_fw/spm/libtfm_spm.a(main.o) (tfm_arch_set_secure_exception_priorities)
secure_fw/spm/libtfm_spm.a(ns_agent_tz_v80m.o)
                              secure_fw/CMakeFiles/tfm_s.dir/partitions/ns_agent_tz/load_info_ns_agent_tz.o (ns_agent_tz_main)
secure_fw/spm/libtfm_spm.a(tfm_hal_isolation.o)
                              secure_fw/spm/libtfm_spm.a(main.o) (tfm_hal_set_up_static_boundaries)
secure_fw/spm/libtfm_spm.a(faults.o)
                              secure_fw/CMakeFiles/tfm_s.dir/__/platform/ext/target/nordic_nrf/common/core/startup_nrf5340.o (SPU_IRQHandler)
secure_fw/spm/libtfm_spm.a(target_cfg.o)
                              secure_fw/spm/libtfm_spm.a(tfm_hal_isolation.o) (sau_and_idau_cfg)
secure_fw/spm/libtfm_spm.a(tfm_boot_data.o)
                              secure_fw/spm/libtfm_spm.a(main.o) (tfm_core_validate_boot_data)
secure_fw/spm/libtfm_spm.a(spm_ipc.o)
                              secure_fw/spm/libtfm_spm.a(tfm_boot_data.o) (tfm_spm_partition_get_running_partition_id)
secure_fw/spm/libtfm_spm.a(rom_loader.o)
                              secure_fw/spm/libtfm_spm.a(spm_ipc.o) (load_a_partition_assuredly)
secure_fw/spm/libtfm_spm.a(backend_ipc.o)
                              secure_fw/spm/libtfm_spm.a(spm_ipc.o) (backend_init_comp_assuredly)
secure_fw/spm/libtfm_spm.a(tfm_svcalls.o)
                              secure_fw/spm/libtfm_spm.a(tfm_arch_v8m_main.o) (spm_svc_handler)
secure_fw/spm/libtfm_spm.a(thread.o)
                              secure_fw/spm/libtfm_spm.a(backend_ipc.o) (thrd_set_query_callback)
secure_fw/spm/libtfm_spm.a(tfm_spm_ns_ctx.o)
                              secure_fw/spm/libtfm_spm.a(backend_ipc.o) (tz_ns_agent_register_client_id_range)
secure_fw/spm/libtfm_spm.a(spm_connection_pool.o)
                              secure_fw/spm/libtfm_spm.a(spm_ipc.o) (connection_to_handle)
secure_fw/spm/libtfm_spm.a(tfm_hal_platform_common.o)
                              secure_fw/spm/libtfm_spm.a(tfm_spm_ns_ctx.o) (tfm_hal_get_ns_VTOR)
secure_fw/spm/libtfm_spm.a(tfm_arch.o)
                              secure_fw/spm/libtfm_spm.a(tfm_svcalls.o) (tfm_arch_free_msp_and_exc_ret)
secure_fw/spm/libtfm_spm.a(psa_api.o)
                              secure_fw/spm/libtfm_spm.a(backend_ipc.o) (spm_handle_programmer_errors)
[...]
Memory Configuration

Name             Origin             Length             Attributes
FLASH            0x0000000000000000 0x0000000000040000 xr
RAM              0x0000000020000000 0x0000000000030000 rw
*default*        0x0000000000000000 0xffffffffffffffff

Linker script and memory map

LOAD c:/ncs/toolchains/b620d30767/opt/zephyr-sdk/arm-zephyr-eabi/bin/../lib/gcc/arm-zephyr-eabi/12.2.0/thumb/v8-m.main+fp/hard/crti.o
LOAD c:/ncs/toolchains/b620d30767/opt/zephyr-sdk/arm-zephyr-eabi/bin/../lib/gcc/arm-zephyr-eabi/12.2.0/thumb/v8-m.main+fp/hard/crtbegin.o
LOAD c:/ncs/toolchains/b620d30767/opt/zephyr-sdk/arm-zephyr-eabi/bin/../lib/gcc/arm-zephyr-eabi/12.2.0/../../../../arm-zephyr-eabi/lib/thumb/v8-m.main+fp/hard/crt0.o
LOAD secure_fw/CMakeFiles/tfm_s.dir/partitions/ns_agent_tz/psa_api_veneers_v80m.o
LOAD secure_fw/CMakeFiles/tfm_s.dir/__/platform/ext/target/nordic_nrf/common/core/startup.o
LOAD secure_fw/CMakeFiles/tfm_s.dir/__/platform/ext/target/nordic_nrf/common/core/startup_nrf5340.o
LOAD secure_fw/CMakeFiles/tfm_s.dir/__/platform/ext/common/faults.o
LOAD secure_fw/CMakeFiles/tfm_s.dir/__/generated/secure_fw/partitions/crypto/auto_generated/load_info_tfm_crypto.o
LOAD secure_fw/CMakeFiles/tfm_s.dir/__/generated/secure_fw/partitions/protected_storage/auto_generated/load_info_tfm_protected_storage.o
LOAD secure_fw/CMakeFiles/tfm_s.dir/__/generated/secure_fw/partitions/internal_trusted_storage/auto_generated/load_info_tfm_internal_trusted_storage.o
LOAD secure_fw/CMakeFiles/tfm_s.dir/__/generated/secure_fw/partitions/platform/auto_generated/load_info_tfm_platform.o
LOAD secure_fw/CMakeFiles/tfm_s.dir/partitions/ns_agent_tz/load_info_ns_agent_tz.o
LOAD secure_fw/CMakeFiles/tfm_s.dir/__/platform/ext/common/syscalls_stub.o
LOAD platform/libplatform_s.a
LOAD secure_fw/partitions/lib/runtime/libtfm_sprt.a
LOAD secure_fw/spm/libtfm_spm.a
LOAD secure_fw/partitions/crypto/libtfm_psa_rot_partition_crypto.a
LOAD platform/libplatform_crypto_keys.a
LOAD secure_fw/partitions/crypto/mbedcrypto/nrf_security_src/libcrypto_service_mbedcrypto.a
LOAD secure_fw/partitions/protected_storage/libtfm_app_rot_partition_ps.a
LOAD secure_fw/partitions/internal_trusted_storage/libtfm_psa_rot_partition_its.a
LOAD secure_fw/partitions/platform/libtfm_psa_rot_partition_platform.a
LOAD secure_fw/partitions/lib/runtime/libtfm_sp_log.a
LOAD secure_fw/partitions/crypto/mbedcrypto/nrf_security_src/libmbedcrypto_base.a
LOAD secure_fw/partitions/crypto/mbedcrypto/nrf_security_src/core/nrf_oberon/liboberon_psa_core.a
LOAD secure_fw/partitions/crypto/mbedcrypto/nrf_security_src/libnrf_security_utils.a
LOAD secure_fw/partitions/crypto/mbedcrypto/nrf_security_src/drivers/nrf_oberon/liboberon_psa_driver.a
LOAD C:/ncs/v3.0.0/nrfxlib/crypto/nrf_oberon/lib/cortex-m33/hard-float/liboberon_mbedtls_3.0.16.a
LOAD platform/libplatform_s.a
LOAD secure_fw/partitions/lib/runtime/libtfm_sprt.a
LOAD secure_fw/spm/libtfm_spm.a
LOAD secure_fw/partitions/crypto/libtfm_psa_rot_partition_crypto.a
LOAD platform/libplatform_crypto_keys.a
LOAD secure_fw/partitions/crypto/mbedcrypto/nrf_security_src/libcrypto_service_mbedcrypto.a
LOAD secure_fw/partitions/protected_storage/libtfm_app_rot_partition_ps.a
LOAD secure_fw/partitions/internal_trusted_storage/libtfm_psa_rot_partition_its.a
LOAD secure_fw/partitions/platform/libtfm_psa_rot_partition_platform.a
LOAD secure_fw/partitions/lib/runtime/libtfm_sp_log.a
LOAD secure_fw/partitions/crypto/mbedcrypto/nrf_security_src/libmbedcrypto_base.a
LOAD secure_fw/partitions/crypto/mbedcrypto/nrf_security_src/core/nrf_oberon/liboberon_psa_core.a
LOAD secure_fw/partitions/crypto/mbedcrypto/nrf_security_src/libnrf_security_utils.a
LOAD secure_fw/partitions/crypto/mbedcrypto/nrf_security_src/drivers/nrf_oberon/liboberon_psa_driver.a
LOAD C:/ncs/v3.0.0/nrfxlib/crypto/nrf_oberon/lib/cortex-m33/hard-float/liboberon_mbedtls_3.0.16.a
LOAD platform/libplatform_s.a
LOAD secure_fw/partitions/lib/runtime/libtfm_sprt.a
LOAD secure_fw/spm/libtfm_spm.a
LOAD secure_fw/partitions/crypto/libtfm_psa_rot_partition_crypto.a
LOAD platform/libplatform_crypto_keys.a
LOAD secure_fw/partitions/crypto/mbedcrypto/nrf_security_src/libcrypto_service_mbedcrypto.a
LOAD secure_fw/partitions/protected_storage/libtfm_app_rot_partition_ps.a
LOAD secure_fw/partitions/internal_trusted_storage/libtfm_psa_rot_partition_its.a
LOAD secure_fw/partitions/platform/libtfm_psa_rot_partition_platform.a
LOAD secure_fw/partitions/lib/runtime/libtfm_sp_log.a
LOAD secure_fw/partitions/crypto/mbedcrypto/nrf_security_src/libmbedcrypto_base.a
LOAD secure_fw/partitions/crypto/mbedcrypto/nrf_security_src/core/nrf_oberon/liboberon_psa_core.a
LOAD secure_fw/partitions/crypto/mbedcrypto/nrf_security_src/libnrf_security_utils.a
LOAD secure_fw/partitions/crypto/mbedcrypto/nrf_security_src/drivers/nrf_oberon/liboberon_psa_driver.a
LOAD C:/ncs/v3.0.0/nrfxlib/crypto/nrf_oberon/lib/cortex-m33/hard-float/liboberon_mbedtls_3.0.16.a
LOAD C:/ncs/v3.0.0/nrfxlib/crypto/nrf_cc312_platform/lib/cortex-m33/hard-float/no-interrupts/libnrf_cc312_platform_0.9.19.a
LOAD c:/ncs/toolchains/b620d30767/opt/zephyr-sdk/arm-zephyr-eabi/bin/../lib/gcc/arm-zephyr-eabi/12.2.0/../../../../arm-zephyr-eabi/lib/thumb/v8-m.main+fp/hard\libc_nano.a
LOAD C:/ncs/v3.0.0/nrfxlib/crypto/nrf_oberon/lib/cortex-m33/hard-float/liboberon_3.0.16.a
START GROUP
LOAD c:/ncs/toolchains/b620d30767/opt/zephyr-sdk/arm-zephyr-eabi/bin/../lib/gcc/arm-zephyr-eabi/12.2.0/thumb/v8-m.main+fp/hard\libgcc.a
LOAD c:/ncs/toolchains/b620d30767/opt/zephyr-sdk/arm-zephyr-eabi/bin/../lib/gcc/arm-zephyr-eabi/12.2.0/../../../../arm-zephyr-eabi/lib/thumb/v8-m.main+fp/hard\libc_nano.a
END GROUP
START GROUP
LOAD c:/ncs/toolchains/b620d30767/opt/zephyr-sdk/arm-zephyr-eabi/bin/../lib/gcc/arm-zephyr-eabi/12.2.0/thumb/v8-m.main+fp/hard\libgcc.a
LOAD c:/ncs/toolchains/b620d30767/opt/zephyr-sdk/arm-zephyr-eabi/bin/../lib/gcc/arm-zephyr-eabi/12.2.0/../../../../arm-zephyr-eabi/lib/thumb/v8-m.main+fp/hard\libc_nano.a
LOAD c:/ncs/toolchains/b620d30767/opt/zephyr-sdk/arm-zephyr-eabi/bin/../lib/gcc/arm-zephyr-eabi/12.2.0/../../../../arm-zephyr-eabi/lib/thumb/v8-m.main+fp/hard\libnosys.a
END GROUP
START GROUP
LOAD c:/ncs/toolchains/b620d30767/opt/zephyr-sdk/arm-zephyr-eabi/bin/../lib/gcc/arm-zephyr-eabi/12.2.0/thumb/v8-m.main+fp/hard\libgcc.a
LOAD c:/ncs/toolchains/b620d30767/opt/zephyr-sdk/arm-zephyr-eabi/bin/../lib/gcc/arm-zephyr-eabi/12.2.0/../../../../arm-zephyr-eabi/lib/thumb/v8-m.main+fp/hard\libc_nano.a
LOAD c:/ncs/toolchains/b620d30767/opt/zephyr-sdk/arm-zephyr-eabi/bin/../lib/gcc/arm-zephyr-eabi/12.2.0/../../../../arm-zephyr-eabi/lib/thumb/v8-m.main+fp/hard\libnosys.a
END GROUP
LOAD c:/ncs/toolchains/b620d30767/opt/zephyr-sdk/arm-zephyr-eabi/bin/../lib/gcc/arm-zephyr-eabi/12.2.0/thumb/v8-m.main+fp/hard/crtend.o
LOAD c:/ncs/toolchains/b620d30767/opt/zephyr-sdk/arm-zephyr-eabi/bin/../lib/gcc/arm-zephyr-eabi/12.2.0/thumb/v8-m.main+fp/hard/crtn.o
                0x0000000000000800                __msp_stack_size__ = 0x800
                0x0000000000000000                Image$$PT_RO_START$$Base = ADDR (.TFM_VECTORS)

.TFM_VECTORS    0x0000000000000000      0x154
                0x0000000000000000                __vectors_start__ = .
 *(.vectors)
 .vectors       0x0000000000000000      0x154 secure_fw/CMakeFiles/tfm_s.dir/__/platform/ext/target/nordic_nrf/common/core/startup_nrf5340.o
                0x0000000000000000                __Vectors
                0x0000000000000154                . = ALIGN (0x4)
                0x0000000000000154                __vectors_end__ = .
                0x0000000000000001                ASSERT ((__vectors_start__ != __vectors_end__), .vectors should not be empty)
                0x0000000000000001                ASSERT ((. <= (ADDR (.TFM_VECTORS) + 0x154)), .TFM_VECTORS section size overflow.)
                0x0000000000000154                . = (ADDR (.TFM_VECTORS) + 0x154)

.TFM_SP_LOAD_LIST
                0x0000000000000154      0x188
 *(.part_load_priority_00)
 .part_load_priority_00
                0x0000000000000154       0x38 secure_fw/CMakeFiles/tfm_s.dir/partitions/ns_agent_tz/load_info_ns_agent_tz.o
                0x0000000000000154                tfm_sp_ns_agent_tz_load
 *(.part_load_priority_01)
 *(.part_load_priority_02)
 .part_load_priority_02
                0x000000000000018c       0x54 secure_fw/CMakeFiles/tfm_s.dir/__/generated/secure_fw/partitions/crypto/auto_generated/load_info_tfm_crypto.o
                0x000000000000018c                tfm_sp_crypto_load
 .part_load_priority_02
                0x00000000000001e0       0x5c secure_fw/CMakeFiles/tfm_s.dir/__/generated/secure_fw/partitions/protected_storage/auto_generated/load_info_tfm_protected_storage.o
                0x00000000000001e0                tfm_sp_ps_load
 .part_load_priority_02
                0x000000000000023c       0x50 secure_fw/CMakeFiles/tfm_s.dir/__/generated/secure_fw/partitions/internal_trusted_storage/auto_generated/load_info_tfm_internal_trusted_storage.o
                0x000000000000023c                tfm_sp_its_load
 .part_load_priority_02
                0x000000000000028c       0x50 secure_fw/CMakeFiles/tfm_s.dir/__/generated/secure_fw/partitions/platform/auto_generated/load_info_tfm_platform.o
                0x000000000000028c                tfm_sp_platform_load
 *(.part_load_priority_03)
                0x0000000000000154                Image$$TFM_SP_LOAD_LIST$$RO$$Base = ADDR (.TFM_SP_LOAD_LIST)
                0x00000000000002dc                Image$$TFM_SP_LOAD_LIST$$RO$$Limit = (ADDR (.TFM_SP_LOAD_LIST) + SIZEOF (.TFM_SP_LOAD_LIST))
                0x00000000000002e0                . = ALIGN (0x20)
                0x00000000000002e0                Image$$TFM_PSA_CODE_START$$Base = .

.TFM_PSA_ROT_LINKER
                0x00000000000002e0     0x2920
 *tfm_psa_rot_partition*:(SORT_BY_ALIGNMENT(.text*))
 .text.tfm_crypto_clear_scratch
                0x00000000000002e0       0x24 secure_fw/partitions/crypto/libtfm_psa_rot_partition_crypto.a(crypto_init.o)
 .text.tfm_crypto_get_caller_id
                0x0000000000000304       0x10 secure_fw/partitions/crypto/libtfm_psa_rot_partition_crypto.a(crypto_init.o)
                0x0000000000000304                tfm_crypto_get_caller_id
 .text.tfm_crypto_api_dispatcher
                0x0000000000000314       0xbc secure_fw/partitions/crypto/libtfm_psa_rot_partition_crypto.a(crypto_init.o)
                0x0000000000000314                tfm_crypto_api_dispatcher
 .text.tfm_crypto_sfn
                0x00000000000003d0      0x188 secure_fw/partitions/crypto/libtfm_psa_rot_partition_crypto.a(crypto_init.o)
                0x00000000000003d0                tfm_crypto_sfn
 .text.tfm_crypto_init_alloc
                0x0000000000000558       0x18 secure_fw/partitions/crypto/libtfm_psa_rot_partition_crypto.a(crypto_alloc.o)
                0x0000000000000558                tfm_crypto_init_alloc
 .text.tfm_crypto_operation_alloc
                0x0000000000000570       0x68 secure_fw/partitions/crypto/libtfm_psa_rot_partition_crypto.a(crypto_alloc.o)
                0x0000000000000570                tfm_crypto_operation_alloc
 .text.tfm_crypto_operation_release
                0x00000000000005d8       0x5c secure_fw/partitions/crypto/libtfm_psa_rot_partition_crypto.a(crypto_alloc.o)
                0x00000000000005d8                tfm_crypto_operation_release
 .text.tfm_crypto_operation_lookup
                0x0000000000000634       0x58 secure_fw/partitions/crypto/libtfm_psa_rot_partition_crypto.a(crypto_alloc.o)
                0x0000000000000634                tfm_crypto_operation_lookup
 .text.tfm_crypto_library_get_info
                0x000000000000068c       0x1c secure_fw/partitions/crypto/libtfm_psa_rot_partition_crypto.a(crypto_library.o)
                0x000000000000068c                tfm_crypto_library_get_info
 .text.tfm_crypto_core_library_init
                0x00000000000006a8       0x20 secure_fw/partitions/crypto/libtfm_psa_rot_partition_crypto.a(crypto_library.o)
                0x00000000000006a8                tfm_crypto_core_library_init
 .text.tfm_internal_trusted_storage_service_sfn
                0x00000000000006c8      0x118 secure_fw/partitions/internal_trusted_storage/libtfm_psa_rot_partition_its.a(tfm_its_req_mngr.o)
                0x00000000000006c8                tfm_internal_trusted_storage_service_sfn
 .text.its_req_mngr_read
                0x00000000000007e0       0x14 secure_fw/partitions/internal_trusted_storage/libtfm_psa_rot_partition_its.a(tfm_its_req_mngr.o)
                0x00000000000007e0                its_req_mngr_read
 .text.its_req_mngr_write
                0x00000000000007f4       0x14 secure_fw/partitions/internal_trusted_storage/libtfm_psa_rot_partition_its.a(tfm_its_req_mngr.o)
                0x00000000000007f4                its_req_mngr_write
 .text.get_file_info
                0x0000000000000808       0x60 secure_fw/partitions/internal_trusted_storage/libtfm_psa_rot_partition_its.a(tfm_internal_trusted_storage.o)
 .text.tfm_its_init
                0x0000000000000868      0x104 secure_fw/partitions/internal_trusted_storage/libtfm_psa_rot_partition_its.a(tfm_internal_trusted_storage.o)
                0x0000000000000868                tfm_its_init
 .text.tfm_its_set
                0x000000000000096c       0xb8 secure_fw/partitions/internal_trusted_storage/libtfm_psa_rot_partition_its.a(tfm_internal_trusted_storage.o)
                0x000000000000096c                tfm_its_set
 .text.tfm_its_get
                0x0000000000000a24       0xa4 secure_fw/partitions/internal_trusted_storage/libtfm_psa_rot_partition_its.a(tfm_internal_trusted_storage.o)
                0x0000000000000a24                tfm_its_get
 .text.tfm_its_get_info
                0x0000000000000ac8       0x24 secure_fw/partitions/internal_trusted_storage/libtfm_psa_rot_partition_its.a(tfm_internal_trusted_storage.o)
                0x0000000000000ac8                tfm_its_get_info
 .text.tfm_its_remove
                0x0000000000000aec       0x44 secure_fw/partitions/internal_trusted_storage/libtfm_psa_rot_partition_its.a(tfm_internal_trusted_storage.o)
                0x0000000000000aec                tfm_its_remove
 .text.its_flash_nor_write
                0x0000000000000b30       0x44 secure_fw/partitions/internal_trusted_storage/libtfm_psa_rot_partition_its.a(its_flash_nor.o)
 .text.its_flash_nor_read
                0x0000000000000b74       0xc8 secure_fw/partitions/internal_trusted_storage/libtfm_psa_rot_partition_its.a(its_flash_nor.o)
 .text.derive_subkey_into_buffer
                0x0000000000000c3c      0x110 secure_fw/partitions/crypto/libtfm_psa_rot_partition_crypto.a(tfm_builtin_key_loader.o)
 .text.tfm_builtin_key_loader_init
                0x0000000000000d4c       0xe0 secure_fw/partitions/crypto/libtfm_psa_rot_partition_crypto.a(tfm_builtin_key_loader.o)
                0x0000000000000d4c                tfm_builtin_key_loader_init
 .text.tfm_builtin_key_loader_get_key_buffer_size
                0x0000000000000e2c       0x5c secure_fw/partitions/crypto/libtfm_psa_rot_partition_crypto.a(tfm_builtin_key_loader.o)
                0x0000000000000e2c                tfm_builtin_key_loader_get_key_buffer_size
 .text.tfm_builtin_key_loader_get_builtin_key
                0x0000000000000e88      0x11c secure_fw/partitions/crypto/libtfm_psa_rot_partition_crypto.a(tfm_builtin_key_loader.o)
                0x0000000000000e88                tfm_builtin_key_loader_get_builtin_key
 .text.tfm_crypto_init
                0x0000000000000fa4       0x1c secure_fw/partitions/crypto/libtfm_psa_rot_partition_crypto.a(crypto_init.o)
                0x0000000000000fa4                tfm_crypto_init
 .text.tfm_crypto_cipher_interface
                0x0000000000000fc0      0x1a8 secure_fw/partitions/crypto/libtfm_psa_rot_partition_crypto.a(crypto_cipher.o)
                0x0000000000000fc0                tfm_crypto_cipher_interface
 .text.tfm_crypto_hash_interface
                0x0000000000001168      0x182 secure_fw/partitions/crypto/libtfm_psa_rot_partition_crypto.a(crypto_hash.o)
                0x0000000000001168                tfm_crypto_hash_interface
 .text.tfm_crypto_mac_interface
                0x00000000000012ea      0x178 secure_fw/partitions/crypto/libtfm_psa_rot_partition_crypto.a(crypto_mac.o)
                0x00000000000012ea                tfm_crypto_mac_interface
 .text.tfm_crypto_aead_interface
                0x0000000000001462      0x210 secure_fw/partitions/crypto/libtfm_psa_rot_partition_crypto.a(crypto_aead.o)
                0x0000000000001462                tfm_crypto_aead_interface
 .text.tfm_crypto_asymmetric_sign_interface
                0x0000000000001672       0xaa secure_fw/partitions/crypto/libtfm_psa_rot_partition_crypto.a(crypto_asymmetric.o)
                0x0000000000001672                tfm_crypto_asymmetric_sign_interface
 .text.tfm_crypto_asymmetric_encrypt_interface
                0x000000000000171c        0x6 secure_fw/partitions/crypto/libtfm_psa_rot_partition_crypto.a(crypto_asymmetric.o)
                0x000000000000171c                tfm_crypto_asymmetric_encrypt_interface
 .text.tfm_crypto_key_derivation_interface
                0x0000000000001722      0x188 secure_fw/partitions/crypto/libtfm_psa_rot_partition_crypto.a(crypto_key_derivation.o)
                0x0000000000001722                tfm_crypto_key_derivation_interface
 .text.tfm_crypto_key_management_interface
                0x00000000000018aa      0x176 secure_fw/partitions/crypto/libtfm_psa_rot_partition_crypto.a(crypto_key_management.o)
                0x00000000000018aa                tfm_crypto_key_management_interface
 .text.tfm_crypto_random_interface
                0x0000000000001a20        0x8 secure_fw/partitions/crypto/libtfm_psa_rot_partition_crypto.a(crypto_rng.o)
                0x0000000000001a20                tfm_crypto_random_interface
 .text.tfm_crypto_library_key_id_init
                0x0000000000001a28        0x6 secure_fw/partitions/crypto/libtfm_psa_rot_partition_crypto.a(crypto_library.o)
                0x0000000000001a28                tfm_crypto_library_key_id_init
 .text.tfm_crypto_library_get_library_key_id_set_owner
                0x0000000000001a2e        0x4 secure_fw/partitions/crypto/libtfm_psa_rot_partition_crypto.a(crypto_library.o)
                0x0000000000001a2e                tfm_crypto_library_get_library_key_id_set_owner
 .text.mbedtls_psa_platform_get_builtin_key
                0x0000000000001a32       0x4a secure_fw/partitions/crypto/libtfm_psa_rot_partition_crypto.a(crypto_library.o)
                0x0000000000001a32                mbedtls_psa_platform_get_builtin_key
 .text.tfm_crypto_pake_interface
                0x0000000000001a7c        0x6 secure_fw/partitions/crypto/libtfm_psa_rot_partition_crypto.a(crypto_pake.o)
                0x0000000000001a7c                tfm_crypto_pake_interface
 .text.tfm_its_entry
                0x0000000000001a82        0x4 secure_fw/partitions/internal_trusted_storage/libtfm_psa_rot_partition_its.a(tfm_its_req_mngr.o)
                0x0000000000001a82                tfm_its_entry
 .text.its_flash_nor_init
                0x0000000000001a86       0x14 secure_fw/partitions/internal_trusted_storage/libtfm_psa_rot_partition_its.a(its_flash_nor.o)
 .text.its_flash_nor_flush
                0x0000000000001a9a        0x4 secure_fw/partitions/internal_trusted_storage/libtfm_psa_rot_partition_its.a(its_flash_nor.o)
 .text.its_flash_nor_erase
                0x0000000000001a9e       0x2e secure_fw/partitions/internal_trusted_storage/libtfm_psa_rot_partition_its.a(its_flash_nor.o)
 .text.its_flash_fs_delete_idx
                0x0000000000001acc       0xe6 secure_fw/partitions/internal_trusted_storage/libtfm_psa_rot_partition_its.a(its_flash_fs.o)
 .text.its_flash_fs_init_ctx
                0x0000000000001bb2       0x62 secure_fw/partitions/internal_trusted_storage/libtfm_psa_rot_partition_its.a(its_flash_fs.o)
                0x0000000000001bb2                its_flash_fs_init_ctx
 .text.its_flash_fs_prepare
                0x0000000000001c14       0x34 secure_fw/partitions/internal_trusted_storage/libtfm_psa_rot_partition_its.a(its_flash_fs.o)
                0x0000000000001c14                its_flash_fs_prepare
 .text.its_flash_fs_wipe_all
                0x0000000000001c48        0x4 secure_fw/partitions/internal_trusted_storage/libtfm_psa_rot_partition_its.a(its_flash_fs.o)
                0x0000000000001c48                its_flash_fs_wipe_all
 .text.its_flash_fs_file_get_info
                0x0000000000001c4c       0x28 secure_fw/partitions/internal_trusted_storage/libtfm_psa_rot_partition_its.a(its_flash_fs.o)
                0x0000000000001c4c                its_flash_fs_file_get_info
 .text.its_flash_fs_file_write
                0x0000000000001c74      0x1f6 secure_fw/partitions/internal_trusted_storage/libtfm_psa_rot_partition_its.a(its_flash_fs.o)
                0x0000000000001c74                its_flash_fs_file_write
 .text.its_flash_fs_file_delete
                0x0000000000001e6a       0x20 secure_fw/partitions/internal_trusted_storage/libtfm_psa_rot_partition_its.a(its_flash_fs.o)
                0x0000000000001e6a                its_flash_fs_file_delete
 .text.its_flash_fs_file_read
                0x0000000000001e8a       0x42 secure_fw/partitions/internal_trusted_storage/libtfm_psa_rot_partition_its.a(its_flash_fs.o)
                0x0000000000001e8a                its_flash_fs_file_read
 .text.its_flash_fs_dblock_compact_block
                0x0000000000001ecc       0xaa secure_fw/partitions/internal_trusted_storage/libtfm_psa_rot_partition_its.a(its_flash_fs_dblock.o)
                0x0000000000001ecc                its_flash_fs_dblock_compact_block
 .text.its_flash_fs_dblock_read_file
                0x0000000000001f76       0x42 secure_fw/partitions/internal_trusted_storage/libtfm_psa_rot_partition_its.a(its_flash_fs_dblock.o)
                0x0000000000001f76                its_flash_fs_dblock_read_file
 .text.its_flash_fs_dblock_write_file
                0x0000000000001fb8       0x82 secure_fw/partitions/internal_trusted_storage/libtfm_psa_rot_partition_its.a(its_flash_fs_dblock.o)
                0x0000000000001fb8                its_flash_fs_dblock_write_file
 .text.its_mblock_update_scratch_block_meta
                0x000000000000203a       0x1a secure_fw/partitions/internal_trusted_storage/libtfm_psa_rot_partition_its.a(its_flash_fs_mblock.o)
 .text.its_mblock_erase_scratch_blocks
                0x0000000000002054       0x28 secure_fw/partitions/internal_trusted_storage/libtfm_psa_rot_partition_its.a(its_flash_fs_mblock.o)
 .text.its_num_dedicated_dblocks.isra.0
                0x000000000000207c        0xc secure_fw/partitions/internal_trusted_storage/libtfm_psa_rot_partition_its.a(its_flash_fs_mblock.o)
 .text.its_mblock_file_meta_offset.isra.0
                0x0000000000002088       0x14 secure_fw/partitions/internal_trusted_storage/libtfm_psa_rot_partition_its.a(its_flash_fs_mblock.o)
 .text.its_mblock_calculate_metadata_xor.part.0
                0x000000000000209c       0xa6 secure_fw/partitions/internal_trusted_storage/libtfm_psa_rot_partition_its.a(its_flash_fs_mblock.o)
 .text.its_mblock_write_scratch_meta_header
                0x0000000000002142       0x44 secure_fw/partitions/internal_trusted_storage/libtfm_psa_rot_partition_its.a(its_flash_fs_mblock.o)
 .text.its_mblock_validate_header_meta
                0x0000000000002186       0x5c secure_fw/partitions/internal_trusted_storage/libtfm_psa_rot_partition_its.a(its_flash_fs_mblock.o)
 .text.its_init_get_active_metablock
                0x00000000000021e2       0xbe secure_fw/partitions/internal_trusted_storage/libtfm_psa_rot_partition_its.a(its_flash_fs_mblock.o)
 .text.its_flash_fs_mblock_cur_data_scratch_id
                0x00000000000022a0        0xa secure_fw/partitions/internal_trusted_storage/libtfm_psa_rot_partition_its.a(its_flash_fs_mblock.o)
                0x00000000000022a0                its_flash_fs_mblock_cur_data_scratch_id
 .text.its_flash_fs_mblock_meta_update_finalize
                0x00000000000022aa       0x2a secure_fw/partitions/internal_trusted_storage/libtfm_psa_rot_partition_its.a(its_flash_fs_mblock.o)
                0x00000000000022aa                its_flash_fs_mblock_meta_update_finalize
 .text.its_flash_fs_mblock_read_file_meta
                0x00000000000022d4       0x76 secure_fw/partitions/internal_trusted_storage/libtfm_psa_rot_partition_its.a(its_flash_fs_mblock.o)
                0x00000000000022d4                its_flash_fs_mblock_read_file_meta
 .text.its_flash_fs_mblock_get_file_idx_meta
                0x000000000000234a       0x5e secure_fw/partitions/internal_trusted_storage/libtfm_psa_rot_partition_its.a(its_flash_fs_mblock.o)
                0x000000000000234a                its_flash_fs_mblock_get_file_idx_meta
 .text.its_flash_fs_mblock_get_file_idx_flag
                0x00000000000023a8       0x3c secure_fw/partitions/internal_trusted_storage/libtfm_psa_rot_partition_its.a(its_flash_fs_mblock.o)
                0x00000000000023a8                its_flash_fs_mblock_get_file_idx_flag
 .text.its_flash_fs_mblock_read_block_metadata
                0x00000000000023e4       0x58 secure_fw/partitions/internal_trusted_storage/libtfm_psa_rot_partition_its.a(its_flash_fs_mblock.o)
                0x00000000000023e4                its_flash_fs_mblock_read_block_metadata
 .text.its_flash_fs_mblock_read_block_metadata_comp
                0x000000000000243c       0x64 secure_fw/partitions/internal_trusted_storage/libtfm_psa_rot_partition_its.a(its_flash_fs_mblock.o)
                0x000000000000243c                its_flash_fs_mblock_read_block_metadata_comp
 .text.its_flash_fs_mblock_reserve_file
                0x00000000000024a0       0xbc secure_fw/partitions/internal_trusted_storage/libtfm_psa_rot_partition_its.a(its_flash_fs_mblock.o)
                0x00000000000024a0                its_flash_fs_mblock_reserve_file
 .text.its_flash_fs_mblock_set_data_scratch
                0x000000000000255c        0x6 secure_fw/partitions/internal_trusted_storage/libtfm_psa_rot_partition_its.a(its_flash_fs_mblock.o)
                0x000000000000255c                its_flash_fs_mblock_set_data_scratch
 .text.its_flash_fs_mblock_update_scratch_file_meta
                0x0000000000002562       0x20 secure_fw/partitions/internal_trusted_storage/libtfm_psa_rot_partition_its.a(its_flash_fs_mblock.o)
                0x0000000000002562                its_flash_fs_mblock_update_scratch_file_meta
 .text.its_flash_fs_mblock_reset_metablock
                0x0000000000002582      0x130 secure_fw/partitions/internal_trusted_storage/libtfm_psa_rot_partition_its.a(its_flash_fs_mblock.o)
                0x0000000000002582                its_flash_fs_mblock_reset_metablock
 .text.its_flash_fs_block_to_block_move
                0x00000000000026b2       0x5c secure_fw/partitions/internal_trusted_storage/libtfm_psa_rot_partition_its.a(its_flash_fs_mblock.o)
                0x00000000000026b2                its_flash_fs_block_to_block_move
 .text.its_flash_fs_mblock_cp_file_meta
                0x000000000000270e       0x2c secure_fw/partitions/internal_trusted_storage/libtfm_psa_rot_partition_its.a(its_flash_fs_mblock.o)
                0x000000000000270e                its_flash_fs_mblock_cp_file_meta
 .text.its_flash_fs_mblock_init
                0x000000000000273a       0xb8 secure_fw/partitions/internal_trusted_storage/libtfm_psa_rot_partition_its.a(its_flash_fs_mblock.o)
                0x000000000000273a                its_flash_fs_mblock_init
 .text.its_flash_fs_mblock_migrate_lb0_data_to_scratch
                0x00000000000027f2       0x2e secure_fw/partitions/internal_trusted_storage/libtfm_psa_rot_partition_its.a(its_flash_fs_mblock.o)
                0x00000000000027f2                its_flash_fs_mblock_migrate_lb0_data_to_scratch
 .text.its_flash_fs_mblock_update_scratch_block_meta
                0x0000000000002820       0x84 secure_fw/partitions/internal_trusted_storage/libtfm_psa_rot_partition_its.a(its_flash_fs_mblock.o)
                0x0000000000002820                its_flash_fs_mblock_update_scratch_block_meta
 .text.its_utils_check_contained_in
                0x00000000000028a4       0x18 secure_fw/partitions/internal_trusted_storage/libtfm_psa_rot_partition_its.a(its_utils.o)
                0x00000000000028a4                its_utils_check_contained_in
 .text.its_utils_validate_fid
                0x00000000000028bc       0x1a secure_fw/partitions/internal_trusted_storage/libtfm_psa_rot_partition_its.a(its_utils.o)
                0x00000000000028bc                its_utils_validate_fid
 .text.tfm_platform_service_sfn
                0x00000000000028d6      0x24e secure_fw/partitions/platform/libtfm_psa_rot_partition_platform.a(platform_sp.o)
                0x00000000000028d6                tfm_platform_service_sfn
 .text.platform_sp_init
                0x0000000000002b24       0x12 secure_fw/partitions/platform/libtfm_psa_rot_partition_platform.a(platform_sp.o)
                0x0000000000002b24                platform_sp_init
 .text.psa_set_key_usage_flags
                0x0000000000002b36       0x14 secure_fw/partitions/crypto/libtfm_psa_rot_partition_crypto.a(tfm_builtin_key_loader.o)
 *tfm_psa_rot_partition*:(SORT_BY_ALIGNMENT(.rodata*))
 *fill*         0x0000000000002b4a        0x2 
 .rodata.its_flash_fs_ops_nor
                0x0000000000002b4c       0x14 secure_fw/partitions/internal_trusted_storage/libtfm_psa_rot_partition_its.a(its_flash_nor.o)
                0x0000000000002b4c                its_flash_fs_ops_nor
 .rodata.data_width_byte
                0x0000000000002b60        0xc secure_fw/partitions/internal_trusted_storage/libtfm_psa_rot_partition_its.a(its_flash_nor.o)
 .rodata.tfm_crypto_api_dispatcher.str1.1
                0x0000000000002b6c       0x25 secure_fw/partitions/crypto/libtfm_psa_rot_partition_crypto.a(crypto_init.o)
 .rodata.tfm_crypto_library_get_info.str1.1
                0x0000000000002b91        0xf secure_fw/partitions/crypto/libtfm_psa_rot_partition_crypto.a(crypto_library.o)
 .rodata.tfm_its_init.str1.1
                0x0000000000002ba0       0x4b secure_fw/partitions/internal_trusted_storage/libtfm_psa_rot_partition_its.a(tfm_internal_trusted_storage.o)
 *(TFM_*_PSA-ROT_ATTR_FN)
                0x0000000000002c00                . = ALIGN (0x20)
 *fill*         0x0000000000002beb       0x15 
                0x00000000000002e0                Image$$TFM_PSA_ROT_LINKER$$RO$$Base = ADDR (.TFM_PSA_ROT_LINKER)
                0x0000000000002c00                Image$$TFM_PSA_ROT_LINKER$$RO$$Limit = (ADDR (.TFM_PSA_ROT_LINKER) + SIZEOF (.TFM_PSA_ROT_LINKER))
                0x00000000000002e0                Image$$TFM_PSA_ROT_LINKER$$Base = ADDR (.TFM_PSA_ROT_LINKER)
                0x0000000000002c00                Image$$TFM_PSA_ROT_LINKER$$Limit = (ADDR (.TFM_PSA_ROT_LINKER) + SIZEOF (.TFM_PSA_ROT_LINKER))
                0x0000000000002c00                Image$$TFM_PSA_CODE_END$$Base = .
                0x0000000000002c00                Image$$TFM_APP_CODE_START$$Base = .

.TFM_APP_ROT_LINKER
                0x0000000000002c00      0xd20
 *tfm_app_rot_partition*:(SORT_BY_ALIGNMENT(.text*))
 .text.tfm_protected_storage_service_sfn
                0x0000000000002c00      0x128 secure_fw/partitions/protected_storage/libtfm_app_rot_partition_ps.a(tfm_ps_req_mngr.o)
                0x0000000000002c00                tfm_protected_storage_service_sfn
 .text.ps_req_mngr_read_asset_data
                0x0000000000002d28       0x24 secure_fw/partitions/protected_storage/libtfm_app_rot_partition_ps.a(tfm_ps_req_mngr.o)
                0x0000000000002d28                ps_req_mngr_read_asset_data
 .text.ps_req_mngr_write_asset_data
                0x0000000000002d4c       0x1c secure_fw/partitions/protected_storage/libtfm_app_rot_partition_ps.a(tfm_ps_req_mngr.o)
                0x0000000000002d4c                ps_req_mngr_write_asset_data
 .text.tfm_ps_init
                0x0000000000002d68       0x28 secure_fw/partitions/protected_storage/libtfm_app_rot_partition_ps.a(tfm_protected_storage.o)
                0x0000000000002d68                tfm_ps_init
 .text.ps_system_prepare
                0x0000000000002d90       0x1c secure_fw/partitions/protected_storage/libtfm_app_rot_partition_ps.a(ps_object_system.o)
                0x0000000000002d90                ps_system_prepare
 .text.ps_object_read
                0x0000000000002dac       0x70 secure_fw/partitions/protected_storage/libtfm_app_rot_partition_ps.a(ps_object_system.o)
                0x0000000000002dac                ps_object_read
 .text.ps_object_create
                0x0000000000002e1c       0xfc secure_fw/partitions/protected_storage/libtfm_app_rot_partition_ps.a(ps_object_system.o)
                0x0000000000002e1c                ps_object_create
 .text.ps_object_get_info
                0x0000000000002f18       0x58 secure_fw/partitions/protected_storage/libtfm_app_rot_partition_ps.a(ps_object_system.o)
                0x0000000000002f18                ps_object_get_info
 .text.ps_object_delete
                0x0000000000002f70       0x70 secure_fw/partitions/protected_storage/libtfm_app_rot_partition_ps.a(ps_object_system.o)
                0x0000000000002f70                ps_object_delete
 .text.ps_get_object_entry_idx
                0x0000000000002fe0       0x34 secure_fw/partitions/protected_storage/libtfm_app_rot_partition_ps.a(ps_object_table.o)
 .text.ps_object_table_save_table.constprop.0
                0x0000000000003014       0xec secure_fw/partitions/protected_storage/libtfm_app_rot_partition_ps.a(ps_object_table.o)
 .text.ps_object_table_create
                0x0000000000003100       0x28 secure_fw/partitions/protected_storage/libtfm_app_rot_partition_ps.a(ps_object_table.o)
                0x0000000000003100                ps_object_table_create
 .text.ps_object_table_init
                0x0000000000003128      0x144 secure_fw/partitions/protected_storage/libtfm_app_rot_partition_ps.a(ps_object_table.o)
                0x0000000000003128                ps_object_table_init
 .text.ps_object_table_get_free_fid
                0x000000000000326c       0x64 secure_fw/partitions/protected_storage/libtfm_app_rot_partition_ps.a(ps_object_table.o)
                0x000000000000326c                ps_object_table_get_free_fid
 .text.ps_object_table_set_obj_tbl_info
                0x00000000000032d0       0xac secure_fw/partitions/protected_storage/libtfm_app_rot_partition_ps.a(ps_object_table.o)
                0x00000000000032d0                ps_object_table_set_obj_tbl_info
 .text.ps_object_table_get_obj_tbl_info
                0x000000000000337c       0x2c secure_fw/partitions/protected_storage/libtfm_app_rot_partition_ps.a(ps_object_table.o)
                0x000000000000337c                ps_object_table_get_obj_tbl_info
 .text.ps_object_table_delete_object
                0x00000000000033a8       0x4c secure_fw/partitions/protected_storage/libtfm_app_rot_partition_ps.a(ps_object_table.o)
                0x00000000000033a8                ps_object_table_delete_object
 .text.ps_object_table_delete_old_table
                0x00000000000033f4       0x14 secure_fw/partitions/protected_storage/libtfm_app_rot_partition_ps.a(ps_object_table.o)
                0x00000000000033f4                ps_object_table_delete_old_table
 .text.ps_crypto_setkey
                0x0000000000003408       0x94 secure_fw/partitions/protected_storage/libtfm_app_rot_partition_ps.a(ps_crypto_interface.o)
                0x0000000000003408                ps_crypto_setkey
 .text.ps_crypto_destroykey
                0x000000000000349c       0x18 secure_fw/partitions/protected_storage/libtfm_app_rot_partition_ps.a(ps_crypto_interface.o)
                0x000000000000349c                ps_crypto_destroykey
 .text.ps_crypto_set_iv
                0x00000000000034b4       0x10 secure_fw/partitions/protected_storage/libtfm_app_rot_partition_ps.a(ps_crypto_interface.o)
                0x00000000000034b4                ps_crypto_set_iv
 .text.ps_crypto_get_iv
                0x00000000000034c4       0x70 secure_fw/partitions/protected_storage/libtfm_app_rot_partition_ps.a(ps_crypto_interface.o)
                0x00000000000034c4                ps_crypto_get_iv
 .text.ps_crypto_encrypt_and_tag
                0x0000000000003534       0x54 secure_fw/partitions/protected_storage/libtfm_app_rot_partition_ps.a(ps_crypto_interface.o)
                0x0000000000003534                ps_crypto_encrypt_and_tag
 .text.ps_crypto_auth_and_decrypt
                0x0000000000003588       0x58 secure_fw/partitions/protected_storage/libtfm_app_rot_partition_ps.a(ps_crypto_interface.o)
                0x0000000000003588                ps_crypto_auth_and_decrypt
 .text.ps_crypto_generate_auth_tag
                0x00000000000035e0       0x48 secure_fw/partitions/protected_storage/libtfm_app_rot_partition_ps.a(ps_crypto_interface.o)
                0x00000000000035e0                ps_crypto_generate_auth_tag
 .text.ps_crypto_authenticate
                0x0000000000003628       0x44 secure_fw/partitions/protected_storage/libtfm_app_rot_partition_ps.a(ps_crypto_interface.o)
                0x0000000000003628                ps_crypto_authenticate
 .text.tfm_ps_entry
                0x000000000000366c        0x4 secure_fw/partitions/protected_storage/libtfm_app_rot_partition_ps.a(tfm_ps_req_mngr.o)
                0x000000000000366c                tfm_ps_entry
 .text.tfm_ps_set
                0x0000000000003670       0x2c secure_fw/partitions/protected_storage/libtfm_app_rot_partition_ps.a(tfm_protected_storage.o)
                0x0000000000003670                tfm_ps_set
 .text.tfm_ps_get
                0x000000000000369c       0x28 secure_fw/partitions/protected_storage/libtfm_app_rot_partition_ps.a(tfm_protected_storage.o)
                0x000000000000369c                tfm_ps_get
 .text.tfm_ps_get_info
                0x00000000000036c4       0x24 secure_fw/partitions/protected_storage/libtfm_app_rot_partition_ps.a(tfm_protected_storage.o)
                0x00000000000036c4                tfm_ps_get_info
 .text.tfm_ps_remove
                0x00000000000036e8       0x26 secure_fw/partitions/protected_storage/libtfm_app_rot_partition_ps.a(tfm_protected_storage.o)
                0x00000000000036e8                tfm_ps_remove
 .text.tfm_ps_get_support
                0x000000000000370e        0x4 secure_fw/partitions/protected_storage/libtfm_app_rot_partition_ps.a(tfm_protected_storage.o)
                0x000000000000370e                tfm_ps_get_support
 .text.ps_remove_old_data
                0x0000000000003712       0x18 secure_fw/partitions/protected_storage/libtfm_app_rot_partition_ps.a(ps_object_system.o)
 .text.ps_system_wipe_all
                0x000000000000372a        0x4 secure_fw/partitions/protected_storage/libtfm_app_rot_partition_ps.a(ps_object_system.o)
                0x000000000000372a                ps_system_wipe_all
 .text.ps_object_table_authenticate
                0x000000000000372e       0x56 secure_fw/partitions/protected_storage/libtfm_app_rot_partition_ps.a(ps_object_table.o)
 .text.ps_crypto_init
                0x0000000000003784        0x4 secure_fw/partitions/protected_storage/libtfm_app_rot_partition_ps.a(ps_crypto_interface.o)
                0x0000000000003784                ps_crypto_init
 .text.ps_encrypted_object_read
                0x0000000000003788       0x86 secure_fw/partitions/protected_storage/libtfm_app_rot_partition_ps.a(ps_encrypted_object.o)
                0x0000000000003788                ps_encrypted_object_read
 .text.ps_encrypted_object_write
                0x000000000000380e       0x9c secure_fw/partitions/protected_storage/libtfm_app_rot_partition_ps.a(ps_encrypted_object.o)
                0x000000000000380e                ps_encrypted_object_write
 .text.ps_read_nv_counter
                0x00000000000038aa       0x16 secure_fw/partitions/protected_storage/libtfm_app_rot_partition_ps.a(ps_nv_counters.o)
                0x00000000000038aa                ps_read_nv_counter
 .text.ps_increment_nv_counter
                0x00000000000038c0       0x12 secure_fw/partitions/protected_storage/libtfm_app_rot_partition_ps.a(ps_nv_counters.o)
                0x00000000000038c0                ps_increment_nv_counter
 *tfm_app_rot_partition*:(SORT_BY_ALIGNMENT(.rodata*))
 *fill*         0x00000000000038d2        0x6 
 .rodata        0x00000000000038d8       0x20 secure_fw/partitions/protected_storage/libtfm_app_rot_partition_ps.a(ps_object_table.o)
 .rodata.tfm_ps_init.str1.1
                0x00000000000038f8       0x21 secure_fw/partitions/protected_storage/libtfm_app_rot_partition_ps.a(tfm_protected_storage.o)
 *(TFM_*_APP-ROT_ATTR_FN)
                0x0000000000003920                . = ALIGN (0x20)
 *fill*         0x0000000000003919        0x7 
                0x0000000000002c00                Image$$TFM_APP_ROT_LINKER$$RO$$Base = ADDR (.TFM_APP_ROT_LINKER)
                0x0000000000003920                Image$$TFM_APP_ROT_LINKER$$RO$$Limit = (ADDR (.TFM_APP_ROT_LINKER) + SIZEOF (.TFM_APP_ROT_LINKER))
                0x0000000000002c00                Image$$TFM_APP_ROT_LINKER$$Base = ADDR (.TFM_APP_ROT_LINKER)
                0x0000000000003920                Image$$TFM_APP_ROT_LINKER$$Limit = (ADDR (.TFM_APP_ROT_LINKER) + SIZEOF (.TFM_APP_ROT_LINKER))
                0x0000000000003920                Image$$TFM_APP_CODE_END$$Base = .

.ARM.extab
 *(.ARM.extab* .gnu.linkonce.armextab.*)
                0x0000000000003920                __exidx_start = .

.ARM.exidx      0x0000000000003920        0x8
 *(.ARM.exidx* .gnu.linkonce.armexidx.*)
 .ARM.exidx     0x0000000000003920        0x8 c:/ncs/toolchains/b620d30767/opt/zephyr-sdk/arm-zephyr-eabi/bin/../lib/gcc/arm-zephyr-eabi/12.2.0/../../../../arm-zephyr-eabi/lib/thumb/v8-m.main+fp/hard/crt0.o
                                         0x10 (size before relaxing)
                0x0000000000003928                __exidx_end = .

.ER_TFM_CODE    0x0000000000003928     0x45d7
                0x0000000000003928                . = ALIGN (0x4)
                0x0000000000003928                PROVIDE (__preinit_array_start = .)
 *(.preinit_array)
                0x0000000000003928                PROVIDE (__preinit_array_end = .)
                0x0000000000003928                . = ALIGN (0x4)
                0x0000000000003928                PROVIDE (__init_array_start = .)
 *(SORT_BY_NAME(.init_array.*))
 *(.init_array)
 .init_array    0x0000000000003928        0x4 c:/ncs/toolchains/b620d30767/opt/zephyr-sdk/arm-zephyr-eabi/bin/../lib/gcc/arm-zephyr-eabi/12.2.0/thumb/v8-m.main+fp/hard/crtbegin.o
                0x000000000000392c                PROVIDE (__init_array_end = .)
                0x000000000000392c                . = ALIGN (0x4)
                [!provide]                        PROVIDE (__fini_array_start = .)
 *(SORT_BY_NAME(.fini_array.*))
 *(.fini_array)
 .fini_array    0x000000000000392c        0x4 c:/ncs/toolchains/b620d30767/opt/zephyr-sdk/arm-zephyr-eabi/bin/../lib/gcc/arm-zephyr-eabi/12.2.0/thumb/v8-m.main+fp/hard/crtbegin.o
                [!provide]                        PROVIDE (__fini_array_end = .)
                0x0000000000003930                . = ALIGN (0x4)
                0x0000000000003930                __copy_table_start__ = .
                0x0000000000003930        0x4 LONG 0x17c88 LOADADDR (.TFM_DATA)
                0x0000000000003934        0x4 LONG 0x2000a560 ADDR (.TFM_DATA)
                0x0000000000003938        0x4 LONG 0x4e (SIZEOF (.TFM_DATA) / 0x4)
                0x000000000000393c        0x4 LONG 0x17c50 LOADADDR (.TFM_PSA_ROT_LINKER_DATA)
                0x0000000000003940        0x4 LONG 0x20001d40 ADDR (.TFM_PSA_ROT_LINKER_DATA)
                0x0000000000003944        0x4 LONG 0xe (SIZEOF (.TFM_PSA_ROT_LINKER_DATA) / 0x4)
                0x0000000000003948        0x4 LONG 0x17c40 LOADADDR (.TFM_APP_ROT_LINKER_DATA)
                0x000000000000394c        0x4 LONG 0x20000c20 ADDR (.TFM_APP_ROT_LINKER_DATA)
                0x0000000000003950        0x4 LONG 0x4 (SIZEOF (.TFM_APP_ROT_LINKER_DATA) / 0x4)
                0x0000000000003954                __copy_table_end__ = .
                0x0000000000003954                . = ALIGN (0x4)
                0x0000000000003954                __zero_table_start__ = .
                0x0000000000003954        0x4 LONG 0x2000a698 ADDR (.TFM_BSS)
                0x0000000000003958        0x4 LONG 0x730 (SIZEOF (.TFM_BSS) / 0x4)
                0x000000000000395c        0x4 LONG 0x20001d78 ADDR (.TFM_PSA_ROT_LINKER_BSS)
                0x0000000000003960        0x4 LONG 0x21fa (SIZEOF (.TFM_PSA_ROT_LINKER_BSS) / 0x4)
                0x0000000000003964        0x4 LONG 0x20000c30 ADDR (.TFM_APP_ROT_LINKER_BSS)
                0x0000000000003968        0x4 LONG 0x444 (SIZEOF (.TFM_APP_ROT_LINKER_BSS) / 0x4)
                0x000000000000396c        0x4 LONG 0x20000c00 ADDR (.TFM_SP_META_PTR)
                0x0000000000003970        0x4 LONG 0x8 (SIZEOF (.TFM_SP_META_PTR) / 0x4)
                0x0000000000003974                __zero_table_end__ = .
 *startup*(.text*)
 .text.default_irq_handler
                0x0000000000003974        0x4 secure_fw/CMakeFiles/tfm_s.dir/__/platform/ext/target/nordic_nrf/common/core/startup.o
                0x0000000000003974                default_irq_handler
 .text.Reset_Handler
                0x0000000000003978       0xa4 secure_fw/CMakeFiles/tfm_s.dir/__/platform/ext/target/nordic_nrf/common/core/startup.o
                0x0000000000003978                Reset_Handler
 .text.default_tfm_IRQHandler
                0x0000000000003a1c       0x1c secure_fw/CMakeFiles/tfm_s.dir/__/platform/ext/target/nordic_nrf/common/core/startup_nrf5340.o
                0x0000000000003a1c                TIMER2_IRQHandler
                0x0000000000003a1c                DebugMon_Handler
                0x0000000000003a1c                SPIM4_IRQHandler
                0x0000000000003a1c                RTC0_IRQHandler
                0x0000000000003a1c                SERIAL1_IRQHandler
                0x0000000000003a1c                SysTick_Handler
                0x0000000000003a1c                PWM1_IRQHandler
                0x0000000000003a1c                SERIAL3_IRQHandler
                0x0000000000003a1c                NMI_Handler
                0x0000000000003a1c                WDT0_IRQHandler
                0x0000000000003a1c                I2S0_IRQHandler
                0x0000000000003a1c                default_tfm_IRQHandler
                0x0000000000003a1c                IPC_IRQHandler
                0x0000000000003a1c                SERIAL2_IRQHandler
                0x0000000000003a1c                PWM3_IRQHandler
                0x0000000000003a1c                QDEC1_IRQHandler
                0x0000000000003a1c                FPU_IRQHandler
                0x0000000000003a1c                USBD_IRQHandler
                0x0000000000003a1c                EGU3_IRQHandler
                0x0000000000003a1c                KMU_IRQHandler
                0x0000000000003a1c                CRYPTOCELL_IRQHandler
                0x0000000000003a1c                EGU2_IRQHandler
                0x0000000000003a1c                TIMER0_IRQHandler
                0x0000000000003a1c                CACHE_IRQHandler
                0x0000000000003a1c                EGU4_IRQHandler
                0x0000000000003a1c                EGU0_IRQHandler
                0x0000000000003a1c                GPIOTE1_IRQHandler
                0x0000000000003a1c                TIMER1_IRQHandler
                0x0000000000003a1c                PWM2_IRQHandler
                0x0000000000003a1c                EGU1_IRQHandler
                0x0000000000003a1c                EGU5_IRQHandler
                0x0000000000003a1c                SAADC_IRQHandler
                0x0000000000003a1c                GPIOTE0_IRQHandler
                0x0000000000003a1c                QDEC0_IRQHandler
                0x0000000000003a1c                PWM0_IRQHandler
                0x0000000000003a1c                RTC1_IRQHandler
                0x0000000000003a1c                SERIAL0_IRQHandler
                0x0000000000003a1c                USBREGULATOR_IRQHandler
                0x0000000000003a1c                NFCT_IRQHandler
                0x0000000000003a1c                WDT1_IRQHandler
                0x0000000000003a1c                QSPI_IRQHandler
                0x0000000000003a1c                COMP_LPCOMP_IRQHandler
                0x0000000000003a1c                CLOCK_POWER_IRQHandler
                0x0000000000003a1c                PDM0_IRQHandler
 *libplatform_s*:(SORT_BY_ALIGNMENT(.text*))
 .text.nrf53_errata_42
                0x0000000000003a38       0x24 platform/libplatform_s.a(system_nrf5340_application.o)
 .text.SystemInit
                0x0000000000003a5c      0x238 platform/libplatform_s.a(system_nrf5340_application.o)
                0x0000000000003a5c                SystemInit
 .text.tfm_exception_info_get_context
                0x0000000000003c94        0xc platform/libplatform_s.a(exception_info.o)
                0x0000000000003c94                tfm_exception_info_get_context
 .text.store_and_dump_context
                0x0000000000003ca0      0x118 platform/libplatform_s.a(exception_info.o)
                0x0000000000003ca0                store_and_dump_context
 .text.stdio_output_string
                0x0000000000003db8       0x40 platform/libplatform_s.a(uart_stdout.o)
                0x0000000000003db8                stdio_output_string
 .text.stdio_init
                0x0000000000003df8       0x30 platform/libplatform_s.a(uart_stdout.o)
                0x0000000000003df8                stdio_init
 .text.ARM_USART_GetVersion
                0x0000000000003e28       0x20 platform/libplatform_s.a(Driver_USART.o)
 .text.ARM_USART1_GetTxCount
                0x0000000000003e48        0xc platform/libplatform_s.a(Driver_USART.o)
 .text.ARM_USART1_GetRxCount
                0x0000000000003e54        0xc platform/libplatform_s.a(Driver_USART.o)
 .text.ARM_USART1_Uninitialize
                0x0000000000003e60       0x18 platform/libplatform_s.a(Driver_USART.o)
 .text.ARM_USART1_Receive
                0x0000000000003e78       0x3c platform/libplatform_s.a(Driver_USART.o)
 .text.ARM_USARTx_Send.constprop.0
                0x0000000000003eb4       0x78 platform/libplatform_s.a(Driver_USART.o)
 .text.ARM_USART1_Control
                0x0000000000003f2c      0x190 platform/libplatform_s.a(Driver_USART.o)
 .text.ARM_USART1_Initialize
                0x00000000000040bc       0x70 platform/libplatform_s.a(Driver_USART.o)
 .text.nrf_gpio_pin_port_decode
                0x000000000000412c       0x24 platform/libplatform_s.a(nrfx_uarte.o)
 .text.on_rx_disabled
                0x0000000000004150       0x64 platform/libplatform_s.a(nrfx_uarte.o)
 .text.nrfx_coredep_delay_us.part.0
                0x00000000000041b4       0x20 platform/libplatform_s.a(nrfx_uarte.o)
 .text.nrf_gpio_cfg_input.constprop.0
                0x00000000000041d4       0x28 platform/libplatform_s.a(nrfx_uarte.o)
 .text.blocking_tx
                0x00000000000041fc      0x1b8 platform/libplatform_s.a(nrfx_uarte.o)
 .text.nrf_gpio_cfg_output
                0x00000000000043b4       0x2c platform/libplatform_s.a(nrfx_uarte.o)
 .text.nrf_gpio_cfg_default
                0x00000000000043e0       0x2c platform/libplatform_s.a(nrfx_uarte.o)
 .text.uarte_configure
                0x000000000000440c      0x190 platform/libplatform_s.a(nrfx_uarte.o)
 .text.nrfx_uarte_init
                0x000000000000459c      0x15c platform/libplatform_s.a(nrfx_uarte.o)
                0x000000000000459c                nrfx_uarte_init
 .text.nrfx_uarte_tx
                0x00000000000046f8       0xd8 platform/libplatform_s.a(nrfx_uarte.o)
                0x00000000000046f8                nrfx_uarte_tx
 .text.nrfx_uarte_tx_abort
                0x00000000000047d0       0xb8 platform/libplatform_s.a(nrfx_uarte.o)
                0x00000000000047d0                nrfx_uarte_tx_abort
 .text.nrfx_uarte_rx_enable
                0x0000000000004888      0x14c platform/libplatform_s.a(nrfx_uarte.o)
                0x0000000000004888                nrfx_uarte_rx_enable
 .text.nrfx_uarte_rx_buffer_set
                0x00000000000049d4      0x190 platform/libplatform_s.a(nrfx_uarte.o)
                0x00000000000049d4                nrfx_uarte_rx_buffer_set
 .text.nrfx_uarte_rx_abort
                0x0000000000004b64      0x150 platform/libplatform_s.a(nrfx_uarte.o)
                0x0000000000004b64                nrfx_uarte_rx_abort
 .text.nrfx_uarte_uninit
                0x0000000000004cb4       0xcc platform/libplatform_s.a(nrfx_uarte.o)
                0x0000000000004cb4                nrfx_uarte_uninit
 .text.nrfx_uarte_rx_ready
                0x0000000000004d80       0x54 platform/libplatform_s.a(nrfx_uarte.o)
                0x0000000000004d80                nrfx_uarte_rx_ready
 .text.nrfx_uarte_rx
                0x0000000000004dd4       0x84 platform/libplatform_s.a(nrfx_uarte.o)
                0x0000000000004dd4                nrfx_uarte_rx
 .text.nrfx_critical_section_enter
                0x0000000000004e58       0x10 platform/libplatform_s.a(nrfx_glue.o)
                0x0000000000004e58                nrfx_critical_section_enter
 .text.nrfx_critical_section_exit
                0x0000000000004e68       0x14 platform/libplatform_s.a(nrfx_glue.o)
                0x0000000000004e68                nrfx_critical_section_exit
 .text.ARM_Flash_GetInfo
                0x0000000000004e7c        0x8 platform/libplatform_s.a(Driver_Flash.o)
 .text.ARM_Flash_EraseSector
                0x0000000000004e84       0x18 platform/libplatform_s.a(Driver_Flash.o)
 .text.nvmc_readonly_mode_set
                0x0000000000004e9c       0x14 platform/libplatform_s.a(nrfx_nvmc.o)
 .text.nvmc_word_write
                0x0000000000004eb0       0x18 platform/libplatform_s.a(nrfx_nvmc.o)
 .text.nrfx_nvmc_page_erase
                0x0000000000004ec8       0x3c platform/libplatform_s.a(nrfx_nvmc.o)
                0x0000000000004ec8                nrfx_nvmc_page_erase
 .text.nrfx_nvmc_words_write
                0x0000000000004f04       0x38 platform/libplatform_s.a(nrfx_nvmc.o)
                0x0000000000004f04                nrfx_nvmc_words_write
 .text.mpu_armv8m_enable
                0x0000000000004f3c       0x34 platform/libplatform_s.a(mpu_armv8m_drv.o)
                0x0000000000004f3c                mpu_armv8m_enable
 .text.spu_enable_interrupts
                0x0000000000004f70       0x10 platform/libplatform_s.a(spu.o)
                0x0000000000004f70                spu_enable_interrupts
 .text.spu_events_get
                0x0000000000004f80       0x28 platform/libplatform_s.a(spu.o)
                0x0000000000004f80                spu_events_get
 .text.spu_clear_events
                0x0000000000004fa8       0x24 platform/libplatform_s.a(spu.o)
                0x0000000000004fa8                spu_clear_events
 .text.spu_regions_reset_unlocked_secure
                0x0000000000004fcc       0x30 platform/libplatform_s.a(spu.o)
                0x0000000000004fcc                spu_regions_reset_unlocked_secure
 .text.spu_regions_flash_config
                0x0000000000004ffc       0x2c platform/libplatform_s.a(spu.o)
                0x0000000000004ffc                spu_regions_flash_config
 .text.spu_regions_sram_config
                0x0000000000005028       0x34 platform/libplatform_s.a(spu.o)
                0x0000000000005028                spu_regions_sram_config
 .text.spu_regions_flash_config_non_secure_callable
                0x000000000000505c       0x30 platform/libplatform_s.a(spu.o)
                0x000000000000505c                spu_regions_flash_config_non_secure_callable
 .text.spu_regions_sram_get_last_address_in_region
                0x000000000000508c        0xc platform/libplatform_s.a(spu.o)
                0x000000000000508c                spu_regions_sram_get_last_address_in_region
 .text.spu_peripheral_config_secure
                0x0000000000005098       0x1c platform/libplatform_s.a(spu.o)
                0x0000000000005098                spu_peripheral_config_secure
 .text.spu_peripheral_config_non_secure
                0x00000000000050b4       0x18 platform/libplatform_s.a(spu.o)
                0x00000000000050b4                spu_peripheral_config_non_secure
 .text.nrf_exception_info_store_context
                0x00000000000050cc       0x20 platform/libplatform_s.a(nrf_exception_info.o)
                0x00000000000050cc                nrf_exception_info_store_context
 .text.nrf_exception_info_get_context
                0x00000000000050ec        0xc platform/libplatform_s.a(nrf_exception_info.o)
                0x00000000000050ec                nrf_exception_info_get_context
 .text.tfm_hal_platform_init
                0x00000000000050f8       0x98 platform/libplatform_s.a(tfm_hal_platform.o)
                0x00000000000050f8                tfm_hal_platform_init
 .text.hw_unique_key_write_random
                0x0000000000005190      0x114 platform/libplatform_s.a(hw_unique_key_cc3xx.o)
                0x0000000000005190                hw_unique_key_write_random
 .text.hw_unique_key_derive_key
                0x00000000000052a4       0x4c platform/libplatform_s.a(hw_unique_key_cc3xx.o)
                0x00000000000052a4                hw_unique_key_derive_key
 .text.key_written
                0x00000000000052f0       0x64 platform/libplatform_s.a(hw_unique_key_cc3xx_kmu.o)
 .text.hw_unique_key_write
                0x0000000000005354       0x48 platform/libplatform_s.a(hw_unique_key_cc3xx_kmu.o)
                0x0000000000005354                hw_unique_key_write
 .text.ns_fault_service_set_handler
                0x000000000000539c       0x14 platform/libplatform_s.a(ns_fault_service.o)
                0x000000000000539c                ns_fault_service_set_handler
 .text.call_ns_callback
                0x00000000000053b0       0xe8 platform/libplatform_s.a(ns_fault_service.o)
                0x00000000000053b0                call_ns_callback
 .text.ns_fault_service_call_handler
                0x0000000000005498       0x34 platform/libplatform_s.a(ns_fault_service.o)
                0x0000000000005498                ns_fault_service_call_handler
 .text.tfm_platform_hal_system_reset
                0x00000000000054cc       0x24 platform/libplatform_s.a(tfm_platform_system.o)
                0x00000000000054cc                tfm_platform_hal_system_reset
 .text.erase_flash_region
                0x00000000000054f0       0x3c platform/libplatform_s.a(flash_otp_nv_counters_backend.o)
 .text.copy_flash_region
                0x000000000000552c       0x78 platform/libplatform_s.a(flash_otp_nv_counters_backend.o)
 .text.read_otp_nv_counters_flash
                0x00000000000055a4       0x7c platform/libplatform_s.a(flash_otp_nv_counters_backend.o)
                0x00000000000055a4                read_otp_nv_counters_flash
 .text.write_otp_nv_counters_flash
                0x0000000000005620      0x1ac platform/libplatform_s.a(flash_otp_nv_counters_backend.o)
                0x0000000000005620                write_otp_nv_counters_flash
 .text.init_otp_nv_counters_flash
                0x00000000000057cc      0x154 platform/libplatform_s.a(flash_otp_nv_counters_backend.o)
                0x00000000000057cc                init_otp_nv_counters_flash
 .text.tfm_plat_otp_get_size
                0x0000000000005920       0x34 platform/libplatform_s.a(otp_flash.o)
                0x0000000000005920                tfm_plat_otp_get_size
 .text.tfm_platform_hal_read_service
                0x0000000000005954       0x60 platform/libplatform_s.a(tfm_platform_hal_ioctl.o)
                0x0000000000005954                tfm_platform_hal_read_service
 .text.tfm_platform_hal_gpio_service
                0x00000000000059b4       0x88 platform/libplatform_s.a(tfm_platform_hal_ioctl.o)
                0x00000000000059b4                tfm_platform_hal_gpio_service
 .text.tfm_hal_output_spm_log
                0x0000000000005a3c        0x4 platform/libplatform_s.a(tfm_hal_spm_logdev_peripheral.o)
                0x0000000000005a3c                tfm_hal_output_spm_log
 .text.ARM_USART_GetCapabilities
                0x0000000000005a40        0x4 platform/libplatform_s.a(Driver_USART.o)
 .text.ARM_USART_Transfer
                0x0000000000005a44        0x6 platform/libplatform_s.a(Driver_USART.o)
 .text.ARM_USART_GetStatus
                0x0000000000005a4a        0xc platform/libplatform_s.a(Driver_USART.o)
 .text.ARM_USART_SetModemControl
                0x0000000000005a56        0x6 platform/libplatform_s.a(Driver_USART.o)
 .text.ARM_USART_GetModemStatus
                0x0000000000005a5c        0xc platform/libplatform_s.a(Driver_USART.o)
 .text.ARM_USART1_PowerControl
                0x0000000000005a68        0xc platform/libplatform_s.a(Driver_USART.o)
 .text.ARM_USART1_Send
                0x0000000000005a74        0x4 platform/libplatform_s.a(Driver_USART.o)
 .text.uart_config_set_uart_pins
                0x0000000000005a78       0x3c platform/libplatform_s.a(Driver_USART.o)
                0x0000000000005a78                uart_config_set_uart_pins
 .text.is_tx_ready
                0x0000000000005ab4       0x1a platform/libplatform_s.a(nrfx_uarte.o)
 .text.user_handler
                0x0000000000005ace       0x22 platform/libplatform_s.a(nrfx_uarte.o)
 .text.user_handler_on_rx_done
                0x0000000000005af0       0x28 platform/libplatform_s.a(nrfx_uarte.o)
 .text.disable_hw_from_rx
                0x0000000000005b18       0x24 platform/libplatform_s.a(nrfx_uarte.o)
 .text.disable_hw_from_tx
                0x0000000000005b3c       0x16 platform/libplatform_s.a(nrfx_uarte.o)
 .text.tx_prepare_start.isra.0
                0x0000000000005b52       0x7e platform/libplatform_s.a(nrfx_uarte.o)
 .text.ARM_Flash_GetCapabilities
                0x0000000000005bd0        0x4 platform/libplatform_s.a(Driver_Flash.o)
 .text.ARM_Flash_Initialize
                0x0000000000005bd4        0x4 platform/libplatform_s.a(Driver_Flash.o)
 .text.ARM_Flash_Unitialize
                0x0000000000005bd8        0x4 platform/libplatform_s.a(Driver_Flash.o)
 .text.ARM_Flash_ProgramData
                0x0000000000005bdc       0x28 platform/libplatform_s.a(Driver_Flash.o)
 .text.ARM_Flash_ReadData
                0x0000000000005c04       0x2c platform/libplatform_s.a(Driver_Flash.o)
 .text.mpu_armv8m_region_enable
                0x0000000000005c30       0x6a platform/libplatform_s.a(mpu_armv8m_drv.o)
                0x0000000000005c30                mpu_armv8m_region_enable
 .text.mpu_armv8m_region_disable
                0x0000000000005c9a       0x14 platform/libplatform_s.a(mpu_armv8m_drv.o)
                0x0000000000005c9a                mpu_armv8m_region_disable
 .text.mpu_armv8m_clean
                0x0000000000005cae       0x22 platform/libplatform_s.a(mpu_armv8m_drv.o)
                0x0000000000005cae                mpu_armv8m_clean
 .text.spu_regions_flash_get_base_address_in_region
                0x0000000000005cd0        0x4 platform/libplatform_s.a(spu.o)
                0x0000000000005cd0                spu_regions_flash_get_base_address_in_region
 .text.spu_regions_flash_get_last_address_in_region
                0x0000000000005cd4        0xa platform/libplatform_s.a(spu.o)
                0x0000000000005cd4                spu_regions_flash_get_last_address_in_region
 .text.spu_regions_flash_get_start_id
                0x0000000000005cde        0x4 platform/libplatform_s.a(spu.o)
                0x0000000000005cde                spu_regions_flash_get_start_id
 .text.spu_regions_flash_get_last_id
                0x0000000000005ce2        0x4 platform/libplatform_s.a(spu.o)
                0x0000000000005ce2                spu_regions_flash_get_last_id
 .text.spu_regions_flash_get_region_size
                0x0000000000005ce6        0x6 platform/libplatform_s.a(spu.o)
                0x0000000000005ce6                spu_regions_flash_get_region_size
 .text.spu_regions_sram_get_base_address_in_region
                0x0000000000005cec        0xa platform/libplatform_s.a(spu.o)
                0x0000000000005cec                spu_regions_sram_get_base_address_in_region
 .text.spu_regions_sram_get_start_id
                0x0000000000005cf6        0x4 platform/libplatform_s.a(spu.o)
                0x0000000000005cf6                spu_regions_sram_get_start_id
 .text.spu_regions_sram_get_last_id
                0x0000000000005cfa        0x4 platform/libplatform_s.a(spu.o)
                0x0000000000005cfa                spu_regions_sram_get_last_id
 .text.spu_regions_sram_get_region_size
                0x0000000000005cfe        0x6 platform/libplatform_s.a(spu.o)
                0x0000000000005cfe                spu_regions_sram_get_region_size
 .text.tfm_hal_system_halt
                0x0000000000005d04        0xc platform/libplatform_s.a(tfm_hal_reset_halt.o)
                0x0000000000005d04                tfm_hal_system_halt
 .text.tfm_plat_provisioning_is_required
                0x0000000000005d10        0x4 platform/libplatform_s.a(dummy_provisioning.o)
                0x0000000000005d10                tfm_plat_provisioning_is_required
 .text.tfm_plat_provisioning_perform
                0x0000000000005d14        0x4 platform/libplatform_s.a(dummy_provisioning.o)
                0x0000000000005d14                tfm_plat_provisioning_perform
 .text.tfm_plat_provisioning_check_for_dummy_keys
                0x0000000000005d18        0x2 platform/libplatform_s.a(dummy_provisioning.o)
                0x0000000000005d18                tfm_plat_provisioning_check_for_dummy_keys
 .text.hw_unique_key_are_any_written
                0x0000000000005d1a       0x16 platform/libplatform_s.a(hw_unique_key_cc3xx.o)
                0x0000000000005d1a                hw_unique_key_are_any_written
 .text.hw_unique_key_is_written
                0x0000000000005d30       0x1c platform/libplatform_s.a(hw_unique_key_cc3xx_kmu.o)
                0x0000000000005d30                hw_unique_key_is_written
 .text.tfm_platform_hal_ioctl
                0x0000000000005d4c       0x86 platform/libplatform_s.a(tfm_platform_system.o)
                0x0000000000005d4c                tfm_platform_hal_ioctl
 .text.tfm_hal_ps_fs_info
                0x0000000000005dd2       0x1c platform/libplatform_s.a(tfm_hal_ps.o)
                0x0000000000005dd2                tfm_hal_ps_fs_info
 .text.tfm_hal_its_fs_info
                0x0000000000005dee       0x1c platform/libplatform_s.a(tfm_hal_its.o)
                0x0000000000005dee                tfm_hal_its_fs_info
 .text.set_nv_counter_flash
                0x0000000000005e0a       0x3e platform/libplatform_s.a(nv_counters.o)
 .text.tfm_plat_init_nv_counter
                0x0000000000005e48        0x4 platform/libplatform_s.a(nv_counters.o)
                0x0000000000005e48                tfm_plat_init_nv_counter
 .text.tfm_plat_read_nv_counter
                0x0000000000005e4c       0x38 platform/libplatform_s.a(nv_counters.o)
                0x0000000000005e4c                tfm_plat_read_nv_counter
 .text.tfm_plat_set_nv_counter
                0x0000000000005e84       0x38 platform/libplatform_s.a(nv_counters.o)
                0x0000000000005e84                tfm_plat_set_nv_counter
 .text.tfm_plat_increment_nv_counter
                0x0000000000005ebc       0x26 platform/libplatform_s.a(nv_counters.o)
                0x0000000000005ebc                tfm_plat_increment_nv_counter
 .text.make_backup
                0x0000000000005ee2       0x26 platform/libplatform_s.a(flash_otp_nv_counters_backend.o)
 .text.tfm_plat_otp_init
                0x0000000000005f08        0x4 platform/libplatform_s.a(otp_flash.o)
                0x0000000000005f08                tfm_plat_otp_init
 .text.write_to_output
                0x0000000000005f0c       0x2c platform/libplatform_s.a(otp_flash.o)
 .text.tfm_plat_otp_read
                0x0000000000005f38       0x9e platform/libplatform_s.a(otp_flash.o)
                0x0000000000005f38                tfm_plat_otp_read
 .text.tfm_platform_hal_write32_service
                0x0000000000005fd6       0x2c platform/libplatform_s.a(tfm_platform_hal_ioctl.o)
                0x0000000000005fd6                tfm_platform_hal_write32_service
 *libtfm_spm*:(SORT_BY_ALIGNMENT(.text*))
 *fill*         0x0000000000006002        0x2 
 .text.spm_log_msgval
                0x0000000000006004       0x58 secure_fw/spm/libtfm_spm.a(spm_log.o)
                0x0000000000006004                spm_log_msgval
 .text.startup.main
                0x000000000000605c       0x80 secure_fw/spm/libtfm_spm.a(main.o)
                0x000000000000605c                main
 .text.SVC_Handler
                0x00000000000060dc       0x68 secure_fw/spm/libtfm_spm.a(tfm_arch_v8m_main.o)
                0x00000000000060dc                SVC_Handler
 .text.tfm_arch_set_secure_exception_priorities
                0x0000000000006144       0x28 secure_fw/spm/libtfm_spm.a(tfm_arch_v8m_main.o)
                0x0000000000006144                tfm_arch_set_secure_exception_priorities
 .text.tfm_arch_config_extensions
                0x000000000000616c       0x4c secure_fw/spm/libtfm_spm.a(tfm_arch_v8m_main.o)
                0x000000000000616c                tfm_arch_config_extensions
 .text.ns_agent_tz_main
                0x00000000000061b8       0x60 secure_fw/spm/libtfm_spm.a(ns_agent_tz_v80m.o)
                0x00000000000061b8                ns_agent_tz_main
 .text.tfm_hal_bind_boundary
                0x0000000000006218       0x78 secure_fw/spm/libtfm_spm.a(tfm_hal_isolation.o)
                0x0000000000006218                tfm_hal_bind_boundary
 .text.mpu_init_cfg
                0x0000000000006290      0x11c secure_fw/spm/libtfm_spm.a(tfm_hal_isolation.o)
                0x0000000000006290                mpu_init_cfg
 .text.SPU_Handler
                0x00000000000063ac       0x3c secure_fw/spm/libtfm_spm.a(faults.o)
                0x00000000000063ac                SPU_Handler
 .text.nrf_gpio_pin_control_select.constprop.0
                0x00000000000063e8       0x1c secure_fw/spm/libtfm_spm.a(target_cfg.o)
 .text.enable_fault_handlers
                0x0000000000006404       0x14 secure_fw/spm/libtfm_spm.a(target_cfg.o)
                0x0000000000006404                enable_fault_handlers
 .text.system_reset_cfg
                0x0000000000006418       0x18 secure_fw/spm/libtfm_spm.a(target_cfg.o)
                0x0000000000006418                system_reset_cfg
 .text.init_debug
                0x0000000000006430       0x28 secure_fw/spm/libtfm_spm.a(target_cfg.o)
                0x0000000000006430                init_debug
 .text.nvic_interrupt_target_state_cfg
                0x0000000000006458       0x40 secure_fw/spm/libtfm_spm.a(target_cfg.o)
                0x0000000000006458                nvic_interrupt_target_state_cfg
 .text.nvic_interrupt_enable
                0x0000000000006498       0x18 secure_fw/spm/libtfm_spm.a(target_cfg.o)
                0x0000000000006498                nvic_interrupt_enable
 .text.sau_and_idau_cfg
                0x00000000000064b0       0x20 secure_fw/spm/libtfm_spm.a(target_cfg.o)
                0x00000000000064b0                sau_and_idau_cfg
 .text.spu_init_cfg
                0x00000000000064d0       0x7c secure_fw/spm/libtfm_spm.a(target_cfg.o)
                0x00000000000064d0                spu_init_cfg
 .text.spu_periph_init_cfg
                0x000000000000654c       0x60 secure_fw/spm/libtfm_spm.a(target_cfg.o)
                0x000000000000654c                spu_periph_init_cfg
 .text.tfm_core_validate_boot_data
                0x00000000000065ac        0xc secure_fw/spm/libtfm_spm.a(tfm_boot_data.o)
                0x00000000000065ac                tfm_core_validate_boot_data
 .text.tfm_core_get_boot_data_handler
                0x00000000000065b8       0x38 secure_fw/spm/libtfm_spm.a(tfm_boot_data.o)
                0x00000000000065b8                tfm_core_get_boot_data_handler
 .text.tfm_spm_get_service_by_sid
                0x00000000000065f0       0x2c secure_fw/spm/libtfm_spm.a(spm_ipc.o)
                0x00000000000065f0                tfm_spm_get_service_by_sid
 .text.tfm_spm_check_authorization
                0x000000000000661c       0x48 secure_fw/spm/libtfm_spm.a(spm_ipc.o)
                0x000000000000661c                tfm_spm_check_authorization
 .text.spm_init_idle_connection
                0x0000000000006664       0x34 secure_fw/spm/libtfm_spm.a(spm_ipc.o)
                0x0000000000006664                spm_init_idle_connection
 .text.tfm_spm_partition_get_running_partition_id
                0x0000000000006698       0x1c secure_fw/spm/libtfm_spm.a(spm_ipc.o)
                0x0000000000006698                tfm_spm_partition_get_running_partition_id
 .text.tfm_spm_is_ns_caller
                0x00000000000066b4       0x28 secure_fw/spm/libtfm_spm.a(spm_ipc.o)
                0x00000000000066b4                tfm_spm_is_ns_caller
 .text.spm_get_idle_connection
                0x00000000000066dc       0x78 secure_fw/spm/libtfm_spm.a(spm_ipc.o)
                0x00000000000066dc                spm_get_idle_connection
 .text.tfm_spm_init
                0x0000000000006754       0x64 secure_fw/spm/libtfm_spm.a(spm_ipc.o)
                0x0000000000006754                tfm_spm_init
 .text.load_a_partition_assuredly
                0x00000000000067b8      0x10c secure_fw/spm/libtfm_spm.a(rom_loader.o)
                0x00000000000067b8                load_a_partition_assuredly
 .text.load_services_assuredly
                0x00000000000068c4       0xc4 secure_fw/spm/libtfm_spm.a(rom_loader.o)
                0x00000000000068c4                load_services_assuredly
 .text.partition_init
                0x0000000000006988       0x1c secure_fw/spm/libtfm_spm.a(backend_ipc.o)
 .text.ns_agent_tz_init
                0x00000000000069a4       0x2c secure_fw/spm/libtfm_spm.a(backend_ipc.o)
 .text.backend_init_comp_assuredly
                0x00000000000069d0       0xb4 secure_fw/spm/libtfm_spm.a(backend_ipc.o)
                0x00000000000069d0                backend_init_comp_assuredly
 .text.backend_system_run
                0x0000000000006a84       0x30 secure_fw/spm/libtfm_spm.a(backend_ipc.o)
                0x0000000000006a84                backend_system_run
 .text.backend_abi_entering_spm
                0x0000000000006ab4       0x44 secure_fw/spm/libtfm_spm.a(backend_ipc.o)
                0x0000000000006ab4                backend_abi_entering_spm
 .text.ipc_schedule
                0x0000000000006af8       0x98 secure_fw/spm/libtfm_spm.a(backend_ipc.o)
                0x0000000000006af8                ipc_schedule
 .text.spm_svc_handler
                0x0000000000006b90       0xb8 secure_fw/spm/libtfm_spm.a(tfm_svcalls.o)
                0x0000000000006b90                spm_svc_handler
 .text.thrd_set_query_callback
                0x0000000000006c48        0xc secure_fw/spm/libtfm_spm.a(thread.o)
                0x0000000000006c48                thrd_set_query_callback
 .text.thrd_next
                0x0000000000006c54       0x4c secure_fw/spm/libtfm_spm.a(thread.o)
                0x0000000000006c54                thrd_next
 .text.thrd_set_state
                0x0000000000006ca0       0x28 secure_fw/spm/libtfm_spm.a(thread.o)
                0x0000000000006ca0                thrd_set_state
 .text.thrd_start
                0x0000000000006cc8       0x44 secure_fw/spm/libtfm_spm.a(thread.o)
                0x0000000000006cc8                thrd_start
 .text.tz_ns_agent_register_client_id_range
                0x0000000000006d0c        0xc secure_fw/spm/libtfm_spm.a(tfm_spm_ns_ctx.o)
                0x0000000000006d0c                tz_ns_agent_register_client_id_range
 .text.tfm_nspm_get_current_client_id
                0x0000000000006d18       0x14 secure_fw/spm/libtfm_spm.a(tfm_spm_ns_ctx.o)
                0x0000000000006d18                tfm_nspm_get_current_client_id
 .text.tfm_nspm_ctx_init
                0x0000000000006d2c       0x18 secure_fw/spm/libtfm_spm.a(tfm_spm_ns_ctx.o)
                0x0000000000006d2c                tfm_nspm_ctx_init
 .text.connection_to_handle
                0x0000000000006d44       0x20 secure_fw/spm/libtfm_spm.a(spm_connection_pool.o)
                0x0000000000006d44                connection_to_handle
 .text.handle_to_connection
                0x0000000000006d64       0x10 secure_fw/spm/libtfm_spm.a(spm_connection_pool.o)
                0x0000000000006d64                handle_to_connection
 .text.spm_init_connection_space
                0x0000000000006d74       0x20 secure_fw/spm/libtfm_spm.a(spm_connection_pool.o)
                0x0000000000006d74                spm_init_connection_space
 .text.spm_allocate_connection
                0x0000000000006d94        0xc secure_fw/spm/libtfm_spm.a(spm_connection_pool.o)
                0x0000000000006d94                spm_allocate_connection
 .text.spm_validate_connection
                0x0000000000006da0       0x1c secure_fw/spm/libtfm_spm.a(spm_connection_pool.o)
                0x0000000000006da0                spm_validate_connection
 .text.spm_free_connection
                0x0000000000006dbc       0x1c secure_fw/spm/libtfm_spm.a(spm_connection_pool.o)
                0x0000000000006dbc                spm_free_connection
 .text.tfm_hal_get_ns_VTOR
                0x0000000000006dd8        0xc secure_fw/spm/libtfm_spm.a(tfm_hal_platform_common.o)
                0x0000000000006dd8                tfm_hal_get_ns_VTOR
 .text.tfm_hal_get_ns_MSP
                0x0000000000006de4        0xc secure_fw/spm/libtfm_spm.a(tfm_hal_platform_common.o)
                0x0000000000006de4                tfm_hal_get_ns_MSP
 .text.tfm_hal_get_ns_entry_point
                0x0000000000006df0        0xc secure_fw/spm/libtfm_spm.a(tfm_hal_platform_common.o)
                0x0000000000006df0                tfm_hal_get_ns_entry_point
 .text.arch_acquire_sched_lock
                0x0000000000006dfc       0x10 secure_fw/spm/libtfm_spm.a(tfm_arch.o)
                0x0000000000006dfc                arch_acquire_sched_lock
 .text.arch_release_sched_lock
                0x0000000000006e0c       0x14 secure_fw/spm/libtfm_spm.a(tfm_arch.o)
                0x0000000000006e0c                arch_release_sched_lock
 .text.arch_attempt_schedule
                0x0000000000006e20       0x2c secure_fw/spm/libtfm_spm.a(tfm_arch.o)
                0x0000000000006e20                arch_attempt_schedule
 .text.tfm_arch_init_context
                0x0000000000006e4c       0x5c secure_fw/spm/libtfm_spm.a(tfm_arch.o)
                0x0000000000006e4c                tfm_arch_init_context
 .text.tfm_spm_partition_psa_wait
                0x0000000000006ea8       0x3c secure_fw/spm/libtfm_spm.a(psa_api.o)
                0x0000000000006ea8                tfm_spm_partition_psa_wait
 .text.tfm_spm_partition_psa_get
                0x0000000000006ee4       0xb0 secure_fw/spm/libtfm_spm.a(psa_api.o)
                0x0000000000006ee4                tfm_spm_partition_psa_get
 .text.tfm_pool_alloc
                0x0000000000006f94       0x20 secure_fw/spm/libtfm_spm.a(tfm_pools.o)
                0x0000000000006f94                tfm_pool_alloc
 .text.is_valid_chunk_data_in_pool
                0x0000000000006fb4       0x38 secure_fw/spm/libtfm_spm.a(tfm_pools.o)
                0x0000000000006fb4                is_valid_chunk_data_in_pool
 .text.spm_associate_call_params
                0x0000000000006fec      0x18c secure_fw/spm/libtfm_spm.a(psa_call_api.o)
                0x0000000000006fec                spm_associate_call_params
 .text.tfm_spm_partition_psa_read
                0x0000000000007178       0x74 secure_fw/spm/libtfm_spm.a(psa_read_write_skip_api.o)
                0x0000000000007178                tfm_spm_partition_psa_read
 .text.tfm_spm_partition_psa_write
                0x00000000000071ec       0x78 secure_fw/spm/libtfm_spm.a(psa_read_write_skip_api.o)
                0x00000000000071ec                tfm_spm_partition_psa_write
 .text.tfm_core_panic
                0x0000000000007264        0x4 secure_fw/spm/libtfm_spm.a(utilities.o)
                0x0000000000007264                tfm_core_panic
 .text.tfm_arch_thread_fn_call
                0x0000000000007268       0x52 secure_fw/spm/libtfm_spm.a(tfm_arch_v8m_main.o)
                0x0000000000007268                tfm_arch_thread_fn_call
 .text.PendSV_Handler
                0x00000000000072ba       0x54 secure_fw/spm/libtfm_spm.a(tfm_arch_v8m_main.o)
                0x00000000000072ba                PendSV_Handler
 .text.tfm_arch_clear_fp_data
                0x000000000000730e       0x8a secure_fw/spm/libtfm_spm.a(tfm_arch_v8m_main.o)
                0x000000000000730e                tfm_arch_clear_fp_data
 .text.tfm_hal_activate_boundary
                0x0000000000007398       0x1c secure_fw/spm/libtfm_spm.a(tfm_hal_isolation.o)
                0x0000000000007398                tfm_hal_activate_boundary
 .text.tfm_hal_memory_check
                0x00000000000073b4      0x132 secure_fw/spm/libtfm_spm.a(tfm_hal_isolation.o)
                0x00000000000073b4                tfm_hal_memory_check
 .text.tfm_hal_set_up_static_boundaries
                0x00000000000074e6       0x2a secure_fw/spm/libtfm_spm.a(tfm_hal_isolation.o)
                0x00000000000074e6                tfm_hal_set_up_static_boundaries
 .text.tfm_hal_boundary_need_switch
                0x0000000000007510       0x1a secure_fw/spm/libtfm_spm.a(tfm_hal_isolation.o)
                0x0000000000007510                tfm_hal_boundary_need_switch
 .text.SPU_IRQHandler
                0x000000000000752a       0x1c secure_fw/spm/libtfm_spm.a(faults.o)
                0x000000000000752a                SPU_IRQHandler
 .text.spm_get_handle_by_signal
                0x0000000000007546       0x4a secure_fw/spm/libtfm_spm.a(spm_ipc.o)
                0x0000000000007546                spm_get_handle_by_signal
 .text.tfm_spm_check_client_version
                0x0000000000007590       0x24 secure_fw/spm/libtfm_spm.a(spm_ipc.o)
                0x0000000000007590                tfm_spm_check_client_version
 .text.spm_msg_handle_to_connection
                0x00000000000075b4       0x28 secure_fw/spm/libtfm_spm.a(spm_ipc.o)
                0x00000000000075b4                spm_msg_handle_to_connection
 .text.tfm_spm_get_client_id
                0x00000000000075dc       0x20 secure_fw/spm/libtfm_spm.a(spm_ipc.o)
                0x00000000000075dc                tfm_spm_get_client_id
 .text.update_caller_outvec_len
                0x00000000000075fc       0x1e secure_fw/spm/libtfm_spm.a(spm_ipc.o)
                0x00000000000075fc                update_caller_outvec_len
 .text.load_irqs_assuredly
                0x000000000000761a        0x2 secure_fw/spm/libtfm_spm.a(rom_loader.o)
                0x000000000000761a                load_irqs_assuredly
 .text.query_state
                0x000000000000761c       0x42 secure_fw/spm/libtfm_spm.a(backend_ipc.o)
 .text.backend_wait_signals
                0x000000000000765e       0x20 secure_fw/spm/libtfm_spm.a(backend_ipc.o)
                0x000000000000765e                backend_wait_signals
 .text.backend_assert_signal
                0x000000000000767e       0x2c secure_fw/spm/libtfm_spm.a(backend_ipc.o)
                0x000000000000767e                backend_assert_signal
 .text.backend_messaging
                0x00000000000076aa       0x40 secure_fw/spm/libtfm_spm.a(backend_ipc.o)
                0x00000000000076aa                backend_messaging
 .text.backend_replying
                0x00000000000076ea        0xa secure_fw/spm/libtfm_spm.a(backend_ipc.o)
                0x00000000000076ea                backend_replying
 .text.backend_abi_leaving_spm
                0x00000000000076f4       0x1e secure_fw/spm/libtfm_spm.a(backend_ipc.o)
                0x00000000000076f4                backend_abi_leaving_spm
 .text.thrd_start_scheduler
                0x0000000000007712       0x1c secure_fw/spm/libtfm_spm.a(thread.o)
                0x0000000000007712                thrd_start_scheduler
 .text.tfm_hal_platform_common_init
                0x000000000000772e       0x36 secure_fw/spm/libtfm_spm.a(tfm_hal_platform_common.o)
                0x000000000000772e                tfm_hal_platform_common_init
 .text.tfm_arch_free_msp_and_exc_ret
                0x0000000000007764        0xc secure_fw/spm/libtfm_spm.a(tfm_arch.o)
                0x0000000000007764                tfm_arch_free_msp_and_exc_ret
 .text.tfm_arch_set_context_ret_code
                0x0000000000007770        0x6 secure_fw/spm/libtfm_spm.a(tfm_arch.o)
                0x0000000000007770                tfm_arch_set_context_ret_code
 .text.tfm_arch_refresh_hardware_context
                0x0000000000007776       0x16 secure_fw/spm/libtfm_spm.a(tfm_arch.o)
                0x0000000000007776                tfm_arch_refresh_hardware_context
 .text.spm_handle_programmer_errors
                0x000000000000778c       0x18 secure_fw/spm/libtfm_spm.a(psa_api.o)
                0x000000000000778c                spm_handle_programmer_errors
 .text.tfm_spm_get_lifecycle_state
                0x00000000000077a4       0x40 secure_fw/spm/libtfm_spm.a(psa_api.o)
                0x00000000000077a4                tfm_spm_get_lifecycle_state
 .text.tfm_spm_partition_psa_reply
                0x00000000000077e4       0x9a secure_fw/spm/libtfm_spm.a(psa_api.o)
                0x00000000000077e4                tfm_spm_partition_psa_reply
 .text.tfm_spm_partition_psa_panic
                0x000000000000787e        0xc secure_fw/spm/libtfm_spm.a(psa_api.o)
                0x000000000000787e                tfm_spm_partition_psa_panic
 .text.tfm_pool_init
                0x000000000000788a       0x5c secure_fw/spm/libtfm_spm.a(tfm_pools.o)
                0x000000000000788a                tfm_pool_init
 .text.tfm_pool_free
                0x00000000000078e6       0x14 secure_fw/spm/libtfm_spm.a(tfm_pools.o)
                0x00000000000078e6                tfm_pool_free
 .text.tfm_spm_client_psa_call
                0x00000000000078fa       0x4e secure_fw/spm/libtfm_spm.a(psa_call_api.o)
                0x00000000000078fa                tfm_spm_client_psa_call
 .text.tfm_spm_client_psa_framework_version
                0x0000000000007948        0x6 secure_fw/spm/libtfm_spm.a(psa_version_api.o)
                0x0000000000007948                tfm_spm_client_psa_framework_version
 .text.tfm_spm_client_psa_version
                0x000000000000794e       0x2c secure_fw/spm/libtfm_spm.a(psa_version_api.o)
                0x000000000000794e                tfm_spm_client_psa_version
 .text.tfm_spm_partition_psa_skip
                0x000000000000797a       0x3c secure_fw/spm/libtfm_spm.a(psa_read_write_skip_api.o)
                0x000000000000797a                tfm_spm_partition_psa_skip
 *libplatform_s*:*(.rodata*)
 .rodata.CSWTCH.20
                0x00000000000079b6        0x4 platform/libplatform_s.a(system_nrf5340_application.o)
 .rodata.CSWTCH.8
                0x00000000000079ba        0x4 platform/libplatform_s.a(system_nrf5340_application.o)
 .rodata.CSWTCH.6
                0x00000000000079be        0x4 platform/libplatform_s.a(system_nrf5340_application.o)
 .rodata.store_and_dump_context.str1.1
                0x00000000000079c2       0x8b platform/libplatform_s.a(exception_info.o)
 *fill*         0x0000000000007a4d        0x3 
 .rodata.Driver_USART1
                0x0000000000007a50       0x38 platform/libplatform_s.a(Driver_USART.o)
                0x0000000000007a50                Driver_USART1
 .rodata.UART1_pins
                0x0000000000007a88       0x10 platform/libplatform_s.a(Driver_USART.o)
 .rodata.DriverVersion
                0x0000000000007a98        0x4 platform/libplatform_s.a(Driver_USART.o)
 *fill*         0x0000000000007a9c        0x4 
 .rodata.delay_machine_code.0
                0x0000000000007aa0        0x6 platform/libplatform_s.a(nrfx_uarte.o)
 *fill*         0x0000000000007aa6        0x2 
 .rodata.Driver_FLASH0
                0x0000000000007aa8       0x2c platform/libplatform_s.a(Driver_Flash.o)
                0x0000000000007aa8                Driver_FLASH0
 .rodata.FlashInfo
                0x0000000000007ad4       0x18 platform/libplatform_s.a(Driver_Flash.o)
 .rodata.nrf_exception_info_store_context.str1.1
                0x0000000000007aec       0x16 platform/libplatform_s.a(nrf_exception_info.o)
 .rodata.tfm_hal_platform_init.str1.1
                0x0000000000007b02       0x75 platform/libplatform_s.a(tfm_hal_platform.o)
 .rodata.hw_unique_key_write_random.str1.1
                0x0000000000007b77      0x137 platform/libplatform_s.a(hw_unique_key_cc3xx.o)
 .rodata.hw_unique_key_derive_key.str1.1
                0x0000000000007cae       0x46 platform/libplatform_s.a(hw_unique_key_cc3xx.o)
 .rodata.hw_unique_key_write.str1.1
                0x0000000000007cf4       0x34 platform/libplatform_s.a(hw_unique_key_cc3xx_kmu.o)
 .rodata.data_width_byte
                0x0000000000007d28        0xc platform/libplatform_s.a(flash_otp_nv_counters_backend.o)
 .rodata.ranges
                0x0000000000007d34       0x28 platform/libplatform_s.a(tfm_platform_hal_ioctl.o)
 *libtfm_spm*:*(.rodata*)
 .rodata.HEX_TABLE
                0x0000000000007d5c       0x10 secure_fw/spm/libtfm_spm.a(spm_log.o)
 .rodata.main.str1.1
                0x0000000000007d6c       0x8a secure_fw/spm/libtfm_spm.a(main.o)
 *fill*         0x0000000000007df6        0x2 
 .rodata.target_peripherals.0
                0x0000000000007df8       0xa4 secure_fw/spm/libtfm_spm.a(target_cfg.o)
 .rodata.memory_regions
                0x0000000000007e9c       0x1c secure_fw/spm/libtfm_spm.a(target_cfg.o)
                0x0000000000007e9c                memory_regions
 .rodata.serv_pool_ea
                0x0000000000007eb8        0x4 secure_fw/spm/libtfm_spm.a(rom_loader.o)
 .rodata.part_pool_ea
                0x0000000000007ebc        0x4 secure_fw/spm/libtfm_spm.a(rom_loader.o)
 .rodata.ldinf_ea
                0x0000000000007ec0        0x4 secure_fw/spm/libtfm_spm.a(rom_loader.o)
 .rodata.spm_svc_handler.str1.1
                0x0000000000007ec4       0x3b secure_fw/spm/libtfm_spm.a(tfm_svcalls.o)

.glue_7         0x0000000000007f00        0x0
 .glue_7        0x0000000000007f00        0x0 linker stubs

.glue_7t        0x0000000000007f00        0x0
 .glue_7t       0x0000000000007f00        0x0 linker stubs

.vfp11_veneer   0x0000000000007f00        0x0
 .vfp11_veneer  0x0000000000007f00        0x0 linker stubs

.v4_bx          0x0000000000007f00        0x0
 .v4_bx         0x0000000000007f00        0x0 linker stubs

.iplt           0x0000000000007f00        0x0
 .iplt          0x0000000000007f00        0x0 c:/ncs/toolchains/b620d30767/opt/zephyr-sdk/arm-zephyr-eabi/bin/../lib/gcc/arm-zephyr-eabi/12.2.0/thumb/v8-m.main+fp/hard/crtbegin.o

.psa_interface_thread_fn_call
                0x0000000000007f00       0xb0
 .psa_interface_thread_fn_call
                0x0000000000007f00       0xb0 secure_fw/partitions/lib/runtime/libtfm_sprt.a(psa_interface_thread_fn_call.o)
                0x0000000000007f00                psa_framework_version_thread_fn_call
                0x0000000000007f0c                psa_version_thread_fn_call
                0x0000000000007f18                tfm_psa_call_pack_thread_fn_call
                0x0000000000007f24                psa_wait_thread_fn_call
                0x0000000000007f30                psa_get_thread_fn_call
                0x0000000000007f3c                psa_read_thread_fn_call
                0x0000000000007f48                psa_skip_thread_fn_call
                0x0000000000007f54                psa_write_thread_fn_call
                0x0000000000007f60                psa_reply_thread_fn_call
                0x0000000000007f6c                psa_panic_thread_fn_call
                0x0000000000007f78                psa_rot_lifecycle_state_thread_fn_call

.TFM_UNPRIV_CODE
                0x0000000000007fc0     0xdc00
 *(SORT_BY_ALIGNMENT(.text*))
 .text          0x0000000000007fc0       0x88 c:/ncs/toolchains/b620d30767/opt/zephyr-sdk/arm-zephyr-eabi/bin/../lib/gcc/arm-zephyr-eabi/12.2.0/thumb/v8-m.main+fp/hard/crtbegin.o
 .text          0x0000000000008048       0x7c c:/ncs/toolchains/b620d30767/opt/zephyr-sdk/arm-zephyr-eabi/bin/../lib/gcc/arm-zephyr-eabi/12.2.0/../../../../arm-zephyr-eabi/lib/thumb/v8-m.main+fp/hard/crt0.o
                0x0000000000008048                _stack_init
                0x0000000000008050                _start
                0x0000000000008050                _mainCRTStartup
 .text.tfm_psa_framework_version_veneer
                0x00000000000080c4       0x24 secure_fw/CMakeFiles/tfm_s.dir/partitions/ns_agent_tz/psa_api_veneers_v80m.o
                0x00000000000080c4                __acle_se_tfm_psa_framework_version_veneer
 .text.tfm_psa_version_veneer
                0x00000000000080e8       0x24 secure_fw/CMakeFiles/tfm_s.dir/partitions/ns_agent_tz/psa_api_veneers_v80m.o
                0x00000000000080e8                __acle_se_tfm_psa_version_veneer
 .text.tfm_psa_call_veneer
                0x000000000000810c       0x2c secure_fw/CMakeFiles/tfm_s.dir/partitions/ns_agent_tz/psa_api_veneers_v80m.o
                0x000000000000810c                __acle_se_tfm_psa_call_veneer
 .text.tfm_psa_connect_veneer
                0x0000000000008138       0x1c secure_fw/CMakeFiles/tfm_s.dir/partitions/ns_agent_tz/psa_api_veneers_v80m.o
                0x0000000000008138                __acle_se_tfm_psa_connect_veneer
 .text.tfm_psa_close_veneer
                0x0000000000008154       0x14 secure_fw/CMakeFiles/tfm_s.dir/partitions/ns_agent_tz/psa_api_veneers_v80m.o
                0x0000000000008154                __acle_se_tfm_psa_close_veneer
 .text.psa_framework_version
                0x0000000000008168       0x10 secure_fw/partitions/lib/runtime/libtfm_sprt.a(psa_api_ipc.o)
                0x0000000000008168                psa_framework_version